[UAT root @ kycndsmwu02 ~]
# cat /etc/udev/rules.d/99-oracle.rules |grep -i emcpoweraaa
[UAT root @ kycndsmwu02 ~]
# cat /etc/udev/rules.d/99-oracle.rules |grep -i emcpoweraab
[UAT root @ kycndsmwu02 ~]
# cat /etc/udev/rules.d/99-oracle.rules |grep -i emcpoweraac
[UAT root @ kycndsmwu02 ~]
# cat /etc/udev/rules.d/99-oracle.rules |grep -i emcpoweraad
[UAT root @ kycndsmwu02 ~]
# cat /etc/udev/rules.d/99-oracle.rules |grep -i emcpoweraa
KERNEL=="emcpoweraa1", OWNER="oracle", GROUP="dba", MODE="640"
[UAT root @ kycndsmwu02 ~]
# cat /etc/redhat-release 
Red Hat Enterprise Linux Server release 5.11 (Tikanga)
[UAT root @ kycndsmwu02 ~]
# fdisk -l /dev/emcpoweraaa

Disk /dev/emcpoweraaa: 289.6 GB, 289627176960 bytes
255 heads, 63 sectors/track, 35211 cylinders
Units = cylinders of 16065 * 512 = 8225280 bytes

Disk /dev/emcpoweraaa doesn't contain a valid partition table
[UAT root @ kycndsmwu02 ~]
# fdisk -l /dev/emcpoweraab

Disk /dev/emcpoweraab: 289.6 GB, 289627176960 bytes
255 heads, 63 sectors/track, 35211 cylinders
Units = cylinders of 16065 * 512 = 8225280 bytes

Disk /dev/emcpoweraab doesn't contain a valid partition table
[UAT root @ kycndsmwu02 ~]
# fdisk -l /dev/emcpoweraac

Disk /dev/emcpoweraac: 289.6 GB, 289627176960 bytes
255 heads, 63 sectors/track, 35211 cylinders
Units = cylinders of 16065 * 512 = 8225280 bytes

Disk /dev/emcpoweraac doesn't contain a valid partition table
[UAT root @ kycndsmwu02 ~]
# fdisk -l /dev/emcpoweraad

Disk /dev/emcpoweraad: 289.6 GB, 289627176960 bytes
255 heads, 63 sectors/track, 35211 cylinders
Units = cylinders of 16065 * 512 = 8225280 bytes

Disk /dev/emcpoweraad doesn't contain a valid partition table
[UAT root @ kycndsmwu02 ~]
# cp -p /etc/udev/rules.d/99-oracle.rules /etc/udev/rules.d/99-oracle.rules_REQU0004050797
[UAT root @ kycndsmwu02 ~]
# fdisk -l /dev/emcpoweraaa

Disk /dev/emcpoweraaa: 289.6 GB, 289627176960 bytes
255 heads, 63 sectors/track, 35211 cylinders
Units = cylinders of 16065 * 512 = 8225280 bytes

Disk /dev/emcpoweraaa doesn't contain a valid partition table
[UAT root @ kycndsmwu02 ~]
# fdisk -l /dev/emcpoweraaa

Disk /dev/emcpoweraaa: 289.6 GB, 289627176960 bytes
255 heads, 63 sectors/track, 35211 cylinders
Units = cylinders of 16065 * 512 = 8225280 bytes

Disk /dev/emcpoweraaa doesn't contain a valid partition table
[UAT root @ kycndsmwu02 ~]
# fdisk -l /dev/emcpoweraaa

Disk /dev/emcpoweraaa: 289.6 GB, 289627176960 bytes
255 heads, 63 sectors/track, 35211 cylinders
Units = cylinders of 16065 * 512 = 8225280 bytes

Disk /dev/emcpoweraaa doesn't contain a valid partition table
[UAT root @ kycndsmwu02 ~]
# fdisk -l /dev/emcpoweraab

Disk /dev/emcpoweraab: 289.6 GB, 289627176960 bytes
255 heads, 63 sectors/track, 35211 cylinders
Units = cylinders of 16065 * 512 = 8225280 bytes

Disk /dev/emcpoweraab doesn't contain a valid partition table
[UAT root @ kycndsmwu02 ~]
# partprobe 
[UAT root @ kycndsmwu02 ~]
# fdisk -l /dev/emcpoweraab

Disk /dev/emcpoweraab: 289.6 GB, 289627176960 bytes
255 heads, 63 sectors/track, 35211 cylinders
Units = cylinders of 16065 * 512 = 8225280 bytes

Disk /dev/emcpoweraab doesn't contain a valid partition table
[UAT root @ kycndsmwu02 ~]
# fdisk -l /dev/emcpoweraaa

Disk /dev/emcpoweraaa: 289.6 GB, 289627176960 bytes
255 heads, 63 sectors/track, 35211 cylinders
Units = cylinders of 16065 * 512 = 8225280 bytes

Disk /dev/emcpoweraaa doesn't contain a valid partition table
[UAT root @ kycndsmwu02 ~]
# /net/ccuaweb3/export/scripts/jc38549/script/free_disk.sh
==========================
SAN DETAILS FOR kycndsmwu02
==========================
Total Number of SAN disks (includes R2/BCV disk count) : 516
R2 + BCV Disk count = 0 (0 + 0)
Total SAN space  : 62281GB
6 x 1104000KB
191 x 282839040KB
319 x 35354880KB
ACTIVE LVM DISKS  : 42
ASM DISKS  : 244

Disk different is 230 

This node is in powerpath, Please wait until data is being fetched
------------------------------------------------------------------

       Free disk                  Size
-------------------------------------------------------------------
/dev/emcpoweraaa    269.74 GB
/dev/emcpoweraab    269.74 GB
/dev/emcpoweraac    269.74 GB
/dev/emcpoweraad1    269.73 GB
/dev/emcpoweraae    269.74 GB
/dev/emcpoweraaf    269.74 GB
/dev/emcpoweraag    269.74 GB
/dev/emcpoweraah    269.74 GB
/dev/emcpoweraai    269.74 GB
/dev/emcpoweraaj    269.74 GB
/dev/emcpoweraak    269.74 GB
/dev/emcpoweraal    269.74 GB
/dev/emcpoweraam    269.74 GB
/dev/emcpoweraan    269.74 GB
/dev/emcpoweraao    269.74 GB
/dev/emcpoweraap    269.74 GB
/dev/emcpoweraaq    269.74 GB
/dev/emcpoweraar    269.74 GB
/dev/emcpoweraas    269.74 GB
/dev/emcpoweraat    269.74 GB
/dev/emcpoweraau    269.74 GB
/dev/emcpoweraav    269.74 GB
/dev/emcpoweraaw    269.74 GB
/dev/emcpoweraax    269.74 GB
/dev/emcpoweraay    269.74 GB
/dev/emcpoweraaz    269.74 GB
/dev/emcpoweraba    269.74 GB
/dev/emcpowerabb    269.74 GB
/dev/emcpowerabc    269.74 GB
/dev/emcpowerabd    269.74 GB
/dev/emcpowerabe    269.74 GB
/dev/emcpowerabf    269.74 GB
/dev/emcpowerabg    269.74 GB
/dev/emcpowerabh    269.74 GB
/dev/emcpowerabi    269.74 GB
/dev/emcpowerabj    269.74 GB
/dev/emcpowerabk    269.74 GB
/dev/emcpowerabl    269.74 GB
/dev/emcpowerabm    269.74 GB
/dev/emcpowerabn    269.74 GB
/dev/emcpowerabo    269.74 GB
/dev/emcpowerabp    269.74 GB
/dev/emcpowerabq    269.74 GB
/dev/emcpowerabr    269.74 GB
/dev/emcpowerabs    269.74 GB
/dev/emcpowerabt    269.74 GB
/dev/emcpowerabu    269.74 GB
/dev/emcpowerabv    269.74 GB
/dev/emcpowerabw    269.74 GB
/dev/emcpowerabx    269.74 GB
/dev/emcpoweraby    269.74 GB
/dev/emcpowerabz    269.74 GB
/dev/emcpoweraca    269.74 GB
/dev/emcpoweracb    269.74 GB
/dev/emcpoweracc    269.74 GB
/dev/emcpoweracd    269.74 GB
/dev/emcpowerace    269.74 GB
/dev/emcpoweracf    269.74 GB
/dev/emcpoweracg    269.74 GB
/dev/emcpowerach    269.74 GB
/dev/emcpoweraci    269.74 GB
/dev/emcpoweracj    269.74 GB
/dev/emcpowerack    269.74 GB
/dev/emcpoweracl    269.74 GB
/dev/emcpoweracm    269.74 GB
/dev/emcpoweracn    269.74 GB
/dev/emcpoweraco    269.74 GB
/dev/emcpoweracp    269.74 GB
/dev/emcpoweracq    269.74 GB
/dev/emcpoweracr    269.74 GB
/dev/emcpoweracs    269.74 GB
/dev/emcpoweract    269.74 GB
/dev/emcpoweracu    269.74 GB
/dev/emcpoweracv    269.74 GB
/dev/emcpoweracw    269.74 GB
/dev/emcpoweracx    269.74 GB
/dev/emcpoweracy    269.74 GB
/dev/emcpoweracz    269.74 GB
/dev/emcpowerada    269.74 GB
/dev/emcpoweradb    269.74 GB
/dev/emcpoweradc    269.74 GB
/dev/emcpoweradd    269.74 GB
/dev/emcpowerade    269.74 GB
/dev/emcpoweradf    269.74 GB
/dev/emcpoweradg    269.74 GB
/dev/emcpoweradh    269.74 GB
/dev/emcpoweradi    269.74 GB
/dev/emcpoweradj    269.74 GB
/dev/emcpoweradk    269.74 GB
/dev/emcpoweradl    269.74 GB
/dev/emcpoweradm    269.74 GB
/dev/emcpoweradn    269.74 GB
/dev/emcpowerado    269.74 GB
/dev/emcpoweradp    269.74 GB
/dev/emcpoweradq    269.74 GB
/dev/emcpoweradr    269.74 GB
/dev/emcpowerads    269.74 GB
/dev/emcpoweradt    269.74 GB
/dev/emcpoweradu    269.74 GB
/dev/emcpoweradv    269.74 GB
/dev/emcpoweradw    269.74 GB
/dev/emcpoweradx    269.74 GB
/dev/emcpowerady    269.74 GB
/dev/emcpoweradz    269.74 GB
/dev/emcpoweraea    269.74 GB
/dev/emcpoweraeb    269.74 GB
/dev/emcpoweraec    269.74 GB
/dev/emcpoweraed    269.74 GB
/dev/emcpoweraee    269.74 GB
/dev/emcpoweraef    269.74 GB
/dev/emcpoweraeg    269.74 GB
/dev/emcpoweraeh    269.74 GB
/dev/emcpoweraei    269.74 GB
/dev/emcpoweraej    269.74 GB
/dev/emcpoweraek    269.74 GB
/dev/emcpowerael    269.74 GB
/dev/emcpoweraem    269.74 GB
/dev/emcpoweraen    269.74 GB
/dev/emcpoweraeo    269.74 GB
/dev/emcpoweraep    269.74 GB
/dev/emcpoweraeq    269.74 GB
/dev/emcpoweraer    269.74 GB
/dev/emcpoweraes    269.74 GB
/dev/emcpoweraet    269.74 GB
/dev/emcpoweraeu    269.74 GB
/dev/emcpoweraev    269.74 GB
/dev/emcpoweraew    269.74 GB
/dev/emcpoweraex    269.74 GB
/dev/emcpoweraey    269.74 GB
/dev/emcpoweraez    269.74 GB
/dev/emcpowerafg    269.74 GB
/dev/emcpowerafh    269.74 GB
/dev/emcpowerafi    269.74 GB
/dev/emcpowerdo    33.72 GB
/dev/emcpowerdp    33.72 GB
/dev/emcpowerdr    33.72 GB
/dev/emcpowerds    33.72 GB
/dev/emcpowerdt    33.72 GB
/dev/emcpowerdu    33.72 GB
/dev/emcpowerdv    33.72 GB
/dev/emcpowerdw    33.72 GB
/dev/emcpowerdy    33.72 GB
/dev/emcpowerdz    33.72 GB
/dev/emcpowerea    33.72 GB
/dev/emcpowereb    33.72 GB
/dev/emcpowerec    33.72 GB
/dev/emcpowered    33.72 GB
/dev/emcpoweree    33.72 GB
/dev/emcpoweref    33.72 GB
/dev/emcpowereg    33.72 GB
/dev/emcpowereh    33.72 GB
/dev/emcpowerei    33.72 GB
/dev/emcpowerej    33.72 GB
/dev/emcpowerek    33.72 GB
/dev/emcpowerel    33.72 GB
/dev/emcpowerem    33.72 GB
/dev/emcpoweren    33.72 GB
/dev/emcpowereo    33.72 GB
/dev/emcpowerep    33.72 GB
/dev/emcpowereq    33.72 GB
/dev/emcpowerer    33.72 GB
/dev/emcpoweres    33.72 GB
/dev/emcpoweret    33.72 GB
/dev/emcpowereu    33.72 GB
/dev/emcpowerev    33.72 GB
/dev/emcpowerew    33.72 GB
/dev/emcpowerex    33.72 GB
/dev/emcpowerey    33.72 GB
/dev/emcpowerez    33.72 GB
/dev/emcpowerfa    33.72 GB
/dev/emcpowerfb    33.72 GB
/dev/emcpowerfc    33.72 GB
/dev/emcpowerfd    33.72 GB
/dev/emcpowerfe    33.72 GB
/dev/emcpowerff    33.72 GB
/dev/emcpowerfg    33.72 GB
/dev/emcpowerfh    33.72 GB
/dev/emcpowerya    269.74 GB
/dev/emcpoweryb    269.74 GB
/dev/emcpoweryc    269.74 GB
/dev/emcpoweryd    269.74 GB
/dev/emcpowerye    269.74 GB
/dev/emcpoweryf    269.74 GB
/dev/emcpoweryg    269.74 GB
/dev/emcpoweryh    269.74 GB
/dev/emcpoweryi    269.74 GB
/dev/emcpoweryj    269.74 GB
/dev/emcpoweryk    269.74 GB
/dev/emcpoweryl    269.74 GB
/dev/emcpowerym    269.74 GB
/dev/emcpoweryn    269.74 GB
/dev/emcpoweryo    269.74 GB
/dev/emcpoweryp    269.74 GB
/dev/emcpoweryq    269.74 GB
/dev/emcpoweryr    269.74 GB
/dev/emcpowerys    269.74 GB
/dev/emcpoweryt    269.74 GB
/dev/emcpoweryu    269.74 GB
/dev/emcpoweryv    269.74 GB
/dev/emcpoweryw    269.74 GB
/dev/emcpoweryx    269.74 GB
/dev/emcpoweryy    269.74 GB
/dev/emcpoweryz    269.74 GB
/dev/emcpowerza    269.74 GB
/dev/emcpowerzb    269.74 GB
/dev/emcpowerzc    269.74 GB
/dev/emcpowerzd    269.74 GB
/dev/emcpowerze    269.74 GB
/dev/emcpowerzf    269.74 GB
/dev/emcpowerzg    269.74 GB
/dev/emcpowerzh    269.74 GB
/dev/emcpowerzi    269.74 GB
/dev/emcpowerzj    269.74 GB
/dev/emcpowerzk    269.74 GB
/dev/emcpowerzl    269.74 GB
/dev/emcpowerzm    269.74 GB
/dev/emcpowerzn    269.74 GB
/dev/emcpowerzo    269.74 GB
/dev/emcpowerzp    269.74 GB
/dev/emcpowerzq    269.74 GB
/dev/emcpowerzr    269.74 GB
/dev/emcpowerzs    269.74 GB
/dev/emcpowerzt    269.74 GB
/dev/emcpowerzu    269.74 GB
/dev/emcpowerzv    269.74 GB
/dev/emcpowerzw1    269.73 GB
/dev/emcpowerzx1    269.73 GB
/dev/emcpowerzy1    269.73 GB
/dev/emcpowerzz    269.74 GB
----------------------------
  Total SAN space  : 62281GB

[UAT root @ kycndsmwu02 ~]
# 
[UAT root @ kycndsmwu02 ~]
# 
[UAT root @ kycndsmwu02 ~]
# cd /opt/SANinfo/bin/
[UAT root @ kycndsmwu02 /opt/SANinfo/bin]
# ls
fgrep.file  inq.linux.32bit  inq.LinuxIA64   linuxMkDev.csh  osdevlist      sandevlist  sanstack_collect  typescript
inq         inq.LinuxAMD64   inq.LinuxPPC64  Old             sanarray_bits  sanlblchk   sanstack_verify   veritas_check
[UAT root @ kycndsmwu02 /opt/SANinfo/bin]
# ./sandevlist |grep -i R500
/dev/emcpowera :HITACHI : 0: 0: 0 40004: 4849544143484920523530303943343432303030: 4849544143484920523530303943343432303030: R500
/dev/sda :HITACHI : 0: 0: 0 40004: 4849544143484920523530303943343432303030: 4849544143484920523530303943343432303030: R500
/dev/sdsw :HITACHI : 0: 2: 0 40004: 4849544143484920523530303943343432303030: 4849544143484920523530303943343432303030: R500
/dev/emcpowerb :HITACHI : 0: 0: 1 40004: 4849544143484920523530303943343432303031: 4849544143484920523530303943343432303031: R500
/dev/sdb :HITACHI : 0: 0: 1 40004: 4849544143484920523530303943343432303031: 4849544143484920523530303943343432303031: R500
/dev/sdsx :HITACHI : 0: 2: 1 40004: 4849544143484920523530303943343432303031: 4849544143484920523530303943343432303031: R500
/dev/emcpowerc :HITACHI : 0: 0: 2 40004: 4849544143484920523530303943343432303032: 4849544143484920523530303943343432303032: R500
/dev/sdc :HITACHI : 0: 0: 2 40004: 4849544143484920523530303943343432303032: 4849544143484920523530303943343432303032: R500
/dev/sdsy :HITACHI : 0: 2: 2 40004: 4849544143484920523530303943343432303032: 4849544143484920523530303943343432303032: R500
/dev/emcpowerd :HITACHI : 0: 0: 3 40004: 4849544143484920523530303943343432303033: 4849544143484920523530303943343432303033: R500
/dev/sdd :HITACHI : 0: 0: 3 40004: 4849544143484920523530303943343432303033: 4849544143484920523530303943343432303033: R500
/dev/sdsz :HITACHI : 0: 2: 3 40004: 4849544143484920523530303943343432303033: 4849544143484920523530303943343432303033: R500
/dev/emcpowere :HITACHI : 0: 0: 4 40004: 4849544143484920523530303943343432303034: 4849544143484920523530303943343432303034: R500
/dev/sde :HITACHI : 0: 0: 4 40004: 4849544143484920523530303943343432303034: 4849544143484920523530303943343432303034: R500
/dev/sdta :HITACHI : 0: 2: 4 40004: 4849544143484920523530303943343432303034: 4849544143484920523530303943343432303034: R500
/dev/emcpowerf :HITACHI : 0: 0: 5 40004: 4849544143484920523530303943343432303035: 4849544143484920523530303943343432303035: R500
/dev/sdf :HITACHI : 0: 0: 5 40004: 4849544143484920523530303943343432303035: 4849544143484920523530303943343432303035: R500
/dev/sdtb :HITACHI : 0: 2: 5 40004: 4849544143484920523530303943343432303035: 4849544143484920523530303943343432303035: R500
/dev/emcpowerg :HITACHI : 0: 0: 6 40004: 4849544143484920523530303943343432303036: 4849544143484920523530303943343432303036: R500
/dev/sdg :HITACHI : 0: 0: 6 40004: 4849544143484920523530303943343432303036: 4849544143484920523530303943343432303036: R500
/dev/sdtc :HITACHI : 0: 2: 6 40004: 4849544143484920523530303943343432303036: 4849544143484920523530303943343432303036: R500
/dev/emcpowerh :HITACHI : 0: 0: 7 40004: 4849544143484920523530303943343432303037: 4849544143484920523530303943343432303037: R500
/dev/sdh :HITACHI : 0: 0: 7 40004: 4849544143484920523530303943343432303037: 4849544143484920523530303943343432303037: R500
/dev/sdtd :HITACHI : 0: 2: 7 40004: 4849544143484920523530303943343432303037: 4849544143484920523530303943343432303037: R500
/dev/emcpoweri :HITACHI : 0: 0: 8 40004: 4849544143484920523530303943343432303038: 4849544143484920523530303943343432303038: R500
/dev/sdi :HITACHI : 0: 0: 8 40004: 4849544143484920523530303943343432303038: 4849544143484920523530303943343432303038: R500
/dev/sdte :HITACHI : 0: 2: 8 40004: 4849544143484920523530303943343432303038: 4849544143484920523530303943343432303038: R500
/dev/emcpowerj :HITACHI : 0: 0: 9 40004: 4849544143484920523530303943343432303039: 4849544143484920523530303943343432303039: R500
/dev/sdj :HITACHI : 0: 0: 9 40004: 4849544143484920523530303943343432303039: 4849544143484920523530303943343432303039: R500
/dev/sdtf :HITACHI : 0: 2: 9 40004: 4849544143484920523530303943343432303039: 4849544143484920523530303943343432303039: R500
/dev/emcpowerk :HITACHI : 0: 0: a 40004: 4849544143484920523530303943343432303041: 4849544143484920523530303943343432303041: R500
/dev/sdk :HITACHI : 0: 0: a 40004: 4849544143484920523530303943343432303041: 4849544143484920523530303943343432303041: R500
/dev/sdtg :HITACHI : 0: 2: a 40004: 4849544143484920523530303943343432303041: 4849544143484920523530303943343432303041: R500
/dev/emcpowerl :HITACHI : 0: 0: b 40004: 4849544143484920523530303943343432303042: 4849544143484920523530303943343432303042: R500
/dev/sdl :HITACHI : 0: 0: b 40004: 4849544143484920523530303943343432303042: 4849544143484920523530303943343432303042: R500
/dev/sdth :HITACHI : 0: 2: b 40004: 4849544143484920523530303943343432303042: 4849544143484920523530303943343432303042: R500
/dev/emcpowerm :HITACHI : 0: 0: c 40004: 4849544143484920523530303943343432303043: 4849544143484920523530303943343432303043: R500
/dev/sdm :HITACHI : 0: 0: c 40004: 4849544143484920523530303943343432303043: 4849544143484920523530303943343432303043: R500
/dev/sdti :HITACHI : 0: 2: c 40004: 4849544143484920523530303943343432303043: 4849544143484920523530303943343432303043: R500
/dev/emcpowern :HITACHI : 0: 0: d 40004: 4849544143484920523530303943343432303044: 4849544143484920523530303943343432303044: R500
/dev/sdn :HITACHI : 0: 0: d 40004: 4849544143484920523530303943343432303044: 4849544143484920523530303943343432303044: R500
/dev/sdtj :HITACHI : 0: 2: d 40004: 4849544143484920523530303943343432303044: 4849544143484920523530303943343432303044: R500
/dev/emcpowero :HITACHI : 0: 0: e 40004: 4849544143484920523530303943343432303045: 4849544143484920523530303943343432303045: R500
/dev/sdo :HITACHI : 0: 0: e 40004: 4849544143484920523530303943343432303045: 4849544143484920523530303943343432303045: R500
/dev/sdtk :HITACHI : 0: 2: e 40004: 4849544143484920523530303943343432303045: 4849544143484920523530303943343432303045: R500
/dev/emcpowerp :HITACHI : 0: 0: f 40004: 4849544143484920523530303943343432303046: 4849544143484920523530303943343432303046: R500
/dev/sdp :HITACHI : 0: 0: f 40004: 4849544143484920523530303943343432303046: 4849544143484920523530303943343432303046: R500
/dev/sdtl :HITACHI : 0: 2: f 40004: 4849544143484920523530303943343432303046: 4849544143484920523530303943343432303046: R500
/dev/emcpowerq :HITACHI : 0: 0: 10 40004: 4849544143484920523530303943343432303130: 4849544143484920523530303943343432303130: R500
/dev/sdq :HITACHI : 0: 0: 10 40004: 4849544143484920523530303943343432303130: 4849544143484920523530303943343432303130: R500
/dev/sdtm :HITACHI : 0: 2: 10 40004: 4849544143484920523530303943343432303130: 4849544143484920523530303943343432303130: R500
/dev/emcpowerr :HITACHI : 0: 0: 11 40004: 4849544143484920523530303943343432303131: 4849544143484920523530303943343432303131: R500
/dev/sdr :HITACHI : 0: 0: 11 40004: 4849544143484920523530303943343432303131: 4849544143484920523530303943343432303131: R500
/dev/sdtn :HITACHI : 0: 2: 11 40004: 4849544143484920523530303943343432303131: 4849544143484920523530303943343432303131: R500
/dev/emcpowers :HITACHI : 0: 0: 12 40004: 4849544143484920523530303943343432303132: 4849544143484920523530303943343432303132: R500
/dev/sds :HITACHI : 0: 0: 12 40004: 4849544143484920523530303943343432303132: 4849544143484920523530303943343432303132: R500
/dev/sdto :HITACHI : 0: 2: 12 40004: 4849544143484920523530303943343432303132: 4849544143484920523530303943343432303132: R500
/dev/emcpowert :HITACHI : 0: 0: 13 40004: 4849544143484920523530303943343432303133: 4849544143484920523530303943343432303133: R500
/dev/sdt :HITACHI : 0: 0: 13 40004: 4849544143484920523530303943343432303133: 4849544143484920523530303943343432303133: R500
/dev/sdtp :HITACHI : 0: 2: 13 40004: 4849544143484920523530303943343432303133: 4849544143484920523530303943343432303133: R500
/dev/emcpoweru :HITACHI : 0: 0: 14 40004: 4849544143484920523530303943343432303134: 4849544143484920523530303943343432303134: R500
/dev/sdtq :HITACHI : 0: 2: 14 40004: 4849544143484920523530303943343432303134: 4849544143484920523530303943343432303134: R500
/dev/sdu :HITACHI : 0: 0: 14 40004: 4849544143484920523530303943343432303134: 4849544143484920523530303943343432303134: R500
/dev/emcpowerv :HITACHI : 0: 0: 15 40004: 4849544143484920523530303943343432303135: 4849544143484920523530303943343432303135: R500
/dev/sdtr :HITACHI : 0: 2: 15 40004: 4849544143484920523530303943343432303135: 4849544143484920523530303943343432303135: R500
/dev/sdv :HITACHI : 0: 0: 15 40004: 4849544143484920523530303943343432303135: 4849544143484920523530303943343432303135: R500
/dev/emcpowerw :HITACHI : 0: 0: 16 40004: 4849544143484920523530303943343432303136: 4849544143484920523530303943343432303136: R500
/dev/sdts :HITACHI : 0: 2: 16 40004: 4849544143484920523530303943343432303136: 4849544143484920523530303943343432303136: R500
/dev/sdw :HITACHI : 0: 0: 16 40004: 4849544143484920523530303943343432303136: 4849544143484920523530303943343432303136: R500
/dev/emcpowerx :HITACHI : 0: 0: 17 40004: 4849544143484920523530303943343432303137: 4849544143484920523530303943343432303137: R500
/dev/sdtt :HITACHI : 0: 2: 17 40004: 4849544143484920523530303943343432303137: 4849544143484920523530303943343432303137: R500
/dev/sdx :HITACHI : 0: 0: 17 40004: 4849544143484920523530303943343432303137: 4849544143484920523530303943343432303137: R500
/dev/emcpowery :HITACHI : 0: 0: 18 40004: 4849544143484920523530303943343432303138: 4849544143484920523530303943343432303138: R500
/dev/sdtu :HITACHI : 0: 2: 18 40004: 4849544143484920523530303943343432303138: 4849544143484920523530303943343432303138: R500
/dev/sdy :HITACHI : 0: 0: 18 40004: 4849544143484920523530303943343432303138: 4849544143484920523530303943343432303138: R500
/dev/emcpowerz :HITACHI : 0: 0: 19 40004: 4849544143484920523530303943343432303139: 4849544143484920523530303943343432303139: R500
/dev/sdtv :HITACHI : 0: 2: 19 40004: 4849544143484920523530303943343432303139: 4849544143484920523530303943343432303139: R500
/dev/sdz :HITACHI : 0: 0: 19 40004: 4849544143484920523530303943343432303139: 4849544143484920523530303943343432303139: R500
/dev/emcpoweraa :HITACHI : 0: 0: 1a 40004: 4849544143484920523530303943343432303141: 4849544143484920523530303943343432303141: R500
/dev/sdaa :HITACHI : 0: 0: 1a 40004: 4849544143484920523530303943343432303141: 4849544143484920523530303943343432303141: R500
/dev/sdtw :HITACHI : 0: 2: 1a 40004: 4849544143484920523530303943343432303141: 4849544143484920523530303943343432303141: R500
/dev/emcpowerab :HITACHI : 0: 0: 1b 40004: 4849544143484920523530303943343432303142: 4849544143484920523530303943343432303142: R500
/dev/sdab :HITACHI : 0: 0: 1b 40004: 4849544143484920523530303943343432303142: 4849544143484920523530303943343432303142: R500
/dev/sdtx :HITACHI : 0: 2: 1b 40004: 4849544143484920523530303943343432303142: 4849544143484920523530303943343432303142: R500
/dev/emcpowerac :HITACHI : 0: 0: 1c 40004: 4849544143484920523530303943343432303143: 4849544143484920523530303943343432303143: R500
/dev/sdac :HITACHI : 0: 0: 1c 40004: 4849544143484920523530303943343432303143: 4849544143484920523530303943343432303143: R500
/dev/sdty :HITACHI : 0: 2: 1c 40004: 4849544143484920523530303943343432303143: 4849544143484920523530303943343432303143: R500
/dev/emcpowerad :HITACHI : 0: 0: 1d 40004: 4849544143484920523530303943343432303144: 4849544143484920523530303943343432303144: R500
/dev/sdad :HITACHI : 0: 0: 1d 40004: 4849544143484920523530303943343432303144: 4849544143484920523530303943343432303144: R500
/dev/sdtz :HITACHI : 0: 2: 1d 40004: 4849544143484920523530303943343432303144: 4849544143484920523530303943343432303144: R500
/dev/emcpowerae :HITACHI : 0: 0: 1e 40004: 4849544143484920523530303943343432303145: 4849544143484920523530303943343432303145: R500
/dev/sdae :HITACHI : 0: 0: 1e 40004: 4849544143484920523530303943343432303145: 4849544143484920523530303943343432303145: R500
/dev/sdua :HITACHI : 0: 2: 1e 40004: 4849544143484920523530303943343432303145: 4849544143484920523530303943343432303145: R500
/dev/emcpoweraf :HITACHI : 0: 0: 1f 40004: 4849544143484920523530303943343432303146: 4849544143484920523530303943343432303146: R500
/dev/sdaf :HITACHI : 0: 0: 1f 40004: 4849544143484920523530303943343432303146: 4849544143484920523530303943343432303146: R500
/dev/sdub :HITACHI : 0: 2: 1f 40004: 4849544143484920523530303943343432303146: 4849544143484920523530303943343432303146: R500
/dev/emcpowerag :HITACHI : 0: 0: 20 40004: 4849544143484920523530303943343432303230: 4849544143484920523530303943343432303230: R500
/dev/sdag :HITACHI : 0: 0: 20 40004: 4849544143484920523530303943343432303230: 4849544143484920523530303943343432303230: R500
/dev/sduc :HITACHI : 0: 2: 20 40004: 4849544143484920523530303943343432303230: 4849544143484920523530303943343432303230: R500
/dev/emcpowerah :HITACHI : 0: 0: 21 40004: 4849544143484920523530303943343432303231: 4849544143484920523530303943343432303231: R500
/dev/sdah :HITACHI : 0: 0: 21 40004: 4849544143484920523530303943343432303231: 4849544143484920523530303943343432303231: R500
/dev/sdud :HITACHI : 0: 2: 21 40004: 4849544143484920523530303943343432303231: 4849544143484920523530303943343432303231: R500
/dev/emcpowerai :HITACHI : 0: 0: 22 40004: 4849544143484920523530303943343432303232: 4849544143484920523530303943343432303232: R500
/dev/sdai :HITACHI : 0: 0: 22 40004: 4849544143484920523530303943343432303232: 4849544143484920523530303943343432303232: R500
/dev/sdue :HITACHI : 0: 2: 22 40004: 4849544143484920523530303943343432303232: 4849544143484920523530303943343432303232: R500
/dev/emcpoweraj :HITACHI : 0: 0: 23 40004: 4849544143484920523530303943343432303233: 4849544143484920523530303943343432303233: R500
/dev/sdaj :HITACHI : 0: 0: 23 40004: 4849544143484920523530303943343432303233: 4849544143484920523530303943343432303233: R500
/dev/sduf :HITACHI : 0: 2: 23 40004: 4849544143484920523530303943343432303233: 4849544143484920523530303943343432303233: R500
/dev/emcpowerak :HITACHI : 0: 0: 24 40004: 4849544143484920523530303943343432303234: 4849544143484920523530303943343432303234: R500
/dev/sdak :HITACHI : 0: 0: 24 40004: 4849544143484920523530303943343432303234: 4849544143484920523530303943343432303234: R500
/dev/sdug :HITACHI : 0: 2: 24 40004: 4849544143484920523530303943343432303234: 4849544143484920523530303943343432303234: R500
/dev/emcpoweral :HITACHI : 0: 0: 25 40004: 4849544143484920523530303943343432303235: 4849544143484920523530303943343432303235: R500
/dev/sdal :HITACHI : 0: 0: 25 40004: 4849544143484920523530303943343432303235: 4849544143484920523530303943343432303235: R500
/dev/sduh :HITACHI : 0: 2: 25 40004: 4849544143484920523530303943343432303235: 4849544143484920523530303943343432303235: R500
/dev/emcpoweram :HITACHI : 0: 0: 26 40004: 4849544143484920523530303943343432303236: 4849544143484920523530303943343432303236: R500
/dev/sdam :HITACHI : 0: 0: 26 40004: 4849544143484920523530303943343432303236: 4849544143484920523530303943343432303236: R500
/dev/sdui :HITACHI : 0: 2: 26 40004: 4849544143484920523530303943343432303236: 4849544143484920523530303943343432303236: R500
/dev/emcpoweran :HITACHI : 0: 0: 27 40004: 4849544143484920523530303943343432303237: 4849544143484920523530303943343432303237: R500
/dev/sdan :HITACHI : 0: 0: 27 40004: 4849544143484920523530303943343432303237: 4849544143484920523530303943343432303237: R500
/dev/sduj :HITACHI : 0: 2: 27 40004: 4849544143484920523530303943343432303237: 4849544143484920523530303943343432303237: R500
/dev/emcpowerao :HITACHI : 0: 0: 28 40004: 4849544143484920523530303943343432303238: 4849544143484920523530303943343432303238: R500
/dev/sdao :HITACHI : 0: 0: 28 40004: 4849544143484920523530303943343432303238: 4849544143484920523530303943343432303238: R500
/dev/sduk :HITACHI : 0: 2: 28 40004: 4849544143484920523530303943343432303238: 4849544143484920523530303943343432303238: R500
/dev/emcpowerap :HITACHI : 0: 0: 29 40004: 4849544143484920523530303943343432303239: 4849544143484920523530303943343432303239: R500
/dev/sdap :HITACHI : 0: 0: 29 40004: 4849544143484920523530303943343432303239: 4849544143484920523530303943343432303239: R500
/dev/sdul :HITACHI : 0: 2: 29 40004: 4849544143484920523530303943343432303239: 4849544143484920523530303943343432303239: R500
/dev/emcpoweraq :HITACHI : 0: 0: 2a 40004: 4849544143484920523530303943343432303241: 4849544143484920523530303943343432303241: R500
/dev/sdaq :HITACHI : 0: 0: 2a 40004: 4849544143484920523530303943343432303241: 4849544143484920523530303943343432303241: R500
/dev/sdum :HITACHI : 0: 2: 2a 40004: 4849544143484920523530303943343432303241: 4849544143484920523530303943343432303241: R500
/dev/emcpowerar :HITACHI : 0: 0: 2b 40004: 4849544143484920523530303943343432303242: 4849544143484920523530303943343432303242: R500
/dev/sdar :HITACHI : 0: 0: 2b 40004: 4849544143484920523530303943343432303242: 4849544143484920523530303943343432303242: R500
/dev/sdun :HITACHI : 0: 2: 2b 40004: 4849544143484920523530303943343432303242: 4849544143484920523530303943343432303242: R500
/dev/emcpoweras :HITACHI : 0: 0: 2c 40004: 4849544143484920523530303943343432303243: 4849544143484920523530303943343432303243: R500
/dev/sdas :HITACHI : 0: 0: 2c 40004: 4849544143484920523530303943343432303243: 4849544143484920523530303943343432303243: R500
/dev/sduo :HITACHI : 0: 2: 2c 40004: 4849544143484920523530303943343432303243: 4849544143484920523530303943343432303243: R500
/dev/emcpowerat :HITACHI : 0: 0: 2d 40004: 4849544143484920523530303943343432303244: 4849544143484920523530303943343432303244: R500
/dev/sdat :HITACHI : 0: 0: 2d 40004: 4849544143484920523530303943343432303244: 4849544143484920523530303943343432303244: R500
/dev/sdup :HITACHI : 0: 2: 2d 40004: 4849544143484920523530303943343432303244: 4849544143484920523530303943343432303244: R500
/dev/emcpowerau :HITACHI : 0: 0: 2e 40004: 4849544143484920523530303943343432303245: 4849544143484920523530303943343432303245: R500
/dev/sdau :HITACHI : 0: 0: 2e 40004: 4849544143484920523530303943343432303245: 4849544143484920523530303943343432303245: R500
/dev/sduq :HITACHI : 0: 2: 2e 40004: 4849544143484920523530303943343432303245: 4849544143484920523530303943343432303245: R500
/dev/emcpowerav :HITACHI : 0: 0: 2f 40004: 4849544143484920523530303943343432303246: 4849544143484920523530303943343432303246: R500
/dev/sdav :HITACHI : 0: 0: 2f 40004: 4849544143484920523530303943343432303246: 4849544143484920523530303943343432303246: R500
/dev/sdur :HITACHI : 0: 2: 2f 40004: 4849544143484920523530303943343432303246: 4849544143484920523530303943343432303246: R500
/dev/emcpoweraw :HITACHI : 0: 0: 30 40004: 4849544143484920523530303943343432303330: 4849544143484920523530303943343432303330: R500
/dev/sdaw :HITACHI : 0: 0: 30 40004: 4849544143484920523530303943343432303330: 4849544143484920523530303943343432303330: R500
/dev/sdus :HITACHI : 0: 2: 30 40004: 4849544143484920523530303943343432303330: 4849544143484920523530303943343432303330: R500
/dev/emcpowerax :HITACHI : 0: 0: 31 40004: 4849544143484920523530303943343432303331: 4849544143484920523530303943343432303331: R500
/dev/sdax :HITACHI : 0: 0: 31 40004: 4849544143484920523530303943343432303331: 4849544143484920523530303943343432303331: R500
/dev/sdut :HITACHI : 0: 2: 31 40004: 4849544143484920523530303943343432303331: 4849544143484920523530303943343432303331: R500
/dev/emcpoweray :HITACHI : 0: 0: 32 40004: 4849544143484920523530303943343432303332: 4849544143484920523530303943343432303332: R500
/dev/sday :HITACHI : 0: 0: 32 40004: 4849544143484920523530303943343432303332: 4849544143484920523530303943343432303332: R500
/dev/sduu :HITACHI : 0: 2: 32 40004: 4849544143484920523530303943343432303332: 4849544143484920523530303943343432303332: R500
/dev/emcpoweraz :HITACHI : 0: 0: 33 40004: 4849544143484920523530303943343432303333: 4849544143484920523530303943343432303333: R500
/dev/sdaz :HITACHI : 0: 0: 33 40004: 4849544143484920523530303943343432303333: 4849544143484920523530303943343432303333: R500
/dev/sduv :HITACHI : 0: 2: 33 40004: 4849544143484920523530303943343432303333: 4849544143484920523530303943343432303333: R500
/dev/emcpowerba :HITACHI : 0: 0: 34 40004: 4849544143484920523530303943343432303334: 4849544143484920523530303943343432303334: R500
/dev/sdba :HITACHI : 0: 0: 34 40004: 4849544143484920523530303943343432303334: 4849544143484920523530303943343432303334: R500
/dev/sduw :HITACHI : 0: 2: 34 40004: 4849544143484920523530303943343432303334: 4849544143484920523530303943343432303334: R500
/dev/emcpowerbb :HITACHI : 0: 0: 35 40004: 4849544143484920523530303943343432303335: 4849544143484920523530303943343432303335: R500
/dev/sdbb :HITACHI : 0: 0: 35 40004: 4849544143484920523530303943343432303335: 4849544143484920523530303943343432303335: R500
/dev/sdux :HITACHI : 0: 2: 35 40004: 4849544143484920523530303943343432303335: 4849544143484920523530303943343432303335: R500
/dev/emcpowerbc :HITACHI : 0: 0: 36 40004: 4849544143484920523530303943343432303336: 4849544143484920523530303943343432303336: R500
/dev/sdbc :HITACHI : 0: 0: 36 40004: 4849544143484920523530303943343432303336: 4849544143484920523530303943343432303336: R500
/dev/sduy :HITACHI : 0: 2: 36 40004: 4849544143484920523530303943343432303336: 4849544143484920523530303943343432303336: R500
/dev/emcpowerbd :HITACHI : 0: 0: 37 40004: 4849544143484920523530303943343432303337: 4849544143484920523530303943343432303337: R500
/dev/sdbd :HITACHI : 0: 0: 37 40004: 4849544143484920523530303943343432303337: 4849544143484920523530303943343432303337: R500
/dev/sduz :HITACHI : 0: 2: 37 40004: 4849544143484920523530303943343432303337: 4849544143484920523530303943343432303337: R500
/dev/emcpowerbe :HITACHI : 0: 0: 38 40004: 4849544143484920523530303943343432303338: 4849544143484920523530303943343432303338: R500
/dev/sdbe :HITACHI : 0: 0: 38 40004: 4849544143484920523530303943343432303338: 4849544143484920523530303943343432303338: R500
/dev/sdva :HITACHI : 0: 2: 38 40004: 4849544143484920523530303943343432303338: 4849544143484920523530303943343432303338: R500
/dev/emcpowerbf :HITACHI : 0: 0: 39 40004: 4849544143484920523530303943343432303339: 4849544143484920523530303943343432303339: R500
/dev/sdbf :HITACHI : 0: 0: 39 40004: 4849544143484920523530303943343432303339: 4849544143484920523530303943343432303339: R500
/dev/sdvb :HITACHI : 0: 2: 39 40004: 4849544143484920523530303943343432303339: 4849544143484920523530303943343432303339: R500
/dev/emcpowerbg :HITACHI : 0: 0: 3a 40004: 4849544143484920523530303943343432303341: 4849544143484920523530303943343432303341: R500
/dev/sdbg :HITACHI : 0: 0: 3a 40004: 4849544143484920523530303943343432303341: 4849544143484920523530303943343432303341: R500
/dev/sdvc :HITACHI : 0: 2: 3a 40004: 4849544143484920523530303943343432303341: 4849544143484920523530303943343432303341: R500
/dev/emcpowerbh :HITACHI : 0: 0: 3b 40004: 4849544143484920523530303943343432303342: 4849544143484920523530303943343432303342: R500
/dev/sdbh :HITACHI : 0: 0: 3b 40004: 4849544143484920523530303943343432303342: 4849544143484920523530303943343432303342: R500
/dev/sdvd :HITACHI : 0: 2: 3b 40004: 4849544143484920523530303943343432303342: 4849544143484920523530303943343432303342: R500
/dev/emcpowerbi :HITACHI : 0: 0: 3c 40004: 4849544143484920523530303943343432303343: 4849544143484920523530303943343432303343: R500
/dev/sdbi :HITACHI : 0: 0: 3c 40004: 4849544143484920523530303943343432303343: 4849544143484920523530303943343432303343: R500
/dev/sdve :HITACHI : 0: 2: 3c 40004: 4849544143484920523530303943343432303343: 4849544143484920523530303943343432303343: R500
/dev/emcpowerbj :HITACHI : 0: 0: 3d 40004: 4849544143484920523530303943343432303344: 4849544143484920523530303943343432303344: R500
/dev/sdbj :HITACHI : 0: 0: 3d 40004: 4849544143484920523530303943343432303344: 4849544143484920523530303943343432303344: R500
/dev/sdvf :HITACHI : 0: 2: 3d 40004: 4849544143484920523530303943343432303344: 4849544143484920523530303943343432303344: R500
/dev/emcpowerbk :HITACHI : 0: 0: 3e 40004: 4849544143484920523530303943343432303345: 4849544143484920523530303943343432303345: R500
/dev/sdbk :HITACHI : 0: 0: 3e 40004: 4849544143484920523530303943343432303345: 4849544143484920523530303943343432303345: R500
/dev/sdvg :HITACHI : 0: 2: 3e 40004: 4849544143484920523530303943343432303345: 4849544143484920523530303943343432303345: R500
/dev/emcpowerbl :HITACHI : 0: 0: 3f 40004: 4849544143484920523530303943343432303346: 4849544143484920523530303943343432303346: R500
/dev/sdbl :HITACHI : 0: 0: 3f 40004: 4849544143484920523530303943343432303346: 4849544143484920523530303943343432303346: R500
/dev/sdvh :HITACHI : 0: 2: 3f 40004: 4849544143484920523530303943343432303346: 4849544143484920523530303943343432303346: R500
/dev/emcpowerbm :HITACHI : 0: 0: 40 40004: 4849544143484920523530303943343432303430: 4849544143484920523530303943343432303430: R500
/dev/sdbm :HITACHI : 0: 0: 40 40004: 4849544143484920523530303943343432303430: 4849544143484920523530303943343432303430: R500
/dev/sdvi :HITACHI : 0: 2: 40 40004: 4849544143484920523530303943343432303430: 4849544143484920523530303943343432303430: R500
/dev/emcpowerbn :HITACHI : 0: 0: 41 40004: 4849544143484920523530303943343432303431: 4849544143484920523530303943343432303431: R500
/dev/sdbn :HITACHI : 0: 0: 41 40004: 4849544143484920523530303943343432303431: 4849544143484920523530303943343432303431: R500
/dev/sdvj :HITACHI : 0: 2: 41 40004: 4849544143484920523530303943343432303431: 4849544143484920523530303943343432303431: R500
/dev/emcpowerbo :HITACHI : 0: 0: 42 40004: 4849544143484920523530303943343432303432: 4849544143484920523530303943343432303432: R500
/dev/sdbo :HITACHI : 0: 0: 42 40004: 4849544143484920523530303943343432303432: 4849544143484920523530303943343432303432: R500
/dev/sdvk :HITACHI : 0: 2: 42 40004: 4849544143484920523530303943343432303432: 4849544143484920523530303943343432303432: R500
/dev/emcpowerbp :HITACHI : 0: 0: 43 40004: 4849544143484920523530303943343432303433: 4849544143484920523530303943343432303433: R500
/dev/sdbp :HITACHI : 0: 0: 43 40004: 4849544143484920523530303943343432303433: 4849544143484920523530303943343432303433: R500
/dev/sdvl :HITACHI : 0: 2: 43 40004: 4849544143484920523530303943343432303433: 4849544143484920523530303943343432303433: R500
/dev/emcpowerbq :HITACHI : 0: 0: 44 40004: 4849544143484920523530303943343432303434: 4849544143484920523530303943343432303434: R500
/dev/sdbq :HITACHI : 0: 0: 44 40004: 4849544143484920523530303943343432303434: 4849544143484920523530303943343432303434: R500
/dev/sdvm :HITACHI : 0: 2: 44 40004: 4849544143484920523530303943343432303434: 4849544143484920523530303943343432303434: R500
/dev/emcpowerbr :HITACHI : 0: 0: 45 40004: 4849544143484920523530303943343432303435: 4849544143484920523530303943343432303435: R500
/dev/sdbr :HITACHI : 0: 0: 45 40004: 4849544143484920523530303943343432303435: 4849544143484920523530303943343432303435: R500
/dev/sdvn :HITACHI : 0: 2: 45 40004: 4849544143484920523530303943343432303435: 4849544143484920523530303943343432303435: R500
/dev/emcpowerbs :HITACHI : 0: 0: 46 40004: 4849544143484920523530303943343432303436: 4849544143484920523530303943343432303436: R500
/dev/sdbs :HITACHI : 0: 0: 46 40004: 4849544143484920523530303943343432303436: 4849544143484920523530303943343432303436: R500
/dev/sdvo :HITACHI : 0: 2: 46 40004: 4849544143484920523530303943343432303436: 4849544143484920523530303943343432303436: R500
/dev/emcpowerbt :HITACHI : 0: 0: 47 40004: 4849544143484920523530303943343432303437: 4849544143484920523530303943343432303437: R500
/dev/sdbt :HITACHI : 0: 0: 47 40004: 4849544143484920523530303943343432303437: 4849544143484920523530303943343432303437: R500
/dev/sdvp :HITACHI : 0: 2: 47 40004: 4849544143484920523530303943343432303437: 4849544143484920523530303943343432303437: R500
/dev/emcpowerbu :HITACHI : 0: 0: 48 40004: 4849544143484920523530303943343432303438: 4849544143484920523530303943343432303438: R500
/dev/sdbu :HITACHI : 0: 0: 48 40004: 4849544143484920523530303943343432303438: 4849544143484920523530303943343432303438: R500
/dev/sdvq :HITACHI : 0: 2: 48 40004: 4849544143484920523530303943343432303438: 4849544143484920523530303943343432303438: R500
/dev/emcpowerbv :HITACHI : 0: 0: 49 40004: 4849544143484920523530303943343432303439: 4849544143484920523530303943343432303439: R500
/dev/sdbv :HITACHI : 0: 0: 49 40004: 4849544143484920523530303943343432303439: 4849544143484920523530303943343432303439: R500
/dev/sdvr :HITACHI : 0: 2: 49 40004: 4849544143484920523530303943343432303439: 4849544143484920523530303943343432303439: R500
/dev/emcpowerbw :HITACHI : 0: 0: 4a 40004: 4849544143484920523530303943343432303441: 4849544143484920523530303943343432303441: R500
/dev/sdbw :HITACHI : 0: 0: 4a 40004: 4849544143484920523530303943343432303441: 4849544143484920523530303943343432303441: R500
/dev/sdvs :HITACHI : 0: 2: 4a 40004: 4849544143484920523530303943343432303441: 4849544143484920523530303943343432303441: R500
/dev/emcpowerbx :HITACHI : 0: 0: 4b 40004: 4849544143484920523530303943343432303442: 4849544143484920523530303943343432303442: R500
/dev/sdbx :HITACHI : 0: 0: 4b 40004: 4849544143484920523530303943343432303442: 4849544143484920523530303943343432303442: R500
/dev/sdvt :HITACHI : 0: 2: 4b 40004: 4849544143484920523530303943343432303442: 4849544143484920523530303943343432303442: R500
/dev/emcpowerby :HITACHI : 0: 0: 4c 40004: 4849544143484920523530303943343432303443: 4849544143484920523530303943343432303443: R500
/dev/sdby :HITACHI : 0: 0: 4c 40004: 4849544143484920523530303943343432303443: 4849544143484920523530303943343432303443: R500
/dev/sdvu :HITACHI : 0: 2: 4c 40004: 4849544143484920523530303943343432303443: 4849544143484920523530303943343432303443: R500
/dev/emcpowerbz :HITACHI : 0: 0: 4d 40004: 4849544143484920523530303943343432303444: 4849544143484920523530303943343432303444: R500
/dev/sdbz :HITACHI : 0: 0: 4d 40004: 4849544143484920523530303943343432303444: 4849544143484920523530303943343432303444: R500
/dev/sdvv :HITACHI : 0: 2: 4d 40004: 4849544143484920523530303943343432303444: 4849544143484920523530303943343432303444: R500
/dev/emcpowerca :HITACHI : 0: 0: 4e 40004: 4849544143484920523530303943343432303445: 4849544143484920523530303943343432303445: R500
/dev/sdca :HITACHI : 0: 0: 4e 40004: 4849544143484920523530303943343432303445: 4849544143484920523530303943343432303445: R500
/dev/sdvw :HITACHI : 0: 2: 4e 40004: 4849544143484920523530303943343432303445: 4849544143484920523530303943343432303445: R500
/dev/emcpowercb :HITACHI : 0: 0: 4f 40004: 4849544143484920523530303943343432303446: 4849544143484920523530303943343432303446: R500
/dev/sdcb :HITACHI : 0: 0: 4f 40004: 4849544143484920523530303943343432303446: 4849544143484920523530303943343432303446: R500
/dev/sdvx :HITACHI : 0: 2: 4f 40004: 4849544143484920523530303943343432303446: 4849544143484920523530303943343432303446: R500
/dev/emcpowercc :HITACHI : 0: 0: 50 40004: 4849544143484920523530303943343432303530: 4849544143484920523530303943343432303530: R500
/dev/sdcc :HITACHI : 0: 0: 50 40004: 4849544143484920523530303943343432303530: 4849544143484920523530303943343432303530: R500
/dev/sdvy :HITACHI : 0: 2: 50 40004: 4849544143484920523530303943343432303530: 4849544143484920523530303943343432303530: R500
/dev/emcpowercd :HITACHI : 0: 0: 51 40004: 4849544143484920523530303943343432303531: 4849544143484920523530303943343432303531: R500
/dev/sdcd :HITACHI : 0: 0: 51 40004: 4849544143484920523530303943343432303531: 4849544143484920523530303943343432303531: R500
/dev/sdvz :HITACHI : 0: 2: 51 40004: 4849544143484920523530303943343432303531: 4849544143484920523530303943343432303531: R500
/dev/emcpowerce :HITACHI : 0: 0: 52 40004: 4849544143484920523530303943343432303532: 4849544143484920523530303943343432303532: R500
/dev/sdce :HITACHI : 0: 0: 52 40004: 4849544143484920523530303943343432303532: 4849544143484920523530303943343432303532: R500
/dev/sdwa :HITACHI : 0: 2: 52 40004: 4849544143484920523530303943343432303532: 4849544143484920523530303943343432303532: R500
/dev/emcpowercf :HITACHI : 0: 0: 53 40004: 4849544143484920523530303943343432303533: 4849544143484920523530303943343432303533: R500
/dev/sdcf :HITACHI : 0: 0: 53 40004: 4849544143484920523530303943343432303533: 4849544143484920523530303943343432303533: R500
/dev/sdwb :HITACHI : 0: 2: 53 40004: 4849544143484920523530303943343432303533: 4849544143484920523530303943343432303533: R500
/dev/emcpowercg :HITACHI : 0: 0: 54 40004: 4849544143484920523530303943343432303534: 4849544143484920523530303943343432303534: R500
/dev/sdcg :HITACHI : 0: 0: 54 40004: 4849544143484920523530303943343432303534: 4849544143484920523530303943343432303534: R500
/dev/sdwc :HITACHI : 0: 2: 54 40004: 4849544143484920523530303943343432303534: 4849544143484920523530303943343432303534: R500
/dev/emcpowerch :HITACHI : 0: 0: 55 40004: 4849544143484920523530303943343432303535: 4849544143484920523530303943343432303535: R500
/dev/sdch :HITACHI : 0: 0: 55 40004: 4849544143484920523530303943343432303535: 4849544143484920523530303943343432303535: R500
/dev/sdwd :HITACHI : 0: 2: 55 40004: 4849544143484920523530303943343432303535: 4849544143484920523530303943343432303535: R500
/dev/emcpowerci :HITACHI : 0: 0: 56 40004: 4849544143484920523530303943343432303536: 4849544143484920523530303943343432303536: R500
/dev/sdci :HITACHI : 0: 0: 56 40004: 4849544143484920523530303943343432303536: 4849544143484920523530303943343432303536: R500
/dev/sdwe :HITACHI : 0: 2: 56 40004: 4849544143484920523530303943343432303536: 4849544143484920523530303943343432303536: R500
/dev/emcpowercj :HITACHI : 0: 0: 57 40004: 4849544143484920523530303943343432303537: 4849544143484920523530303943343432303537: R500
/dev/sdcj :HITACHI : 0: 0: 57 40004: 4849544143484920523530303943343432303537: 4849544143484920523530303943343432303537: R500
/dev/sdwf :HITACHI : 0: 2: 57 40004: 4849544143484920523530303943343432303537: 4849544143484920523530303943343432303537: R500
/dev/emcpowerck :HITACHI : 0: 0: 58 40004: 4849544143484920523530303943343432303538: 4849544143484920523530303943343432303538: R500
/dev/sdck :HITACHI : 0: 0: 58 40004: 4849544143484920523530303943343432303538: 4849544143484920523530303943343432303538: R500
/dev/sdwg :HITACHI : 0: 2: 58 40004: 4849544143484920523530303943343432303538: 4849544143484920523530303943343432303538: R500
/dev/emcpowercl :HITACHI : 0: 0: 59 40004: 4849544143484920523530303943343432303539: 4849544143484920523530303943343432303539: R500
/dev/sdcl :HITACHI : 0: 0: 59 40004: 4849544143484920523530303943343432303539: 4849544143484920523530303943343432303539: R500
/dev/sdwh :HITACHI : 0: 2: 59 40004: 4849544143484920523530303943343432303539: 4849544143484920523530303943343432303539: R500
/dev/emcpowercm :HITACHI : 0: 0: 5a 40004: 4849544143484920523530303943343432303541: 4849544143484920523530303943343432303541: R500
/dev/sdcm :HITACHI : 0: 0: 5a 40004: 4849544143484920523530303943343432303541: 4849544143484920523530303943343432303541: R500
/dev/sdwi :HITACHI : 0: 2: 5a 40004: 4849544143484920523530303943343432303541: 4849544143484920523530303943343432303541: R500
/dev/emcpowercn :HITACHI : 0: 0: 5b 40004: 4849544143484920523530303943343432303542: 4849544143484920523530303943343432303542: R500
/dev/sdcn :HITACHI : 0: 0: 5b 40004: 4849544143484920523530303943343432303542: 4849544143484920523530303943343432303542: R500
/dev/sdwj :HITACHI : 0: 2: 5b 40004: 4849544143484920523530303943343432303542: 4849544143484920523530303943343432303542: R500
/dev/emcpowerco :HITACHI : 0: 0: 5c 40004: 4849544143484920523530303943343432303543: 4849544143484920523530303943343432303543: R500
/dev/sdco :HITACHI : 0: 0: 5c 40004: 4849544143484920523530303943343432303543: 4849544143484920523530303943343432303543: R500
/dev/sdwk :HITACHI : 0: 2: 5c 40004: 4849544143484920523530303943343432303543: 4849544143484920523530303943343432303543: R500
/dev/emcpowercp :HITACHI : 0: 0: 5d 40004: 4849544143484920523530303943343432303544: 4849544143484920523530303943343432303544: R500
/dev/sdcp :HITACHI : 0: 0: 5d 40004: 4849544143484920523530303943343432303544: 4849544143484920523530303943343432303544: R500
/dev/sdwl :HITACHI : 0: 2: 5d 40004: 4849544143484920523530303943343432303544: 4849544143484920523530303943343432303544: R500
/dev/emcpowercq :HITACHI : 0: 0: 5e 40004: 4849544143484920523530303943343432303545: 4849544143484920523530303943343432303545: R500
/dev/sdcq :HITACHI : 0: 0: 5e 40004: 4849544143484920523530303943343432303545: 4849544143484920523530303943343432303545: R500
/dev/sdwm :HITACHI : 0: 2: 5e 40004: 4849544143484920523530303943343432303545: 4849544143484920523530303943343432303545: R500
/dev/emcpowercr :HITACHI : 0: 0: 5f 40004: 4849544143484920523530303943343432303546: 4849544143484920523530303943343432303546: R500
/dev/sdcr :HITACHI : 0: 0: 5f 40004: 4849544143484920523530303943343432303546: 4849544143484920523530303943343432303546: R500
/dev/sdwn :HITACHI : 0: 2: 5f 40004: 4849544143484920523530303943343432303546: 4849544143484920523530303943343432303546: R500
/dev/emcpowercs :HITACHI : 0: 0: 60 40004: 4849544143484920523530303943343432303630: 4849544143484920523530303943343432303630: R500
/dev/sdcs :HITACHI : 0: 0: 60 40004: 4849544143484920523530303943343432303630: 4849544143484920523530303943343432303630: R500
/dev/sdwo :HITACHI : 0: 2: 60 40004: 4849544143484920523530303943343432303630: 4849544143484920523530303943343432303630: R500
/dev/emcpowerct :HITACHI : 0: 0: 61 40004: 4849544143484920523530303943343432303631: 4849544143484920523530303943343432303631: R500
/dev/sdct :HITACHI : 0: 0: 61 40004: 4849544143484920523530303943343432303631: 4849544143484920523530303943343432303631: R500
/dev/sdwp :HITACHI : 0: 2: 61 40004: 4849544143484920523530303943343432303631: 4849544143484920523530303943343432303631: R500
/dev/emcpowercu :HITACHI : 0: 0: 62 40004: 4849544143484920523530303943343432303632: 4849544143484920523530303943343432303632: R500
/dev/sdcu :HITACHI : 0: 0: 62 40004: 4849544143484920523530303943343432303632: 4849544143484920523530303943343432303632: R500
/dev/sdwq :HITACHI : 0: 2: 62 40004: 4849544143484920523530303943343432303632: 4849544143484920523530303943343432303632: R500
/dev/emcpowercv :HITACHI : 0: 0: 63 40004: 4849544143484920523530303943343432303633: 4849544143484920523530303943343432303633: R500
/dev/sdcv :HITACHI : 0: 0: 63 40004: 4849544143484920523530303943343432303633: 4849544143484920523530303943343432303633: R500
/dev/sdwr :HITACHI : 0: 2: 63 40004: 4849544143484920523530303943343432303633: 4849544143484920523530303943343432303633: R500
/dev/emcpowercw :HITACHI : 0: 0: 64 40004: 4849544143484920523530303943343432303634: 4849544143484920523530303943343432303634: R500
/dev/sdcw :HITACHI : 0: 0: 64 40004: 4849544143484920523530303943343432303634: 4849544143484920523530303943343432303634: R500
/dev/sdws :HITACHI : 0: 2: 64 40004: 4849544143484920523530303943343432303634: 4849544143484920523530303943343432303634: R500
/dev/emcpowercx :HITACHI : 0: 0: 65 40004: 4849544143484920523530303943343432303635: 4849544143484920523530303943343432303635: R500
/dev/sdcx :HITACHI : 0: 0: 65 40004: 4849544143484920523530303943343432303635: 4849544143484920523530303943343432303635: R500
/dev/sdwt :HITACHI : 0: 2: 65 40004: 4849544143484920523530303943343432303635: 4849544143484920523530303943343432303635: R500
/dev/emcpowercy :HITACHI : 0: 0: 66 40004: 4849544143484920523530303943343432303636: 4849544143484920523530303943343432303636: R500
/dev/sdcy :HITACHI : 0: 0: 66 40004: 4849544143484920523530303943343432303636: 4849544143484920523530303943343432303636: R500
/dev/sdwu :HITACHI : 0: 2: 66 40004: 4849544143484920523530303943343432303636: 4849544143484920523530303943343432303636: R500
/dev/emcpowercz :HITACHI : 0: 0: 67 40004: 4849544143484920523530303943343432303637: 4849544143484920523530303943343432303637: R500
/dev/sdcz :HITACHI : 0: 0: 67 40004: 4849544143484920523530303943343432303637: 4849544143484920523530303943343432303637: R500
/dev/sdwv :HITACHI : 0: 2: 67 40004: 4849544143484920523530303943343432303637: 4849544143484920523530303943343432303637: R500
/dev/emcpowerda :HITACHI : 0: 0: 68 40004: 4849544143484920523530303943343432303638: 4849544143484920523530303943343432303638: R500
/dev/sdda :HITACHI : 0: 0: 68 40004: 4849544143484920523530303943343432303638: 4849544143484920523530303943343432303638: R500
/dev/sdww :HITACHI : 0: 2: 68 40004: 4849544143484920523530303943343432303638: 4849544143484920523530303943343432303638: R500
/dev/emcpowerdb :HITACHI : 0: 0: 69 40004: 4849544143484920523530303943343432303639: 4849544143484920523530303943343432303639: R500
/dev/sddb :HITACHI : 0: 0: 69 40004: 4849544143484920523530303943343432303639: 4849544143484920523530303943343432303639: R500
/dev/sdwx :HITACHI : 0: 2: 69 40004: 4849544143484920523530303943343432303639: 4849544143484920523530303943343432303639: R500
/dev/emcpowerdc :HITACHI : 0: 0: 6a 40004: 4849544143484920523530303943343432303641: 4849544143484920523530303943343432303641: R500
/dev/sddc :HITACHI : 0: 0: 6a 40004: 4849544143484920523530303943343432303641: 4849544143484920523530303943343432303641: R500
/dev/sdwy :HITACHI : 0: 2: 6a 40004: 4849544143484920523530303943343432303641: 4849544143484920523530303943343432303641: R500
/dev/emcpowerdd :HITACHI : 0: 0: 6b 40004: 4849544143484920523530303943343432303642: 4849544143484920523530303943343432303642: R500
/dev/sddd :HITACHI : 0: 0: 6b 40004: 4849544143484920523530303943343432303642: 4849544143484920523530303943343432303642: R500
/dev/sdwz :HITACHI : 0: 2: 6b 40004: 4849544143484920523530303943343432303642: 4849544143484920523530303943343432303642: R500
/dev/emcpowerde :HITACHI : 0: 0: 6c 40004: 4849544143484920523530303943343432303643: 4849544143484920523530303943343432303643: R500
/dev/sdde :HITACHI : 0: 0: 6c 40004: 4849544143484920523530303943343432303643: 4849544143484920523530303943343432303643: R500
/dev/sdxa :HITACHI : 0: 2: 6c 40004: 4849544143484920523530303943343432303643: 4849544143484920523530303943343432303643: R500
/dev/emcpowerdf :HITACHI : 0: 0: 6d 40004: 4849544143484920523530303943343432303644: 4849544143484920523530303943343432303644: R500
/dev/sddf :HITACHI : 0: 0: 6d 40004: 4849544143484920523530303943343432303644: 4849544143484920523530303943343432303644: R500
/dev/sdxb :HITACHI : 0: 2: 6d 40004: 4849544143484920523530303943343432303644: 4849544143484920523530303943343432303644: R500
/dev/emcpowerdg :HITACHI : 0: 0: 6e 40004: 4849544143484920523530303943343432303645: 4849544143484920523530303943343432303645: R500
/dev/sddg :HITACHI : 0: 0: 6e 40004: 4849544143484920523530303943343432303645: 4849544143484920523530303943343432303645: R500
/dev/sdxc :HITACHI : 0: 2: 6e 40004: 4849544143484920523530303943343432303645: 4849544143484920523530303943343432303645: R500
/dev/emcpowerdh :HITACHI : 0: 0: 6f 40004: 4849544143484920523530303943343432303646: 4849544143484920523530303943343432303646: R500
/dev/sddh :HITACHI : 0: 0: 6f 40004: 4849544143484920523530303943343432303646: 4849544143484920523530303943343432303646: R500
/dev/sdxd :HITACHI : 0: 2: 6f 40004: 4849544143484920523530303943343432303646: 4849544143484920523530303943343432303646: R500
/dev/emcpowerdi :HITACHI : 0: 0: 70 40004: 4849544143484920523530303943343432303730: 4849544143484920523530303943343432303730: R500
/dev/sddi :HITACHI : 0: 0: 70 40004: 4849544143484920523530303943343432303730: 4849544143484920523530303943343432303730: R500
/dev/sdxe :HITACHI : 0: 2: 70 40004: 4849544143484920523530303943343432303730: 4849544143484920523530303943343432303730: R500
/dev/emcpowerdj :HITACHI : 0: 0: 71 40004: 4849544143484920523530303943343432303731: 4849544143484920523530303943343432303731: R500
/dev/sddj :HITACHI : 0: 0: 71 40004: 4849544143484920523530303943343432303731: 4849544143484920523530303943343432303731: R500
/dev/sdxf :HITACHI : 0: 2: 71 40004: 4849544143484920523530303943343432303731: 4849544143484920523530303943343432303731: R500
/dev/emcpowerdk :HITACHI : 0: 0: 72 40004: 4849544143484920523530303943343432303732: 4849544143484920523530303943343432303732: R500
/dev/sddk :HITACHI : 0: 0: 72 40004: 4849544143484920523530303943343432303732: 4849544143484920523530303943343432303732: R500
/dev/sdxg :HITACHI : 0: 2: 72 40004: 4849544143484920523530303943343432303732: 4849544143484920523530303943343432303732: R500
/dev/emcpowerdl :HITACHI : 0: 0: 73 40004: 4849544143484920523530303943343432303733: 4849544143484920523530303943343432303733: R500
/dev/sddl :HITACHI : 0: 0: 73 40004: 4849544143484920523530303943343432303733: 4849544143484920523530303943343432303733: R500
/dev/sdxh :HITACHI : 0: 2: 73 40004: 4849544143484920523530303943343432303733: 4849544143484920523530303943343432303733: R500
/dev/emcpowerdm :HITACHI : 0: 0: 74 40004: 4849544143484920523530303943343432303734: 4849544143484920523530303943343432303734: R500
/dev/sddm :HITACHI : 0: 0: 74 40004: 4849544143484920523530303943343432303734: 4849544143484920523530303943343432303734: R500
/dev/sdxi :HITACHI : 0: 2: 74 40004: 4849544143484920523530303943343432303734: 4849544143484920523530303943343432303734: R500
/dev/emcpowerdn :HITACHI : 0: 0: 75 40004: 4849544143484920523530303943343432303735: 4849544143484920523530303943343432303735: R500
/dev/sddn :HITACHI : 0: 0: 75 40004: 4849544143484920523530303943343432303735: 4849544143484920523530303943343432303735: R500
/dev/sdxj :HITACHI : 0: 2: 75 40004: 4849544143484920523530303943343432303735: 4849544143484920523530303943343432303735: R500
/dev/emcpowerdo :HITACHI : 0: 0: 76 40004: 4849544143484920523530303943343432303736: 4849544143484920523530303943343432303736: R500
/dev/sddo :HITACHI : 0: 0: 76 40004: 4849544143484920523530303943343432303736: 4849544143484920523530303943343432303736: R500
/dev/sdxk :HITACHI : 0: 2: 76 40004: 4849544143484920523530303943343432303736: 4849544143484920523530303943343432303736: R500
/dev/emcpowerdp :HITACHI : 0: 0: 77 40004: 4849544143484920523530303943343432303737: 4849544143484920523530303943343432303737: R500
/dev/sddp :HITACHI : 0: 0: 77 40004: 4849544143484920523530303943343432303737: 4849544143484920523530303943343432303737: R500
/dev/sdxl :HITACHI : 0: 2: 77 40004: 4849544143484920523530303943343432303737: 4849544143484920523530303943343432303737: R500
/dev/emcpowerdq :HITACHI : 0: 0: 78 40004: 4849544143484920523530303943343432303738: 4849544143484920523530303943343432303738: R500
/dev/sddq :HITACHI : 0: 0: 78 40004: 4849544143484920523530303943343432303738: 4849544143484920523530303943343432303738: R500
/dev/sdxm :HITACHI : 0: 2: 78 40004: 4849544143484920523530303943343432303738: 4849544143484920523530303943343432303738: R500
/dev/emcpowerdr :HITACHI : 0: 0: 79 40004: 4849544143484920523530303943343432303739: 4849544143484920523530303943343432303739: R500
/dev/sddr :HITACHI : 0: 0: 79 40004: 4849544143484920523530303943343432303739: 4849544143484920523530303943343432303739: R500
/dev/sdxn :HITACHI : 0: 2: 79 40004: 4849544143484920523530303943343432303739: 4849544143484920523530303943343432303739: R500
/dev/emcpowerds :HITACHI : 0: 0: 7a 40004: 4849544143484920523530303943343432303741: 4849544143484920523530303943343432303741: R500
/dev/sdds :HITACHI : 0: 0: 7a 40004: 4849544143484920523530303943343432303741: 4849544143484920523530303943343432303741: R500
/dev/sdxo :HITACHI : 0: 2: 7a 40004: 4849544143484920523530303943343432303741: 4849544143484920523530303943343432303741: R500
/dev/emcpowerdt :HITACHI : 0: 0: 7b 40004: 4849544143484920523530303943343432303742: 4849544143484920523530303943343432303742: R500
/dev/sddt :HITACHI : 0: 0: 7b 40004: 4849544143484920523530303943343432303742: 4849544143484920523530303943343432303742: R500
/dev/sdxp :HITACHI : 0: 2: 7b 40004: 4849544143484920523530303943343432303742: 4849544143484920523530303943343432303742: R500
/dev/emcpowerdu :HITACHI : 0: 0: 7c 40004: 4849544143484920523530303943343432303743: 4849544143484920523530303943343432303743: R500
/dev/sddu :HITACHI : 0: 0: 7c 40004: 4849544143484920523530303943343432303743: 4849544143484920523530303943343432303743: R500
/dev/sdxq :HITACHI : 0: 2: 7c 40004: 4849544143484920523530303943343432303743: 4849544143484920523530303943343432303743: R500
/dev/emcpowerdv :HITACHI : 0: 0: 7d 40004: 4849544143484920523530303943343432303744: 4849544143484920523530303943343432303744: R500
/dev/sddv :HITACHI : 0: 0: 7d 40004: 4849544143484920523530303943343432303744: 4849544143484920523530303943343432303744: R500
/dev/sdxr :HITACHI : 0: 2: 7d 40004: 4849544143484920523530303943343432303744: 4849544143484920523530303943343432303744: R500
/dev/emcpowerdw :HITACHI : 0: 0: 7e 40004: 4849544143484920523530303943343432303745: 4849544143484920523530303943343432303745: R500
/dev/sddw :HITACHI : 0: 0: 7e 40004: 4849544143484920523530303943343432303745: 4849544143484920523530303943343432303745: R500
/dev/sdxs :HITACHI : 0: 2: 7e 40004: 4849544143484920523530303943343432303745: 4849544143484920523530303943343432303745: R500
/dev/emcpowerdx :HITACHI : 0: 0: 7f 40004: 4849544143484920523530303943343432303746: 4849544143484920523530303943343432303746: R500
/dev/sddx :HITACHI : 0: 0: 7f 40004: 4849544143484920523530303943343432303746: 4849544143484920523530303943343432303746: R500
/dev/sdxt :HITACHI : 0: 2: 7f 40004: 4849544143484920523530303943343432303746: 4849544143484920523530303943343432303746: R500
/dev/emcpowerdy :HITACHI : 0: 0: 80 40004: 4849544143484920523530303943343432303830: 4849544143484920523530303943343432303830: R500
/dev/sddy :HITACHI : 0: 0: 80 40004: 4849544143484920523530303943343432303830: 4849544143484920523530303943343432303830: R500
/dev/sdxu :HITACHI : 0: 2: 80 40004: 4849544143484920523530303943343432303830: 4849544143484920523530303943343432303830: R500
/dev/emcpowerdz :HITACHI : 0: 0: 81 40004: 4849544143484920523530303943343432303831: 4849544143484920523530303943343432303831: R500
/dev/sddz :HITACHI : 0: 0: 81 40004: 4849544143484920523530303943343432303831: 4849544143484920523530303943343432303831: R500
/dev/sdxv :HITACHI : 0: 2: 81 40004: 4849544143484920523530303943343432303831: 4849544143484920523530303943343432303831: R500
/dev/emcpowerea :HITACHI : 0: 0: 82 40004: 4849544143484920523530303943343432303832: 4849544143484920523530303943343432303832: R500
/dev/sdea :HITACHI : 0: 0: 82 40004: 4849544143484920523530303943343432303832: 4849544143484920523530303943343432303832: R500
/dev/sdxw :HITACHI : 0: 2: 82 40004: 4849544143484920523530303943343432303832: 4849544143484920523530303943343432303832: R500
/dev/emcpowereb :HITACHI : 0: 0: 83 40004: 4849544143484920523530303943343432303833: 4849544143484920523530303943343432303833: R500
/dev/sdeb :HITACHI : 0: 0: 83 40004: 4849544143484920523530303943343432303833: 4849544143484920523530303943343432303833: R500
/dev/sdxx :HITACHI : 0: 2: 83 40004: 4849544143484920523530303943343432303833: 4849544143484920523530303943343432303833: R500
/dev/emcpowerec :HITACHI : 0: 0: 84 40004: 4849544143484920523530303943343432303834: 4849544143484920523530303943343432303834: R500
/dev/sdec :HITACHI : 0: 0: 84 40004: 4849544143484920523530303943343432303834: 4849544143484920523530303943343432303834: R500
/dev/sdxy :HITACHI : 0: 2: 84 40004: 4849544143484920523530303943343432303834: 4849544143484920523530303943343432303834: R500
/dev/emcpowered :HITACHI : 0: 0: 85 40004: 4849544143484920523530303943343432303835: 4849544143484920523530303943343432303835: R500
/dev/sded :HITACHI : 0: 0: 85 40004: 4849544143484920523530303943343432303835: 4849544143484920523530303943343432303835: R500
/dev/sdxz :HITACHI : 0: 2: 85 40004: 4849544143484920523530303943343432303835: 4849544143484920523530303943343432303835: R500
/dev/emcpoweree :HITACHI : 0: 0: 86 40004: 4849544143484920523530303943343432303836: 4849544143484920523530303943343432303836: R500
/dev/sdee :HITACHI : 0: 0: 86 40004: 4849544143484920523530303943343432303836: 4849544143484920523530303943343432303836: R500
/dev/sdya :HITACHI : 0: 2: 86 40004: 4849544143484920523530303943343432303836: 4849544143484920523530303943343432303836: R500
/dev/emcpoweref :HITACHI : 0: 0: 87 40004: 4849544143484920523530303943343432303837: 4849544143484920523530303943343432303837: R500
/dev/sdef :HITACHI : 0: 0: 87 40004: 4849544143484920523530303943343432303837: 4849544143484920523530303943343432303837: R500
/dev/sdyb :HITACHI : 0: 2: 87 40004: 4849544143484920523530303943343432303837: 4849544143484920523530303943343432303837: R500
/dev/emcpowereg :HITACHI : 0: 0: 88 40004: 4849544143484920523530303943343432303838: 4849544143484920523530303943343432303838: R500
/dev/sdeg :HITACHI : 0: 0: 88 40004: 4849544143484920523530303943343432303838: 4849544143484920523530303943343432303838: R500
/dev/sdyc :HITACHI : 0: 2: 88 40004: 4849544143484920523530303943343432303838: 4849544143484920523530303943343432303838: R500
/dev/emcpowereh :HITACHI : 0: 0: 89 40004: 4849544143484920523530303943343432303839: 4849544143484920523530303943343432303839: R500
/dev/sdeh :HITACHI : 0: 0: 89 40004: 4849544143484920523530303943343432303839: 4849544143484920523530303943343432303839: R500
/dev/sdyd :HITACHI : 0: 2: 89 40004: 4849544143484920523530303943343432303839: 4849544143484920523530303943343432303839: R500
/dev/emcpowerei :HITACHI : 0: 0: 8a 40004: 4849544143484920523530303943343432303841: 4849544143484920523530303943343432303841: R500
/dev/sdei :HITACHI : 0: 0: 8a 40004: 4849544143484920523530303943343432303841: 4849544143484920523530303943343432303841: R500
/dev/sdye :HITACHI : 0: 2: 8a 40004: 4849544143484920523530303943343432303841: 4849544143484920523530303943343432303841: R500
/dev/emcpowerej :HITACHI : 0: 0: 8b 40004: 4849544143484920523530303943343432303842: 4849544143484920523530303943343432303842: R500
/dev/sdej :HITACHI : 0: 0: 8b 40004: 4849544143484920523530303943343432303842: 4849544143484920523530303943343432303842: R500
/dev/sdyf :HITACHI : 0: 2: 8b 40004: 4849544143484920523530303943343432303842: 4849544143484920523530303943343432303842: R500
/dev/emcpowerek :HITACHI : 0: 0: 8c 40004: 4849544143484920523530303943343432303843: 4849544143484920523530303943343432303843: R500
/dev/sdek :HITACHI : 0: 0: 8c 40004: 4849544143484920523530303943343432303843: 4849544143484920523530303943343432303843: R500
/dev/sdyg :HITACHI : 0: 2: 8c 40004: 4849544143484920523530303943343432303843: 4849544143484920523530303943343432303843: R500
/dev/emcpowerel :HITACHI : 0: 0: 8d 40004: 4849544143484920523530303943343432303844: 4849544143484920523530303943343432303844: R500
/dev/sdel :HITACHI : 0: 0: 8d 40004: 4849544143484920523530303943343432303844: 4849544143484920523530303943343432303844: R500
/dev/sdyh :HITACHI : 0: 2: 8d 40004: 4849544143484920523530303943343432303844: 4849544143484920523530303943343432303844: R500
/dev/emcpowerem :HITACHI : 0: 0: 8e 40004: 4849544143484920523530303943343432303845: 4849544143484920523530303943343432303845: R500
/dev/sdem :HITACHI : 0: 0: 8e 40004: 4849544143484920523530303943343432303845: 4849544143484920523530303943343432303845: R500
/dev/sdyi :HITACHI : 0: 2: 8e 40004: 4849544143484920523530303943343432303845: 4849544143484920523530303943343432303845: R500
/dev/emcpoweren :HITACHI : 0: 0: 8f 40004: 4849544143484920523530303943343432303846: 4849544143484920523530303943343432303846: R500
/dev/sden :HITACHI : 0: 0: 8f 40004: 4849544143484920523530303943343432303846: 4849544143484920523530303943343432303846: R500
/dev/sdyj :HITACHI : 0: 2: 8f 40004: 4849544143484920523530303943343432303846: 4849544143484920523530303943343432303846: R500
/dev/emcpowereo :HITACHI : 0: 0: 90 40004: 4849544143484920523530303943343432303930: 4849544143484920523530303943343432303930: R500
/dev/sdeo :HITACHI : 0: 0: 90 40004: 4849544143484920523530303943343432303930: 4849544143484920523530303943343432303930: R500
/dev/sdyk :HITACHI : 0: 2: 90 40004: 4849544143484920523530303943343432303930: 4849544143484920523530303943343432303930: R500
/dev/emcpowerep :HITACHI : 0: 0: 91 40004: 4849544143484920523530303943343432303931: 4849544143484920523530303943343432303931: R500
/dev/sdep :HITACHI : 0: 0: 91 40004: 4849544143484920523530303943343432303931: 4849544143484920523530303943343432303931: R500
/dev/sdyl :HITACHI : 0: 2: 91 40004: 4849544143484920523530303943343432303931: 4849544143484920523530303943343432303931: R500
/dev/emcpowereq :HITACHI : 0: 0: 92 40004: 4849544143484920523530303943343432303932: 4849544143484920523530303943343432303932: R500
/dev/sdeq :HITACHI : 0: 0: 92 40004: 4849544143484920523530303943343432303932: 4849544143484920523530303943343432303932: R500
/dev/sdym :HITACHI : 0: 2: 92 40004: 4849544143484920523530303943343432303932: 4849544143484920523530303943343432303932: R500
/dev/emcpowerer :HITACHI : 0: 0: 93 40004: 4849544143484920523530303943343432303933: 4849544143484920523530303943343432303933: R500
/dev/sder :HITACHI : 0: 0: 93 40004: 4849544143484920523530303943343432303933: 4849544143484920523530303943343432303933: R500
/dev/sdyn :HITACHI : 0: 2: 93 40004: 4849544143484920523530303943343432303933: 4849544143484920523530303943343432303933: R500
/dev/emcpoweres :HITACHI : 0: 0: 94 40004: 4849544143484920523530303943343432303934: 4849544143484920523530303943343432303934: R500
/dev/sdes :HITACHI : 0: 0: 94 40004: 4849544143484920523530303943343432303934: 4849544143484920523530303943343432303934: R500
/dev/sdyo :HITACHI : 0: 2: 94 40004: 4849544143484920523530303943343432303934: 4849544143484920523530303943343432303934: R500
/dev/emcpoweret :HITACHI : 0: 0: 95 40004: 4849544143484920523530303943343432303935: 4849544143484920523530303943343432303935: R500
/dev/sdet :HITACHI : 0: 0: 95 40004: 4849544143484920523530303943343432303935: 4849544143484920523530303943343432303935: R500
/dev/sdyp :HITACHI : 0: 2: 95 40004: 4849544143484920523530303943343432303935: 4849544143484920523530303943343432303935: R500
/dev/emcpowereu :HITACHI : 0: 0: 96 40004: 4849544143484920523530303943343432303936: 4849544143484920523530303943343432303936: R500
/dev/sdeu :HITACHI : 0: 0: 96 40004: 4849544143484920523530303943343432303936: 4849544143484920523530303943343432303936: R500
/dev/sdyq :HITACHI : 0: 2: 96 40004: 4849544143484920523530303943343432303936: 4849544143484920523530303943343432303936: R500
/dev/emcpowerev :HITACHI : 0: 0: 97 40004: 4849544143484920523530303943343432303937: 4849544143484920523530303943343432303937: R500
/dev/sdev :HITACHI : 0: 0: 97 40004: 4849544143484920523530303943343432303937: 4849544143484920523530303943343432303937: R500
/dev/sdyr :HITACHI : 0: 2: 97 40004: 4849544143484920523530303943343432303937: 4849544143484920523530303943343432303937: R500
/dev/emcpowerew :HITACHI : 0: 0: 98 40004: 4849544143484920523530303943343432303938: 4849544143484920523530303943343432303938: R500
/dev/sdew :HITACHI : 0: 0: 98 40004: 4849544143484920523530303943343432303938: 4849544143484920523530303943343432303938: R500
/dev/sdys :HITACHI : 0: 2: 98 40004: 4849544143484920523530303943343432303938: 4849544143484920523530303943343432303938: R500
/dev/emcpowerex :HITACHI : 0: 0: 99 40004: 4849544143484920523530303943343432303939: 4849544143484920523530303943343432303939: R500
/dev/sdex :HITACHI : 0: 0: 99 40004: 4849544143484920523530303943343432303939: 4849544143484920523530303943343432303939: R500
/dev/sdyt :HITACHI : 0: 2: 99 40004: 4849544143484920523530303943343432303939: 4849544143484920523530303943343432303939: R500
/dev/emcpowerey :HITACHI : 0: 0: 9a 40004: 4849544143484920523530303943343432303941: 4849544143484920523530303943343432303941: R500
/dev/sdey :HITACHI : 0: 0: 9a 40004: 4849544143484920523530303943343432303941: 4849544143484920523530303943343432303941: R500
/dev/sdyu :HITACHI : 0: 2: 9a 40004: 4849544143484920523530303943343432303941: 4849544143484920523530303943343432303941: R500
/dev/emcpowerez :HITACHI : 0: 1: 0 40004: 4849544143484920523530303943343432303942: 4849544143484920523530303943343432303942: R500
/dev/sdado :HITACHI : 0: 3: 0 40004: 4849544143484920523530303943343432303942: 4849544143484920523530303943343432303942: R500
/dev/sdjs :HITACHI : 0: 1: 0 40004: 4849544143484920523530303943343432303942: 4849544143484920523530303943343432303942: R500
/dev/emcpowerfa :HITACHI : 0: 1: 1 40004: 4849544143484920523530303943343432303943: 4849544143484920523530303943343432303943: R500
/dev/sdadp :HITACHI : 0: 3: 1 40004: 4849544143484920523530303943343432303943: 4849544143484920523530303943343432303943: R500
/dev/sdjt :HITACHI : 0: 1: 1 40004: 4849544143484920523530303943343432303943: 4849544143484920523530303943343432303943: R500
/dev/emcpowerfb :HITACHI : 0: 1: 2 40004: 4849544143484920523530303943343432303944: 4849544143484920523530303943343432303944: R500
/dev/sdadq :HITACHI : 0: 3: 2 40004: 4849544143484920523530303943343432303944: 4849544143484920523530303943343432303944: R500
/dev/sdju :HITACHI : 0: 1: 2 40004: 4849544143484920523530303943343432303944: 4849544143484920523530303943343432303944: R500
/dev/emcpowerfc :HITACHI : 0: 1: 3 40004: 4849544143484920523530303943343432303945: 4849544143484920523530303943343432303945: R500
/dev/sdadr :HITACHI : 0: 3: 3 40004: 4849544143484920523530303943343432303945: 4849544143484920523530303943343432303945: R500
/dev/sdjv :HITACHI : 0: 1: 3 40004: 4849544143484920523530303943343432303945: 4849544143484920523530303943343432303945: R500
/dev/emcpowerfd :HITACHI : 0: 1: 4 40004: 4849544143484920523530303943343432303946: 4849544143484920523530303943343432303946: R500
/dev/sdads :HITACHI : 0: 3: 4 40004: 4849544143484920523530303943343432303946: 4849544143484920523530303943343432303946: R500
/dev/sdjw :HITACHI : 0: 1: 4 40004: 4849544143484920523530303943343432303946: 4849544143484920523530303943343432303946: R500
/dev/emcpowerfe :HITACHI : 0: 1: 5 40004: 4849544143484920523530303943343432304130: 4849544143484920523530303943343432304130: R500
/dev/sdadt :HITACHI : 0: 3: 5 40004: 4849544143484920523530303943343432304130: 4849544143484920523530303943343432304130: R500
/dev/sdjx :HITACHI : 0: 1: 5 40004: 4849544143484920523530303943343432304130: 4849544143484920523530303943343432304130: R500
/dev/emcpowerff :HITACHI : 0: 1: 6 40004: 4849544143484920523530303943343432304131: 4849544143484920523530303943343432304131: R500
/dev/sdadu :HITACHI : 0: 3: 6 40004: 4849544143484920523530303943343432304131: 4849544143484920523530303943343432304131: R500
/dev/sdjy :HITACHI : 0: 1: 6 40004: 4849544143484920523530303943343432304131: 4849544143484920523530303943343432304131: R500
/dev/emcpowerfg :HITACHI : 0: 1: 7 40004: 4849544143484920523530303943343432304132: 4849544143484920523530303943343432304132: R500
/dev/sdadv :HITACHI : 0: 3: 7 40004: 4849544143484920523530303943343432304132: 4849544143484920523530303943343432304132: R500
/dev/sdjz :HITACHI : 0: 1: 7 40004: 4849544143484920523530303943343432304132: 4849544143484920523530303943343432304132: R500
/dev/emcpowerfh :HITACHI : 0: 1: 8 40004: 4849544143484920523530303943343432304133: 4849544143484920523530303943343432304133: R500
/dev/sdadw :HITACHI : 0: 3: 8 40004: 4849544143484920523530303943343432304133: 4849544143484920523530303943343432304133: R500
/dev/sdka :HITACHI : 0: 1: 8 40004: 4849544143484920523530303943343432304133: 4849544143484920523530303943343432304133: R500
/dev/emcpowerfi :HITACHI : 0: 1: 9 40004: 4849544143484920523530303943343432304134: 4849544143484920523530303943343432304134: R500
/dev/sdadx :HITACHI : 0: 3: 9 40004: 4849544143484920523530303943343432304134: 4849544143484920523530303943343432304134: R500
/dev/sdkb :HITACHI : 0: 1: 9 40004: 4849544143484920523530303943343432304134: 4849544143484920523530303943343432304134: R500
/dev/emcpowerfj :HITACHI : 0: 1: a 40004: 4849544143484920523530303943343432304135: 4849544143484920523530303943343432304135: R500
/dev/sdady :HITACHI : 0: 3: a 40004: 4849544143484920523530303943343432304135: 4849544143484920523530303943343432304135: R500
/dev/sdkc :HITACHI : 0: 1: a 40004: 4849544143484920523530303943343432304135: 4849544143484920523530303943343432304135: R500
/dev/emcpowerfk :HITACHI : 0: 1: b 40004: 4849544143484920523530303943343432304136: 4849544143484920523530303943343432304136: R500
/dev/sdadz :HITACHI : 0: 3: b 40004: 4849544143484920523530303943343432304136: 4849544143484920523530303943343432304136: R500
/dev/sdkd :HITACHI : 0: 1: b 40004: 4849544143484920523530303943343432304136: 4849544143484920523530303943343432304136: R500
/dev/emcpowerfl :HITACHI : 0: 1: c 40004: 4849544143484920523530303943343432304137: 4849544143484920523530303943343432304137: R500
/dev/sdaea :HITACHI : 0: 3: c 40004: 4849544143484920523530303943343432304137: 4849544143484920523530303943343432304137: R500
/dev/sdke :HITACHI : 0: 1: c 40004: 4849544143484920523530303943343432304137: 4849544143484920523530303943343432304137: R500
/dev/emcpowerfm :HITACHI : 0: 1: d 40004: 4849544143484920523530303943343432304138: 4849544143484920523530303943343432304138: R500
/dev/sdaeb :HITACHI : 0: 3: d 40004: 4849544143484920523530303943343432304138: 4849544143484920523530303943343432304138: R500
/dev/sdkf :HITACHI : 0: 1: d 40004: 4849544143484920523530303943343432304138: 4849544143484920523530303943343432304138: R500
/dev/emcpowerfn :HITACHI : 0: 1: e 40004: 4849544143484920523530303943343432304139: 4849544143484920523530303943343432304139: R500
/dev/sdaec :HITACHI : 0: 3: e 40004: 4849544143484920523530303943343432304139: 4849544143484920523530303943343432304139: R500
/dev/sdkg :HITACHI : 0: 1: e 40004: 4849544143484920523530303943343432304139: 4849544143484920523530303943343432304139: R500
/dev/emcpowerfo :HITACHI : 0: 1: f 40004: 4849544143484920523530303943343432304141: 4849544143484920523530303943343432304141: R500
/dev/sdaed :HITACHI : 0: 3: f 40004: 4849544143484920523530303943343432304141: 4849544143484920523530303943343432304141: R500
/dev/sdkh :HITACHI : 0: 1: f 40004: 4849544143484920523530303943343432304141: 4849544143484920523530303943343432304141: R500
/dev/emcpowerfp :HITACHI : 0: 1: 10 40004: 4849544143484920523530303943343432304142: 4849544143484920523530303943343432304142: R500
/dev/sdaee :HITACHI : 0: 3: 10 40004: 4849544143484920523530303943343432304142: 4849544143484920523530303943343432304142: R500
/dev/sdki :HITACHI : 0: 1: 10 40004: 4849544143484920523530303943343432304142: 4849544143484920523530303943343432304142: R500
/dev/emcpowerfq :HITACHI : 0: 1: 11 40004: 4849544143484920523530303943343432304143: 4849544143484920523530303943343432304143: R500
/dev/sdaef :HITACHI : 0: 3: 11 40004: 4849544143484920523530303943343432304143: 4849544143484920523530303943343432304143: R500
/dev/sdkj :HITACHI : 0: 1: 11 40004: 4849544143484920523530303943343432304143: 4849544143484920523530303943343432304143: R500
/dev/emcpowerfr :HITACHI : 0: 1: 12 40004: 4849544143484920523530303943343432304144: 4849544143484920523530303943343432304144: R500
/dev/sdaeg :HITACHI : 0: 3: 12 40004: 4849544143484920523530303943343432304144: 4849544143484920523530303943343432304144: R500
/dev/sdkk :HITACHI : 0: 1: 12 40004: 4849544143484920523530303943343432304144: 4849544143484920523530303943343432304144: R500
/dev/emcpowerfs :HITACHI : 0: 1: 13 40004: 4849544143484920523530303943343432304145: 4849544143484920523530303943343432304145: R500
/dev/sdaeh :HITACHI : 0: 3: 13 40004: 4849544143484920523530303943343432304145: 4849544143484920523530303943343432304145: R500
/dev/sdkl :HITACHI : 0: 1: 13 40004: 4849544143484920523530303943343432304145: 4849544143484920523530303943343432304145: R500
/dev/emcpowerft :HITACHI : 0: 1: 14 40004: 4849544143484920523530303943343432304146: 4849544143484920523530303943343432304146: R500
/dev/sdaei :HITACHI : 0: 3: 14 40004: 4849544143484920523530303943343432304146: 4849544143484920523530303943343432304146: R500
/dev/sdkm :HITACHI : 0: 1: 14 40004: 4849544143484920523530303943343432304146: 4849544143484920523530303943343432304146: R500
/dev/emcpowerfu :HITACHI : 0: 1: 15 40004: 4849544143484920523530303943343432304230: 4849544143484920523530303943343432304230: R500
/dev/sdaej :HITACHI : 0: 3: 15 40004: 4849544143484920523530303943343432304230: 4849544143484920523530303943343432304230: R500
/dev/sdkn :HITACHI : 0: 1: 15 40004: 4849544143484920523530303943343432304230: 4849544143484920523530303943343432304230: R500
/dev/emcpowerfv :HITACHI : 0: 1: 16 40004: 4849544143484920523530303943343432304231: 4849544143484920523530303943343432304231: R500
/dev/sdaek :HITACHI : 0: 3: 16 40004: 4849544143484920523530303943343432304231: 4849544143484920523530303943343432304231: R500
/dev/sdko :HITACHI : 0: 1: 16 40004: 4849544143484920523530303943343432304231: 4849544143484920523530303943343432304231: R500
/dev/emcpowerfw :HITACHI : 0: 1: 17 40004: 4849544143484920523530303943343432304232: 4849544143484920523530303943343432304232: R500
/dev/sdael :HITACHI : 0: 3: 17 40004: 4849544143484920523530303943343432304232: 4849544143484920523530303943343432304232: R500
/dev/sdkp :HITACHI : 0: 1: 17 40004: 4849544143484920523530303943343432304232: 4849544143484920523530303943343432304232: R500
/dev/emcpowerfx :HITACHI : 0: 1: 18 40004: 4849544143484920523530303943343432304233: 4849544143484920523530303943343432304233: R500
/dev/sdaem :HITACHI : 0: 3: 18 40004: 4849544143484920523530303943343432304233: 4849544143484920523530303943343432304233: R500
/dev/sdkq :HITACHI : 0: 1: 18 40004: 4849544143484920523530303943343432304233: 4849544143484920523530303943343432304233: R500
/dev/emcpowerfy :HITACHI : 0: 1: 19 40004: 4849544143484920523530303943343432304234: 4849544143484920523530303943343432304234: R500
/dev/sdaen :HITACHI : 0: 3: 19 40004: 4849544143484920523530303943343432304234: 4849544143484920523530303943343432304234: R500
/dev/sdkr :HITACHI : 0: 1: 19 40004: 4849544143484920523530303943343432304234: 4849544143484920523530303943343432304234: R500
/dev/emcpowerfz :HITACHI : 0: 1: 1a 40004: 4849544143484920523530303943343432304235: 4849544143484920523530303943343432304235: R500
/dev/sdaeo :HITACHI : 0: 3: 1a 40004: 4849544143484920523530303943343432304235: 4849544143484920523530303943343432304235: R500
/dev/sdks :HITACHI : 0: 1: 1a 40004: 4849544143484920523530303943343432304235: 4849544143484920523530303943343432304235: R500
/dev/emcpowerga :HITACHI : 0: 1: 1b 40004: 4849544143484920523530303943343432304236: 4849544143484920523530303943343432304236: R500
/dev/sdaep :HITACHI : 0: 3: 1b 40004: 4849544143484920523530303943343432304236: 4849544143484920523530303943343432304236: R500
/dev/sdkt :HITACHI : 0: 1: 1b 40004: 4849544143484920523530303943343432304236: 4849544143484920523530303943343432304236: R500
/dev/emcpowergb :HITACHI : 0: 1: 1c 40004: 4849544143484920523530303943343432304237: 4849544143484920523530303943343432304237: R500
/dev/sdaeq :HITACHI : 0: 3: 1c 40004: 4849544143484920523530303943343432304237: 4849544143484920523530303943343432304237: R500
/dev/sdku :HITACHI : 0: 1: 1c 40004: 4849544143484920523530303943343432304237: 4849544143484920523530303943343432304237: R500
/dev/emcpowergc :HITACHI : 0: 1: 1d 40004: 4849544143484920523530303943343432304238: 4849544143484920523530303943343432304238: R500
/dev/sdaer :HITACHI : 0: 3: 1d 40004: 4849544143484920523530303943343432304238: 4849544143484920523530303943343432304238: R500
/dev/sdkv :HITACHI : 0: 1: 1d 40004: 4849544143484920523530303943343432304238: 4849544143484920523530303943343432304238: R500
/dev/emcpowergd :HITACHI : 0: 1: 1e 40004: 4849544143484920523530303943343432304239: 4849544143484920523530303943343432304239: R500
/dev/sdaes :HITACHI : 0: 3: 1e 40004: 4849544143484920523530303943343432304239: 4849544143484920523530303943343432304239: R500
/dev/sdkw :HITACHI : 0: 1: 1e 40004: 4849544143484920523530303943343432304239: 4849544143484920523530303943343432304239: R500
/dev/emcpowerge :HITACHI : 0: 1: 1f 40004: 4849544143484920523530303943343432304241: 4849544143484920523530303943343432304241: R500
/dev/sdaet :HITACHI : 0: 3: 1f 40004: 4849544143484920523530303943343432304241: 4849544143484920523530303943343432304241: R500
/dev/sdkx :HITACHI : 0: 1: 1f 40004: 4849544143484920523530303943343432304241: 4849544143484920523530303943343432304241: R500
/dev/emcpowergf :HITACHI : 0: 1: 20 40004: 4849544143484920523530303943343432304242: 4849544143484920523530303943343432304242: R500
/dev/sdaeu :HITACHI : 0: 3: 20 40004: 4849544143484920523530303943343432304242: 4849544143484920523530303943343432304242: R500
/dev/sdky :HITACHI : 0: 1: 20 40004: 4849544143484920523530303943343432304242: 4849544143484920523530303943343432304242: R500
/dev/emcpowergg :HITACHI : 0: 1: 21 40004: 4849544143484920523530303943343432304243: 4849544143484920523530303943343432304243: R500
/dev/sdaev :HITACHI : 0: 3: 21 40004: 4849544143484920523530303943343432304243: 4849544143484920523530303943343432304243: R500
/dev/sdkz :HITACHI : 0: 1: 21 40004: 4849544143484920523530303943343432304243: 4849544143484920523530303943343432304243: R500
/dev/emcpowergh :HITACHI : 0: 1: 22 40004: 4849544143484920523530303943343432304244: 4849544143484920523530303943343432304244: R500
/dev/sdaew :HITACHI : 0: 3: 22 40004: 4849544143484920523530303943343432304244: 4849544143484920523530303943343432304244: R500
/dev/sdla :HITACHI : 0: 1: 22 40004: 4849544143484920523530303943343432304244: 4849544143484920523530303943343432304244: R500
/dev/emcpowergi :HITACHI : 0: 1: 23 40004: 4849544143484920523530303943343432304245: 4849544143484920523530303943343432304245: R500
/dev/sdaex :HITACHI : 0: 3: 23 40004: 4849544143484920523530303943343432304245: 4849544143484920523530303943343432304245: R500
/dev/sdlb :HITACHI : 0: 1: 23 40004: 4849544143484920523530303943343432304245: 4849544143484920523530303943343432304245: R500
/dev/emcpowergj :HITACHI : 0: 1: 24 40004: 4849544143484920523530303943343432304246: 4849544143484920523530303943343432304246: R500
/dev/sdaey :HITACHI : 0: 3: 24 40004: 4849544143484920523530303943343432304246: 4849544143484920523530303943343432304246: R500
/dev/sdlc :HITACHI : 0: 1: 24 40004: 4849544143484920523530303943343432304246: 4849544143484920523530303943343432304246: R500
/dev/emcpowergk :HITACHI : 0: 1: 25 40004: 4849544143484920523530303943343432304330: 4849544143484920523530303943343432304330: R500
/dev/sdaez :HITACHI : 0: 3: 25 40004: 4849544143484920523530303943343432304330: 4849544143484920523530303943343432304330: R500
/dev/sdld :HITACHI : 0: 1: 25 40004: 4849544143484920523530303943343432304330: 4849544143484920523530303943343432304330: R500
/dev/emcpowergl :HITACHI : 0: 1: 26 40004: 4849544143484920523530303943343432304331: 4849544143484920523530303943343432304331: R500
/dev/sdafa :HITACHI : 0: 3: 26 40004: 4849544143484920523530303943343432304331: 4849544143484920523530303943343432304331: R500
/dev/sdle :HITACHI : 0: 1: 26 40004: 4849544143484920523530303943343432304331: 4849544143484920523530303943343432304331: R500
/dev/emcpowergm :HITACHI : 0: 1: 27 40004: 4849544143484920523530303943343432304332: 4849544143484920523530303943343432304332: R500
/dev/sdafb :HITACHI : 0: 3: 27 40004: 4849544143484920523530303943343432304332: 4849544143484920523530303943343432304332: R500
/dev/sdlf :HITACHI : 0: 1: 27 40004: 4849544143484920523530303943343432304332: 4849544143484920523530303943343432304332: R500
/dev/emcpowergn :HITACHI : 0: 1: 28 40004: 4849544143484920523530303943343432304333: 4849544143484920523530303943343432304333: R500
/dev/sdafc :HITACHI : 0: 3: 28 40004: 4849544143484920523530303943343432304333: 4849544143484920523530303943343432304333: R500
/dev/sdlg :HITACHI : 0: 1: 28 40004: 4849544143484920523530303943343432304333: 4849544143484920523530303943343432304333: R500
/dev/emcpowergo :HITACHI : 0: 1: 29 40004: 4849544143484920523530303943343432304334: 4849544143484920523530303943343432304334: R500
/dev/sdafd :HITACHI : 0: 3: 29 40004: 4849544143484920523530303943343432304334: 4849544143484920523530303943343432304334: R500
/dev/sdlh :HITACHI : 0: 1: 29 40004: 4849544143484920523530303943343432304334: 4849544143484920523530303943343432304334: R500
/dev/emcpowergp :HITACHI : 0: 1: 2a 40004: 4849544143484920523530303943343432304335: 4849544143484920523530303943343432304335: R500
/dev/sdafe :HITACHI : 0: 3: 2a 40004: 4849544143484920523530303943343432304335: 4849544143484920523530303943343432304335: R500
/dev/sdli :HITACHI : 0: 1: 2a 40004: 4849544143484920523530303943343432304335: 4849544143484920523530303943343432304335: R500
/dev/emcpowergq :HITACHI : 0: 1: 2b 40004: 4849544143484920523530303943343432304336: 4849544143484920523530303943343432304336: R500
/dev/sdaff :HITACHI : 0: 3: 2b 40004: 4849544143484920523530303943343432304336: 4849544143484920523530303943343432304336: R500
/dev/sdlj :HITACHI : 0: 1: 2b 40004: 4849544143484920523530303943343432304336: 4849544143484920523530303943343432304336: R500
/dev/emcpowergr :HITACHI : 0: 1: 2c 40004: 4849544143484920523530303943343432304337: 4849544143484920523530303943343432304337: R500
/dev/sdafg :HITACHI : 0: 3: 2c 40004: 4849544143484920523530303943343432304337: 4849544143484920523530303943343432304337: R500
/dev/sdlk :HITACHI : 0: 1: 2c 40004: 4849544143484920523530303943343432304337: 4849544143484920523530303943343432304337: R500
/dev/emcpowergs :HITACHI : 0: 1: 2d 40004: 4849544143484920523530303943343432304338: 4849544143484920523530303943343432304338: R500
/dev/sdafh :HITACHI : 0: 3: 2d 40004: 4849544143484920523530303943343432304338: 4849544143484920523530303943343432304338: R500
/dev/sdll :HITACHI : 0: 1: 2d 40004: 4849544143484920523530303943343432304338: 4849544143484920523530303943343432304338: R500
/dev/emcpowergt :HITACHI : 0: 1: 2e 40004: 4849544143484920523530303943343432304339: 4849544143484920523530303943343432304339: R500
/dev/sdafi :HITACHI : 0: 3: 2e 40004: 4849544143484920523530303943343432304339: 4849544143484920523530303943343432304339: R500
/dev/sdlm :HITACHI : 0: 1: 2e 40004: 4849544143484920523530303943343432304339: 4849544143484920523530303943343432304339: R500
/dev/emcpowergu :HITACHI : 0: 1: 2f 40004: 4849544143484920523530303943343432304341: 4849544143484920523530303943343432304341: R500
/dev/sdafj :HITACHI : 0: 3: 2f 40004: 4849544143484920523530303943343432304341: 4849544143484920523530303943343432304341: R500
/dev/sdln :HITACHI : 0: 1: 2f 40004: 4849544143484920523530303943343432304341: 4849544143484920523530303943343432304341: R500
/dev/emcpowerti :HITACHI : 0: 1: 30 40004: 4849544143484920523530303943343432304342: 4849544143484920523530303943343432304342: R500
/dev/sdafk :HITACHI : 0: 3: 30 40004: 4849544143484920523530303943343432304342: 4849544143484920523530303943343432304342: R500
/dev/sdlo :HITACHI : 0: 1: 30 40004: 4849544143484920523530303943343432304342: 4849544143484920523530303943343432304342: R500
/dev/emcpowertj :HITACHI : 0: 1: 31 40004: 4849544143484920523530303943343432304343: 4849544143484920523530303943343432304343: R500
/dev/sdafl :HITACHI : 0: 3: 31 40004: 4849544143484920523530303943343432304343: 4849544143484920523530303943343432304343: R500
/dev/sdlp :HITACHI : 0: 1: 31 40004: 4849544143484920523530303943343432304343: 4849544143484920523530303943343432304343: R500
/dev/emcpowertk :HITACHI : 0: 1: 32 40004: 4849544143484920523530303943343432304344: 4849544143484920523530303943343432304344: R500
/dev/sdafm :HITACHI : 0: 3: 32 40004: 4849544143484920523530303943343432304344: 4849544143484920523530303943343432304344: R500
/dev/sdlq :HITACHI : 0: 1: 32 40004: 4849544143484920523530303943343432304344: 4849544143484920523530303943343432304344: R500
/dev/emcpowertl :HITACHI : 0: 1: 33 40004: 4849544143484920523530303943343432304345: 4849544143484920523530303943343432304345: R500
/dev/sdafn :HITACHI : 0: 3: 33 40004: 4849544143484920523530303943343432304345: 4849544143484920523530303943343432304345: R500
/dev/sdlr :HITACHI : 0: 1: 33 40004: 4849544143484920523530303943343432304345: 4849544143484920523530303943343432304345: R500
/dev/emcpowertm :HITACHI : 0: 1: 34 40004: 4849544143484920523530303943343432304346: 4849544143484920523530303943343432304346: R500
/dev/sdafo :HITACHI : 0: 3: 34 40004: 4849544143484920523530303943343432304346: 4849544143484920523530303943343432304346: R500
/dev/sdls :HITACHI : 0: 1: 34 40004: 4849544143484920523530303943343432304346: 4849544143484920523530303943343432304346: R500
/dev/emcpowertn :HITACHI : 0: 1: 35 40004: 4849544143484920523530303943343432304430: 4849544143484920523530303943343432304430: R500
/dev/sdafp :HITACHI : 0: 3: 35 40004: 4849544143484920523530303943343432304430: 4849544143484920523530303943343432304430: R500
/dev/sdlt :HITACHI : 0: 1: 35 40004: 4849544143484920523530303943343432304430: 4849544143484920523530303943343432304430: R500
/dev/emcpowerto :HITACHI : 0: 1: 36 40004: 4849544143484920523530303943343432304431: 4849544143484920523530303943343432304431: R500
/dev/sdafq :HITACHI : 0: 3: 36 40004: 4849544143484920523530303943343432304431: 4849544143484920523530303943343432304431: R500
/dev/sdlu :HITACHI : 0: 1: 36 40004: 4849544143484920523530303943343432304431: 4849544143484920523530303943343432304431: R500
/dev/emcpowertp :HITACHI : 0: 1: 37 40004: 4849544143484920523530303943343432304432: 4849544143484920523530303943343432304432: R500
/dev/sdafr :HITACHI : 0: 3: 37 40004: 4849544143484920523530303943343432304432: 4849544143484920523530303943343432304432: R500
/dev/sdlv :HITACHI : 0: 1: 37 40004: 4849544143484920523530303943343432304432: 4849544143484920523530303943343432304432: R500
/dev/emcpowertq :HITACHI : 0: 1: 38 40004: 4849544143484920523530303943343432304433: 4849544143484920523530303943343432304433: R500
/dev/sdafs :HITACHI : 0: 3: 38 40004: 4849544143484920523530303943343432304433: 4849544143484920523530303943343432304433: R500
/dev/sdlw :HITACHI : 0: 1: 38 40004: 4849544143484920523530303943343432304433: 4849544143484920523530303943343432304433: R500
/dev/emcpowertr :HITACHI : 0: 1: 39 40004: 4849544143484920523530303943343432304434: 4849544143484920523530303943343432304434: R500
/dev/sdaft :HITACHI : 0: 3: 39 40004: 4849544143484920523530303943343432304434: 4849544143484920523530303943343432304434: R500
/dev/sdlx :HITACHI : 0: 1: 39 40004: 4849544143484920523530303943343432304434: 4849544143484920523530303943343432304434: R500
/dev/emcpowerts :HITACHI : 0: 1: 3a 40004: 4849544143484920523530303943343432304435: 4849544143484920523530303943343432304435: R500
/dev/sdafu :HITACHI : 0: 3: 3a 40004: 4849544143484920523530303943343432304435: 4849544143484920523530303943343432304435: R500
/dev/sdly :HITACHI : 0: 1: 3a 40004: 4849544143484920523530303943343432304435: 4849544143484920523530303943343432304435: R500
/dev/emcpowertt :HITACHI : 0: 1: 3b 40004: 4849544143484920523530303943343432304436: 4849544143484920523530303943343432304436: R500
/dev/sdafv :HITACHI : 0: 3: 3b 40004: 4849544143484920523530303943343432304436: 4849544143484920523530303943343432304436: R500
/dev/sdlz :HITACHI : 0: 1: 3b 40004: 4849544143484920523530303943343432304436: 4849544143484920523530303943343432304436: R500
/dev/emcpowertu :HITACHI : 0: 1: 3c 40004: 4849544143484920523530303943343432304437: 4849544143484920523530303943343432304437: R500
/dev/sdafw :HITACHI : 0: 3: 3c 40004: 4849544143484920523530303943343432304437: 4849544143484920523530303943343432304437: R500
/dev/sdma :HITACHI : 0: 1: 3c 40004: 4849544143484920523530303943343432304437: 4849544143484920523530303943343432304437: R500
/dev/emcpowertv :HITACHI : 0: 1: 3d 40004: 4849544143484920523530303943343432304438: 4849544143484920523530303943343432304438: R500
/dev/sdafx :HITACHI : 0: 3: 3d 40004: 4849544143484920523530303943343432304438: 4849544143484920523530303943343432304438: R500
/dev/sdmb :HITACHI : 0: 1: 3d 40004: 4849544143484920523530303943343432304438: 4849544143484920523530303943343432304438: R500
/dev/emcpowertw :HITACHI : 0: 1: 3e 40004: 4849544143484920523530303943343432304439: 4849544143484920523530303943343432304439: R500
/dev/sdafy :HITACHI : 0: 3: 3e 40004: 4849544143484920523530303943343432304439: 4849544143484920523530303943343432304439: R500
/dev/sdmc :HITACHI : 0: 1: 3e 40004: 4849544143484920523530303943343432304439: 4849544143484920523530303943343432304439: R500
/dev/emcpowertx :HITACHI : 0: 1: 3f 40004: 4849544143484920523530303943343432304441: 4849544143484920523530303943343432304441: R500
/dev/sdafz :HITACHI : 0: 3: 3f 40004: 4849544143484920523530303943343432304441: 4849544143484920523530303943343432304441: R500
/dev/sdmd :HITACHI : 0: 1: 3f 40004: 4849544143484920523530303943343432304441: 4849544143484920523530303943343432304441: R500
/dev/emcpowerty :HITACHI : 0: 1: 40 40004: 4849544143484920523530303943343432304442: 4849544143484920523530303943343432304442: R500
/dev/sdaga :HITACHI : 0: 3: 40 40004: 4849544143484920523530303943343432304442: 4849544143484920523530303943343432304442: R500
/dev/sdme :HITACHI : 0: 1: 40 40004: 4849544143484920523530303943343432304442: 4849544143484920523530303943343432304442: R500
/dev/emcpowertz :HITACHI : 0: 1: 41 40004: 4849544143484920523530303943343432304443: 4849544143484920523530303943343432304443: R500
/dev/sdagb :HITACHI : 0: 3: 41 40004: 4849544143484920523530303943343432304443: 4849544143484920523530303943343432304443: R500
/dev/sdmf :HITACHI : 0: 1: 41 40004: 4849544143484920523530303943343432304443: 4849544143484920523530303943343432304443: R500
/dev/emcpowerua :HITACHI : 0: 1: 42 40004: 4849544143484920523530303943343432304444: 4849544143484920523530303943343432304444: R500
/dev/sdagc :HITACHI : 0: 3: 42 40004: 4849544143484920523530303943343432304444: 4849544143484920523530303943343432304444: R500
/dev/sdmg :HITACHI : 0: 1: 42 40004: 4849544143484920523530303943343432304444: 4849544143484920523530303943343432304444: R500
/dev/emcpowerub :HITACHI : 0: 1: 43 40004: 4849544143484920523530303943343432304445: 4849544143484920523530303943343432304445: R500
/dev/sdagd :HITACHI : 0: 3: 43 40004: 4849544143484920523530303943343432304445: 4849544143484920523530303943343432304445: R500
/dev/sdmh :HITACHI : 0: 1: 43 40004: 4849544143484920523530303943343432304445: 4849544143484920523530303943343432304445: R500
/dev/emcpoweruc :HITACHI : 0: 1: 44 40004: 4849544143484920523530303943343432304446: 4849544143484920523530303943343432304446: R500
/dev/sdage :HITACHI : 0: 3: 44 40004: 4849544143484920523530303943343432304446: 4849544143484920523530303943343432304446: R500
/dev/sdmi :HITACHI : 0: 1: 44 40004: 4849544143484920523530303943343432304446: 4849544143484920523530303943343432304446: R500
/dev/emcpowerud :HITACHI : 0: 1: 45 40004: 4849544143484920523530303943343432304530: 4849544143484920523530303943343432304530: R500
/dev/sdagf :HITACHI : 0: 3: 45 40004: 4849544143484920523530303943343432304530: 4849544143484920523530303943343432304530: R500
/dev/sdmj :HITACHI : 0: 1: 45 40004: 4849544143484920523530303943343432304530: 4849544143484920523530303943343432304530: R500
/dev/emcpowerue :HITACHI : 0: 1: 46 40004: 4849544143484920523530303943343432304531: 4849544143484920523530303943343432304531: R500
/dev/sdagg :HITACHI : 0: 3: 46 40004: 4849544143484920523530303943343432304531: 4849544143484920523530303943343432304531: R500
/dev/sdmk :HITACHI : 0: 1: 46 40004: 4849544143484920523530303943343432304531: 4849544143484920523530303943343432304531: R500
/dev/emcpoweruf :HITACHI : 0: 1: 47 40004: 4849544143484920523530303943343432304532: 4849544143484920523530303943343432304532: R500
/dev/sdagh :HITACHI : 0: 3: 47 40004: 4849544143484920523530303943343432304532: 4849544143484920523530303943343432304532: R500
/dev/sdml :HITACHI : 0: 1: 47 40004: 4849544143484920523530303943343432304532: 4849544143484920523530303943343432304532: R500
/dev/emcpowerug :HITACHI : 0: 1: 48 40004: 4849544143484920523530303943343432304533: 4849544143484920523530303943343432304533: R500
/dev/sdagi :HITACHI : 0: 3: 48 40004: 4849544143484920523530303943343432304533: 4849544143484920523530303943343432304533: R500
/dev/sdmm :HITACHI : 0: 1: 48 40004: 4849544143484920523530303943343432304533: 4849544143484920523530303943343432304533: R500
/dev/emcpoweruh :HITACHI : 0: 1: 49 40004: 4849544143484920523530303943343432304534: 4849544143484920523530303943343432304534: R500
