=========================================================
bash-3.2# uname -a 
SunOS tktpsfigz1 5.10 Generic_150400-17 sun4u sparc SUNW,Netra-T12

bash-3.2# metastat -p
d1 -m d11 d21 1
d11 1 1 c1t0d0s1
d21 1 1 c1t1d0s1
d0 -m d10 d20 1
d10 1 1 c1t0d0s0
d20 1 1 c1t1d0s0 --- Needs Replacement

bash-3.2# iostat -en | grep c1t1d0
    1  15   5  21 c1t1d0
                
bash-3.2# metadb
        flags           first blk       block count
     a m  p  luo        16              8192            /dev/dsk/c1t0d0s7
     a    p  luo        8208            8192            /dev/dsk/c1t0d0s7
     a    p  luo        16400           8192            /dev/dsk/c1t0d0s7
     a    p  luo        16              8192            /dev/dsk/c1t1d0s7
     a    p  luo        8208            8192            /dev/dsk/c1t1d0s7
     a    p  luo        16400           8192            /dev/dsk/c1t1d0s7

bash-3.2# cfgadm -al | grep c1
c1                             scsi-bus     connected    configured   unknown
c1::dsk/c1t0d0                 disk         connected    configured   unknown
c1::dsk/c1t1d0                 disk         connected    configured   unknown


bash-3.2# /usr/sbin/vxdmpadm getsubpaths ctlr=c1
NAME         STATE[A]   PATH-TYPE[M] DMPNODENAME  ENCLR-TYPE   ENCLR-NAME   ATTRS
================================================================================
c1t0d0s2     ENABLED(A)   -          c1t0d0s2     Disk         disk           -
c1t1d0s2     ENABLED(A)   -          c1t1d0s2     Disk         disk           -

STEPS::
metastat
metastat -p
metadetach -f d0 d20
metadetach -f d1 d21
metaclear -f d20 d21
metastat -p

metadb
metadb -f -d /dev/dsk/c1t1d0s7

cfgadm -al
cfgadm -c unconfigure c1::dsk/c1t1d0 -> if it fails then check for subpaths (Enable / Disable) If enabled then proceed to Disable.

vxdmpadm -f disable path=c1t1d0s2
cfgadm -c unconfigure c1::dsk/c1t1d0 -> if it fails then try forcefully
cfgadm -c -f unconfigure c1::dsk/c1t1d0 

->>>>>if still fails then shutdown the server and remove the disk

touch /reconfigure
sync;sync;sync
init 0

ok> boot disk1

->>>>>

devfsadm -Cv
cfgadm -al
cfgadm -c configure c1::dsk/c1t1d0 or c1:sd3 (get from cfgadm -al)
cfgadm -f -c configure c1::dsk/c1t1d0 or c1:sd3 (get from cfgadm -al)

/usr/sbin/vxdmpadm getsubpaths ctlr=c1
vxdmpadm -f enable path=c1t1d0s2 (use this command if diabled)

Label the new disk and create/copy from another disk, the volume table. 

format
select disk
l -lable 
y - yes
q - quit

prtvtoc /dev/rdsk/c1t0d0s2| fmthard -s - /dev/rdsk/c1t1d0s2

Configure metadb on the new disk. 

metadb -afc 3 c1t1d0s7 -> here number 3 is no. of replicas

Initialize new submirrors and attach it to the original mirror. 

metainit d20 1 1 c1t1d0s0
metainit d21 1 1 c1t1d0s1
metattach d0 d20
metattach d1 d21
metastat | grep -i sync
------------------------------------------------------------



==========================================================================
=========================================================================
========================================================================
=================================================================================
<<< Log from tktpsfigz1 started March 28, 2015, 12:32:40 >>>
$ pbrun root                                                                                                                                                                                             

Password: 

Enter reason for this privilege access: CHG0000672627                                                                                                                                                    


You are authorized to use this System for approved business purposes only.
Use for any other purpose is prohibited. All transactional records, reports,
email, software and other data generated by or residing upon this System,                                                                                                                                
to the extent permitted by local law, are the property of Citigroup Inc. or                                                                                                                              
one of its subsidiaries or their affiliates (individually or collectively                                                                                                                                
' Citigroup ') and may be used by Citigroup for any purpose authorized and                                                                                                                               
permissible in your country of work. Activities on this System are monitored                                                                                                                             
to the extent permitted by local law.                                                                                                                                                                    

You have mail.                                                                                                                                                                                           
# uname -a                                                                                                                                                                                               
SunOS tktpsfigz1 5.10 Generic_150400-17 sun4u sparc SUNW,Netra-T12                                                                                                                                       
# passwd                                                                                                                                                                                                 
passwd: Changing password for root                                                                                                                                                                       
New Password:                                                                                                                                                                                            
# passwd                                                                                                                                                                                                 
passwd: Changing password for root                                                                                                                                                                       
New Password:                                                                                                                                                                                            
Re-enter new Password:                                                                                                                                                                                   
passwd: password successfully changed for root                                                                                                                                                           
#                                                                                                                                                                                                        
#                                                                                                                                                                                                        
# metastat -p                                                                                                                                                                                            
d1 -m d11 d21 1                                                                                                                                                                                          
d11 1 1 c1t0d0s1                                                                                                                                                                                         
d21 1 1 c1t1d0s1                                                                                                                                                                                         
d0 -m d10 d20 1                                                                                                                                                                                          
d10 1 1 c1t0d0s0                                                                                                                                                                                         
d20 1 1 c1t1d0s0                                                                                                                                                                                         
# df -h /                                                                                                                                                                                                
Filesystem             size   used  avail capacity  Mounted on                                                                                                                                           
/dev/md/dsk/d0         103G    83G    19G    82%    /                                                                                                                                                    
# metastat                                                                                                                                                                                               
d1: Mirror                                                                                                                                                                                               
    Submirror 0: d11                                                                                                                                                                                     
      State: Okay                                                                                                                                                                                        
    Submirror 1: d21                                                                                                                                                                                     
      State: Okay                                                                                                                                                                                        
    Pass: 1                                                                                                                                                                                              
    Read option: roundrobin (default)                                                                                                                                                                    
    Write option: parallel (default)                                                                                                                                                                     
    Size: 67120896 blocks (32 GB)                                                                                                                                                                        

d11: Submirror of d1                                                                                                                                                                                     
    State: Okay                                                                                                                                                                                          
    Size: 67120896 blocks (32 GB)                                                                                                                                                                        
    Stripe 0:                                                                                                                                                                                            
        Device     Start Block  Dbase        State Reloc Hot Spare                                                                                                                                       
        c1t0d0s1          0     No            Okay   Yes                                                                                                                                                 


d21: Submirror of d1                                                                                                                                                                                     
    State: Okay                                                                                                                                                                                          
    Size: 67120896 blocks (32 GB)                                                                                                                                                                        
    Stripe 0:                                                                                                                                                                                            
        Device     Start Block  Dbase        State Reloc Hot Spare                                                                                                                                       
        c1t1d0s1          0     No            Okay   Yes                                                                                                                                                 


d0: Mirror                                                                                                                                                                                               
    Submirror 0: d10                                                                                                                                                                                     
      State: Okay                                                                                                                                                                                        
    Submirror 1: d20                                                                                                                                                                                     
      State: Needs maintenance                                                                                                                                                                           
    Pass: 1                                                                                                                                                                                              
    Read option: roundrobin (default)                                                                                                                                                                    
    Write option: parallel (default)                                                                                                                                                                     
    Size: 219496320 blocks (104 GB)                                                                                                                                                                      

d10: Submirror of d0                                                                                                                                                                                     
    State: Okay                                                                                                                                                                                          
    Size: 219496320 blocks (104 GB)                                                                                                                                                                      
    Stripe 0:                                                                                                                                                                                            
        Device     Start Block  Dbase        State Reloc Hot Spare                                                                                                                                       
        c1t0d0s0          0     No            Okay   Yes                                                                                                                                                 


d20: Submirror of d0                                                                                                                                                                                     
    State: Needs maintenance                                                                                                                                                                             
    Invoke: metareplace d0 c1t1d0s0 <new device>                                                                                                                                                         
    Size: 219496320 blocks (104 GB)                                                                                                                                                                      
    Stripe 0:                                                                                                                                                                                            
        Device     Start Block  Dbase        State Reloc Hot Spare                                                                                                                                       
        c1t1d0s0          0     No     Maintenance   Yes                                                                                                                                                 


Device Relocation Information:                                                                                                                                                                           
Device   Reloc  Device ID                                                                                                                                                                                
c1t0d0   Yes    id1,sd@SFUJITSU_MAT3147N_SUN146G000533C0555R____AAC0P580555R                                                                                                                             
c1t1d0   Yes    id1,sd@TSEAGATE_ST314670LSUN146G3KS1MKRN                                                                                                                                                 
# iostat -a                                                                                                                                                                                              
iostat: illegal option -- a                                                                                                                                                                              
Usage: iostat [-cCdDeEiImMnpPrstxXYz]  [-l n] [-T d|u] [disk ...] [interval [count]]                                                                                                                     
                -c:     report percentage of time system has spent                                                                                                                                       
                        in user/system/wait/idle mode                                                                                                                                                    
                -C:     report disk statistics by controller                                                                                                                                             
                -d:     display disk Kb/sec, transfers/sec, avg.                                                                                                                                         
                        service time in milliseconds                                                                                                                                                     
                -D:     display disk reads/sec, writes/sec,                                                                                                                                              
                        percentage disk utilization                                                                                                                                                      
                -e:     report device error summary statistics                                                                                                                                           
                -E:     report extended device error statistics                                                                                                                                          
                -i:     show device IDs for -E output                                                                                                                                                    
                -I:     report the counts in each interval,                                                                                                                                              
                        instead of rates, where applicable                                                                                                                                               
                -l n:   Limit the number of disks to n                                                                                                                                                   
                -m:     Display mount points (most useful with -p)                                                                                                                                       
                -M:     Display data throughput in MB/sec instead of Kb/sec                                                                                                                              
                -n:     convert device names to cXdYtZ format                                                                                                                                            
                -p:     report per-partition disk statistics                                                                                                                                             
                -P:     report per-partition disk statistics only,                                                                                                                                       
                        no per-device disk statistics                                                                                                                                                    
                -r:     Display data in comma separated format                                                                                                                                           
                -s:     Suppress state change messages                                                                                                                                                   
                -T d|u  Display a timestamp in date (d) or unix time_t (u)                                                                                                                               
                -t:     display chars read/written to terminals                                                                                                                                          
                -x:     display extended disk statistics                                                                                                                                                 
                -X:     display I/O path statistics                                                                                                                                                      
                -Y:     display I/O path (I/T/L) statistics                                                                                                                                              
                -z:     Suppress entries with all zero values                                                                                                                                            
# ipstat -^H^H^C                                                                                                                                                                                         
# iostat -en                                                                                                                                                                                             
  ---- errors ---                                                                                                                                                                                        
  s/w h/w trn tot device                                                                                                                                                                                 
    0   0   0   0 md/d0                                                                                                                                                                                  
    0   0   0   0 md/d1                                                                                                                                                                                  
    0   0   0   0 md/d10                                                                                                                                                                                 
    0   0   0   0 md/d11                                                                                                                                                                                 
    0   0   0   0 md/d20                                                                                                                                                                                 
    0   0   0   0 md/d21                                                                                                                                                                                 
    1  15   5  21 c1t1d0                                                                                                                                                                                 
    0   0   0   0 c1t0d0                                                                                                                                                                                 
    0   0   0   0 c4t500009740817E59Cd7                                                                                                                                                                  
    0   0   0   0 c3t500009740817E5A0d7                                                                                                                                                                  
    0   0   0   0 tkpusers01.nssmb.com:/vol/prod_users/hh97268                                                                                                                                           
    0   0   0   0 tkpssh01.nssmb.com:/vol/prod_ssh/sshkeys                                                                                                                                               
    0   0   0   0 tkpssh01.nssmb.com:/vol/prod_ssh/sshkeys                                                                                                                                               
# iostat -En                                                                                                                                                                                             
c1t1d0           Soft Errors: 1 Hard Errors: 15 Transport Errors: 5                                                                                                                                      
Vendor: SEAGATE  Product: ST314670LSUN146G Revision: 065A Serial No: 052641MKRN                                                                                                                          
Size: 146.81GB <146810536448 bytes>                                                                                                                                                                      
Media Error: 13 Device Not Ready: 0 No Device: 2 Recoverable: 1                                                                                                                                          
Illegal Request: 1001 Predictive Failure Analysis: 0                                                                                                                                                     
c1t0d0           Soft Errors: 0 Hard Errors: 0 Transport Errors: 0                                                                                                                                       
Vendor: FUJITSU  Product: MAT3147N SUN146G Revision: 1703 Serial No: 0533C0555R                                                                                                                          
Size: 146.81GB <146810536448 bytes>                                                                                                                                                                      
Media Error: 0 Device Not Ready: 0 No Device: 0 Recoverable: 0                                                                                                                                           
Illegal Request: 1001 Predictive Failure Analysis: 0                                                                                                                                                     
c4t500009740817E59Cd7 Soft Errors: 0 Hard Errors: 0 Transport Errors: 0                                                                                                                                  
Vendor: EMC      Product: SYMMETRIX        Revision: 5874 Serial No: 601529739000                                                                                                                        
Size: 36.20GB <36199464960 bytes>                                                                                                                                                                        
Media Error: 0 Device Not Ready: 0 No Device: 0 Recoverable: 0                                                                                                                                           
Illegal Request: 0 Predictive Failure Analysis: 0                                                                                                                                                        
c3t500009740817E5A0d7 Soft Errors: 0 Hard Errors: 0 Transport Errors: 0                                                                                                                                  
Vendor: EMC      Product: SYMMETRIX        Revision: 5874 Serial No: 601529739000                                                                                                                        
Size: 36.20GB <36199464960 bytes>                                                                                                                                                                        
Media Error: 0 Device Not Ready: 0 No Device: 0 Recoverable: 0                                                                                                                                           
Illegal Request: 0 Predictive Failure Analysis: 0                                                                                                                                                        
# metastat -p                                                                                                                                                                                            
d1 -m d11 d21 1                                                                                                                                                                                          
d11 1 1 c1t0d0s1                                                                                                                                                                                         
d21 1 1 c1t1d0s1                                                                                                                                                                                         
d0 -m d10 d20 1                                                                                                                                                                                          
d10 1 1 c1t0d0s0                                                                                                                                                                                         
d20 1 1 c1t1d0s0                                                                                                                                                                                         
# metade^C                                                                                                                                                                                               
# metadetach -f d0 d20                                                                                                                                                                                   
d0: submirror d20 is detached                                                                                                                                                                            
# ^[[A^[[A^C                                                                                                                                                                                             
# bash                                                                                                                                                                                                   
bash-3.2# metastat -p                                                                                                                                                                                    
d1 -m d11 d21 1                                                                                                                                                                                          
d11 1 1 c1t0d0s1                                                                                                                                                                                         
d21 1 1 c1t1d0s1                                                                                                                                                                                         
d0 -m d10 1                                                                                                                                                                                              
d10 1 1 c1t0d0s0                                                                                                                                                                                         
d20 1 1 c1t1d0s0                                                                                                                                                                                         
bash-3.2# metadetach -f d1 d21                                                                                                                                                                           
d1: submirror d21 is detached                                                                                                                                                                            
bash-3.2# metastat -p                                                                                                                                                                                    
d1 -m d11 1                                                                                                                                                                                              
d11 1 1 c1t0d0s1                                                                                                                                                                                         
d0 -m d10 1                                                                                                                                                                                              
d10 1 1 c1t0d0s0                                                                                                                                                                                         
d21 1 1 c1t1d0s1                                                                                                                                                                                         
d20 1 1 c1t1d0s0                                                                                                                                                                                         
bash-3.2# metaclear -f d20 d21                                                                                                                                                                           
d20: Concat/Stripe is cleared                                                                                                                                                                            
d21: Concat/Stripe is cleared                                                                                                                                                                            
bash-3.2# metastat -p                                                                                                                                                                                    
d1 -m d11 1                                                                                                                                                                                              
d11 1 1 c1t0d0s1                                                                                                                                                                                         
d0 -m d10 1                                                                                                                                                                                              
d10 1 1 c1t0d0s0                                                                                                                                                                                         
bash-3.2# metadb                                                                                                                                                                                         
        flags           first blk       block count                                                                                                                                                      
     a m  p  luo        16              8192            /dev/dsk/c1t0d0s7                                                                                                                                
     a    p  luo        8208            8192            /dev/dsk/c1t0d0s7                                                                                                                                
     a    p  luo        16400           8192            /dev/dsk/c1t0d0s7                                                                                                                                
     a    p  luo        16              8192            /dev/dsk/c1t1d0s7                                                                                                                                
     a    p  luo        8208            8192            /dev/dsk/c1t1d0s7                                                                                                                                
     a    p  luo        16400           8192            /dev/dsk/c1t1d0s7                                                                                                                                
bash-3.2# metadb -f -d /dev/dsk/c1t1d0s7                                                                                                                                                                 
bash-3.2# metadb                                                                                                                                                                                         
        flags           first blk       block count                                                                                                                                                      
     a m  p  luo        16              8192            /dev/dsk/c1t0d0s7                                                                                                                                
     a    p  luo        8208            8192            /dev/dsk/c1t0d0s7                                                                                                                                
     a    p  luo        16400           8192            /dev/dsk/c1t0d0s7                                                                                                                                
bash-3.2#                                                                                                                                                                                                
bash-3.2# cfgadm -al                                                                                                                                                                                     
Ap_Id                          Type         Receptacle   Occupant     Condition                                                                                                                          
N0.IB6                         PCI+_I/O_Bo  connected    configured   ok                                                                                                                                 
N0.IB6::pci0                   io           connected    configured   ok                                                                                                                                 
N0.IB6::pci1                   io           connected    configured   ok                                                                                                                                 
N0.IB6::pci2                   io           connected    configured   ok                                                                                                                                 
N0.IB6::pci3                   io           connected    configured   ok                                                                                                                                 
N0.SB0                         CPU_V3       connected    configured   ok                                                                                                                                 
N0.SB0::cpu0                   cpu          connected    configured   ok                                                                                                                                 
N0.SB0::cpu1                   cpu          connected    configured   ok                                                                                                                                 
N0.SB0::cpu2                   cpu          connected    configured   ok                                                                                                                                 
N0.SB0::cpu3                   cpu          connected    configured   ok                                                                                                                                 
N0.SB0::memory                 memory       connected    configured   ok                                                                                                                                 
N0.SB2                         CPU_V3       connected    configured   ok                                                                                                                                 
N0.SB2::cpu0                   cpu          connected    configured   ok                                                                                                                                 
N0.SB2::cpu1                   cpu          connected    configured   ok                                                                                                                                 
N0.SB2::cpu2                   cpu          connected    configured   ok                                                                                                                                 
N0.SB2::cpu3                   cpu          connected    configured   ok                                                                                                                                 
N0.SB2::memory                 memory       connected    configured   ok                                                                                                                                 
N0.SB4                         CPU_V3       connected    configured   ok                                                                                                                                 
N0.SB4::cpu0                   cpu          connected    configured   ok                                                                                                                                 
N0.SB4::cpu1                   cpu          connected    configured   ok                                                                                                                                 
N0.SB4::cpu2                   cpu          connected    configured   ok                                                                                                                                 
N0.SB4::cpu3                   cpu          connected    configured   ok                                                                                                                                 
N0.SB4::memory                 memory       connected    configured   ok                                                                                                                                 
c1                             scsi-bus     connected    configured   unknown                                                                                                                            
c1::dsk/c1t0d0                 disk         connected    configured   unknown                                                                                                                            
c1::dsk/c1t1d0                 disk         connected    configured   unknown                                                                                                                            
c2                             scsi-bus     connected    unconfigured unknown                                                                                                                            
c3                             fc-fabric    connected    configured   unknown                                                                                                                            
c3::500009740817e5a0           disk         connected    configured   unknown                                                                                                                            
c4                             fc-fabric    connected    configured   unknown                                                                                                                            
c4::500009740817e59c           disk         connected    configured   unknown                                                                                                                            
bash-3.2# cfgadm -c unconfigure c1::dsk/c1t1d0                                                                                                                                                           
cfgadm: Component system is busy, try again: failed to offline:                                                                                                                                          
     Resource              Information                                                                                                                                                                   
------------------  -------------------------                                                                                                                                                            
/dev/dsk/c1t1d0s2   Device being used by VxVM                                                                                                                                                            
bash-3.2# cfgadm -al                                                                                                                                                                                     
Ap_Id                          Type         Receptacle   Occupant     Condition                                                                                                                          
N0.IB6                         PCI+_I/O_Bo  connected    configured   ok                                                                                                                                 
N0.IB6::pci0                   io           connected    configured   ok                                                                                                                                 
N0.IB6::pci1                   io           connected    configured   ok                                                                                                                                 
N0.IB6::pci2                   io           connected    configured   ok                                                                                                                                 
N0.IB6::pci3                   io           connected    configured   ok                                                                                                                                 
N0.SB0                         CPU_V3       connected    configured   ok                                                                                                                                 
N0.SB0::cpu0                   cpu          connected    configured   ok                                                                                                                                 
N0.SB0::cpu1                   cpu          connected    configured   ok                                                                                                                                 
N0.SB0::cpu2                   cpu          connected    configured   ok                                                                                                                                 
N0.SB0::cpu3                   cpu          connected    configured   ok                                                                                                                                 
N0.SB0::memory                 memory       connected    configured   ok                                                                                                                                 
N0.SB2                         CPU_V3       connected    configured   ok                                                                                                                                 
N0.SB2::cpu0                   cpu          connected    configured   ok                                                                                                                                 
N0.SB2::cpu1                   cpu          connected    configured   ok                                                                                                                                 
N0.SB2::cpu2                   cpu          connected    configured   ok                                                                                                                                 
N0.SB2::cpu3                   cpu          connected    configured   ok                                                                                                                                 
N0.SB2::memory                 memory       connected    configured   ok                                                                                                                                 
N0.SB4                         CPU_V3       connected    configured   ok                                                                                                                                 
N0.SB4::cpu0                   cpu          connected    configured   ok                                                                                                                                 
N0.SB4::cpu1                   cpu          connected    configured   ok                                                                                                                                 
N0.SB4::cpu2                   cpu          connected    configured   ok                                                                                                                                 
N0.SB4::cpu3                   cpu          connected    configured   ok                                                                                                                                 
N0.SB4::memory                 memory       connected    configured   ok                                                                                                                                 
c1                             scsi-bus     connected    configured   unknown                                                                                                                            
c1::dsk/c1t0d0                 disk         connected    configured   unknown                                                                                                                            
c1::dsk/c1t1d0                 disk         connected    configured   unknown                                                                                                                            
c2                             scsi-bus     connected    unconfigured unknown                                                                                                                            
c3                             fc-fabric    connected    configured   unknown                                                                                                                            
c3::500009740817e5a0           disk         connected    configured   unknown                                                                                                                            
c4                             fc-fabric    connected    configured   unknown                                                                                                                            
c4::500009740817e59c           disk         connected    configured   unknown                                                                                                                            
bash-3.2# /usr/sbin/vxdmpadm getsubpaths ctlr=c1                                                                                                                                                         
NAME         STATE[A]   PATH-TYPE[M] DMPNODENAME  ENCLR-TYPE   ENCLR-NAME   ATTRS                                                                                                                        
================================================================================                                                                                                                         
c1t0d0s2     ENABLED(A)   -          c1t0d0s2     Disk         disk           -                                                                                                                          
c1t1d0s2     ENABLED(A)   -          c1t1d0s2     Disk         disk           -                                                                                                                          
bash-3.2# vxdmpadm -f disable path=c1t1d0s2                                                                                                                                                              
bash-3.2# /usr/sbin/vxdmpadm getsubpaths ctlr=c1                                                                                                                                                         
NAME         STATE[A]   PATH-TYPE[M] DMPNODENAME  ENCLR-TYPE   ENCLR-NAME   ATTRS                                                                                                                        
================================================================================                                                                                                                         
c1t0d0s2     ENABLED(A)   -          c1t0d0s2     Disk         disk           -                                                                                                                          
c1t1d0s2     DISABLED     -          c1t1d0s2     Disk         disk           -                                                                                                                          
bash-3.2# cfgadm -c unconfigure c1::dsk/c1t1d0                                                                                                                                                           
bash-3.2# cfgadm -al                                                                                                                                                                                     
Ap_Id                          Type         Receptacle   Occupant     Condition                                                                                                                          
N0.IB6                         PCI+_I/O_Bo  connected    configured   ok                                                                                                                                 
N0.IB6::pci0                   io           connected    configured   ok                                                                                                                                 
N0.IB6::pci1                   io           connected    configured   ok                                                                                                                                 
N0.IB6::pci2                   io           connected    configured   ok                                                                                                                                 
N0.IB6::pci3                   io           connected    configured   ok                                                                                                                                 
N0.SB0                         CPU_V3       connected    configured   ok                                                                                                                                 
N0.SB0::cpu0                   cpu          connected    configured   ok                                                                                                                                 
N0.SB0::cpu1                   cpu          connected    configured   ok                                                                                                                                 
N0.SB0::cpu2                   cpu          connected    configured   ok                                                                                                                                 
N0.SB0::cpu3                   cpu          connected    configured   ok                                                                                                                                 
N0.SB0::memory                 memory       connected    configured   ok                                                                                                                                 
N0.SB2                         CPU_V3       connected    configured   ok                                                                                                                                 
N0.SB2::cpu0                   cpu          connected    configured   ok                                                                                                                                 
N0.SB2::cpu1                   cpu          connected    configured   ok                                                                                                                                 
N0.SB2::cpu2                   cpu          connected    configured   ok                                                                                                                                 
N0.SB2::cpu3                   cpu          connected    configured   ok                                                                                                                                 
N0.SB2::memory                 memory       connected    configured   ok                                                                                                                                 
N0.SB4                         CPU_V3       connected    configured   ok                                                                                                                                 
N0.SB4::cpu0                   cpu          connected    configured   ok                                                                                                                                 
N0.SB4::cpu1                   cpu          connected    configured   ok                                                                                                                                 
N0.SB4::cpu2                   cpu          connected    configured   ok                                                                                                                                 
N0.SB4::cpu3                   cpu          connected    configured   ok                                                                                                                                 
N0.SB4::memory                 memory       connected    configured   ok                                                                                                                                 
c1                             scsi-bus     connected    configured   unknown                                                                                                                            
c1::dsk/c1t0d0                 disk         connected    configured   unknown                                                                                                                            
c1::dsk/c1t1d0                 disk         connected    unconfigured unknown                                                                                                                            
c2                             scsi-bus     connected    unconfigured unknown                                                                                                                            
c3                             fc-fabric    connected    configured   unknown                                                                                                                            
c3::500009740817e5a0           disk         connected    configured   unknown                                                                                                                            
c4                             fc-fabric    connected    configured   unknown                                                                                                                            
c4::500009740817e59c           disk         connected    configured   unknown                                                                                                                            
bash-3.2# cfgadm -al | grep c1t1d0                                                                                                                                                                       
c1::dsk/c1t1d0                 disk         connected    unconfigured unknown                                                                                                                            
bash-3.2# uname -a                                                                                                                                                                                       
SunOS tktpsfigz1 5.10 Generic_150400-17 sun4u sparc SUNW,Netra-T12                                                                                                                                       
bash-3.2# cfgadm -al                                                                                                                                                                                     
Ap_Id                          Type         Receptacle   Occupant     Condition                                                                                                                          
N0.IB6                         PCI+_I/O_Bo  connected    configured   ok                                                                                                                                 
N0.IB6::pci0                   io           connected    configured   ok                                                                                                                                 
N0.IB6::pci1                   io           connected    configured   ok                                                                                                                                 
N0.IB6::pci2                   io           connected    configured   ok                                                                                                                                 
N0.IB6::pci3                   io           connected    configured   ok                                                                                                                                 
N0.SB0                         CPU_V3       connected    configured   ok                                                                                                                                 
N0.SB0::cpu0                   cpu          connected    configured   ok                                                                                                                                 
N0.SB0::cpu1                   cpu          connected    configured   ok                                                                                                                                 
N0.SB0::cpu2                   cpu          connected    configured   ok                                                                                                                                 
N0.SB0::cpu3                   cpu          connected    configured   ok                                                                                                                                 
N0.SB0::memory                 memory       connected    configured   ok                                                                                                                                 
N0.SB2                         CPU_V3       connected    configured   ok                                                                                                                                 
N0.SB2::cpu0                   cpu          connected    configured   ok                                                                                                                                 
N0.SB2::cpu1                   cpu          connected    configured   ok                                                                                                                                 
N0.SB2::cpu2                   cpu          connected    configured   ok                                                                                                                                 
N0.SB2::cpu3                   cpu          connected    configured   ok                                                                                                                                 
N0.SB2::memory                 memory       connected    configured   ok                                                                                                                                 
N0.SB4                         CPU_V3       connected    configured   ok                                                                                                                                 
N0.SB4::cpu0                   cpu          connected    configured   ok                                                                                                                                 
N0.SB4::cpu1                   cpu          connected    configured   ok                                                                                                                                 
N0.SB4::cpu2                   cpu          connected    configured   ok                                                                                                                                 
N0.SB4::cpu3                   cpu          connected    configured   ok                                                                                                                                 
N0.SB4::memory                 memory       connected    configured   ok                                                                                                                                 
c1                             scsi-bus     connected    configured   unknown                                                                                                                            
c1::dsk/c1t0d0                 disk         connected    configured   unknown                                                                                                                            
c1::dsk/c1t1d0                 disk         connected    unconfigured unknown                                                                                                                            
c2                             scsi-bus     connected    unconfigured unknown                                                                                                                            
c3                             fc-fabric    connected    configured   unknown                                                                                                                            
c3::500009740817e5a0           disk         connected    configured   unknown                                                                                                                            
c4                             fc-fabric    connected    configured   unknown                                                                                                                            
c4::500009740817e59c           disk         connected    configured   unknown                                                                                                                            
bash-3.2# devfsadm -Cv                                                                                                                                                                                   
devfsadm[14290]: verbose: removing file: /dev/cfg/c0                                                                                                                                                     
devfsadm[14290]: verbose: removing file: /dev/dsk/c0t0d0s0                                                                                                                                               
devfsadm[14290]: verbose: removing file: /dev/dsk/c0t0d0s1                                                                                                                                               
devfsadm[14290]: verbose: removing file: /dev/dsk/c0t0d0s2                                                                                                                                               
devfsadm[14290]: verbose: removing file: /dev/dsk/c0t0d0s3                                                                                                                                               
devfsadm[14290]: verbose: removing file: /dev/dsk/c0t0d0s4                                                                                                                                               
devfsadm[14290]: verbose: removing file: /dev/dsk/c0t0d0s5                                                                                                                                               
devfsadm[14290]: verbose: removing file: /dev/dsk/c0t0d0s6                                                                                                                                               
devfsadm[14290]: verbose: removing file: /dev/dsk/c0t0d0s7                                                                                                                                               
devfsadm[14290]: verbose: removing file: /dev/dsk/c1t1d0s0                                                                                                                                               
devfsadm[14290]: verbose: removing file: /dev/dsk/c1t1d0s1                                                                                                                                               
devfsadm[14290]: verbose: removing file: /dev/dsk/c1t1d0s2                                                                                                                                               
devfsadm[14290]: verbose: removing file: /dev/dsk/c1t1d0s3                                                                                                                                               
devfsadm[14290]: verbose: removing file: /dev/dsk/c1t1d0s4                                                                                                                                               
devfsadm[14290]: verbose: removing file: /dev/dsk/c1t1d0s5                                                                                                                                               
devfsadm[14290]: verbose: removing file: /dev/dsk/c1t1d0s6                                                                                                                                               
devfsadm[14290]: verbose: removing file: /dev/dsk/c1t1d0s7                                                                                                                                               
devfsadm[14290]: verbose: removing file: /dev/dsk/c4t5006048C52A627F9d0s0                                                                                                                                
devfsadm[14290]: verbose: removing file: /dev/dsk/c4t5006048C52A627F9d0s1                                                                                                                                
devfsadm[14290]: verbose: removing file: /dev/dsk/c4t5006048C52A627F9d0s2                                                                                                                                
devfsadm[14290]: verbose: removing file: /dev/dsk/c4t5006048C52A627F9d0s3                                                                                                                                
devfsadm[14290]: verbose: removing file: /dev/dsk/c4t5006048C52A627F9d0s4                                                                                                                                
devfsadm[14290]: verbose: removing file: /dev/dsk/c4t5006048C52A627F9d0s5                                                                                                                                
devfsadm[14290]: verbose: removing file: /dev/dsk/c4t5006048C52A627F9d0s6                                                                                                                                
devfsadm[14290]: verbose: removing file: /dev/dsk/c4t5006048C52A627F9d0s7                                                                                                                                
devfsadm[14290]: verbose: removing file: /dev/dsk/c3t5006048C52A627E6d0s0                                                                                                                                
devfsadm[14290]: verbose: removing file: /dev/dsk/c3t5006048C52A627E6d0s1                                                                                                                                
devfsadm[14290]: verbose: removing file: /dev/dsk/c3t5006048C52A627E6d0s2                                                                                                                                
devfsadm[14290]: verbose: removing file: /dev/dsk/c3t5006048C52A627E6d0s3                                                                                                                                
devfsadm[14290]: verbose: removing file: /dev/dsk/c3t5006048C52A627E6d0s4                                                                                                                                
devfsadm[14290]: verbose: removing file: /dev/dsk/c3t5006048C52A627E6d0s5                                                                                                                                
devfsadm[14290]: verbose: removing file: /dev/dsk/c3t5006048C52A627E6d0s6                                                                                                                                
devfsadm[14290]: verbose: removing file: /dev/dsk/c3t5006048C52A627E6d0s7                                                                                                                                
devfsadm[14290]: verbose: removing file: /dev/dsk/c3t5006048C52A627E6d27s0                                                                                                                               
devfsadm[14290]: verbose: removing file: /dev/dsk/c3t5006048C52A627E6d27s1                                                                                                                               
devfsadm[14290]: verbose: removing file: /dev/dsk/c3t5006048C52A627E6d27s2                                                                                                                               
devfsadm[14290]: verbose: removing file: /dev/dsk/c3t5006048C52A627E6d27s3                                                                                                                               
devfsadm[14290]: verbose: removing file: /dev/dsk/c3t5006048C52A627E6d27s4                                                                                                                               
devfsadm[14290]: verbose: removing file: /dev/dsk/c3t5006048C52A627E6d27s5                                                                                                                               
devfsadm[14290]: verbose: removing file: /dev/dsk/c3t5006048C52A627E6d27s6                                                                                                                               
devfsadm[14290]: verbose: removing file: /dev/dsk/c3t5006048C52A627E6d27s7                                                                                                                               
devfsadm[14290]: verbose: removing file: /dev/dsk/c3t5006048C52A627E6d26s0                                                                                                                               
devfsadm[14290]: verbose: removing file: /dev/dsk/c3t5006048C52A627E6d26s1                                                                                                                               
devfsadm[14290]: verbose: removing file: /dev/dsk/c3t5006048C52A627E6d26s2                                                                                                                               
devfsadm[14290]: verbose: removing file: /dev/dsk/c3t5006048C52A627E6d26s3                                                                                                                               
devfsadm[14290]: verbose: removing file: /dev/dsk/c3t5006048C52A627E6d26s4                                                                                                                               
devfsadm[14290]: verbose: removing file: /dev/dsk/c3t5006048C52A627E6d26s5                                                                                                                               
devfsadm[14290]: verbose: removing file: /dev/dsk/c3t5006048C52A627E6d26s6                                                                                                                               
devfsadm[14290]: verbose: removing file: /dev/dsk/c3t5006048C52A627E6d26s7                                                                                                                               
devfsadm[14290]: verbose: removing file: /dev/dsk/c3t5006048C52A627E6d25s0                                                                                                                               
devfsadm[14290]: verbose: removing file: /dev/dsk/c3t5006048C52A627E6d25s1                                                                                                                               
devfsadm[14290]: verbose: removing file: /dev/dsk/c3t5006048C52A627E6d25s2                                                                                                                               
devfsadm[14290]: verbose: removing file: /dev/dsk/c3t5006048C52A627E6d25s3                                                                                                                               
devfsadm[14290]: verbose: removing file: /dev/dsk/c3t5006048C52A627E6d25s4                                                                                                                               
devfsadm[14290]: verbose: removing file: /dev/dsk/c3t5006048C52A627E6d25s5                                                                                                                               
devfsadm[14290]: verbose: removing file: /dev/dsk/c3t5006048C52A627E6d25s6                                                                                                                               
devfsadm[14290]: verbose: removing file: /dev/dsk/c3t5006048C52A627E6d25s7                                                                                                                               
devfsadm[14290]: verbose: removing file: /dev/dsk/c4t5006048C52A627F9d27s0                                                                                                                               
devfsadm[14290]: verbose: removing file: /dev/dsk/c4t5006048C52A627F9d27s1                                                                                                                               
devfsadm[14290]: verbose: removing file: /dev/dsk/c4t5006048C52A627F9d27s2                                                                                                                               
devfsadm[14290]: verbose: removing file: /dev/dsk/c4t5006048C52A627F9d27s3                                                                                                                               
devfsadm[14290]: verbose: removing file: /dev/dsk/c4t5006048C52A627F9d27s4                                                                                                                               
devfsadm[14290]: verbose: removing file: /dev/dsk/c4t5006048C52A627F9d27s5                                                                                                                               
devfsadm[14290]: verbose: removing file: /dev/dsk/c4t5006048C52A627F9d27s6                                                                                                                               
devfsadm[14290]: verbose: removing file: /dev/dsk/c4t5006048C52A627F9d27s7                                                                                                                               
devfsadm[14290]: verbose: removing file: /dev/dsk/c4t5006048C52A627F9d26s0                                                                                                                               
devfsadm[14290]: verbose: removing file: /dev/dsk/c4t5006048C52A627F9d26s1                                                                                                                               
devfsadm[14290]: verbose: removing file: /dev/dsk/c4t5006048C52A627F9d26s2                                                                                                                               
devfsadm[14290]: verbose: removing file: /dev/dsk/c4t5006048C52A627F9d26s3                                                                                                                               
devfsadm[14290]: verbose: removing file: /dev/dsk/c4t5006048C52A627F9d26s4                                                                                                                               
devfsadm[14290]: verbose: removing file: /dev/dsk/c4t5006048C52A627F9d26s5                                                                                                                               
devfsadm[14290]: verbose: removing file: /dev/dsk/c4t5006048C52A627F9d26s6                                                                                                                               
devfsadm[14290]: verbose: removing file: /dev/dsk/c4t5006048C52A627F9d26s7                                                                                                                               
devfsadm[14290]: verbose: removing file: /dev/dsk/c4t5006048C52A627F9d25s0                                                                                                                               
devfsadm[14290]: verbose: removing file: /dev/dsk/c4t5006048C52A627F9d25s1                                                                                                                               
devfsadm[14290]: verbose: removing file: /dev/dsk/c4t5006048C52A627F9d25s2                                                                                                                               
devfsadm[14290]: verbose: removing file: /dev/dsk/c4t5006048C52A627F9d25s3                                                                                                                               
devfsadm[14290]: verbose: removing file: /dev/dsk/c4t5006048C52A627F9d25s4                                                                                                                               
devfsadm[14290]: verbose: removing file: /dev/dsk/c4t5006048C52A627F9d25s5                                                                                                                               
devfsadm[14290]: verbose: removing file: /dev/dsk/c4t5006048C52A627F9d25s6                                                                                                                               
devfsadm[14290]: verbose: removing file: /dev/dsk/c4t5006048C52A627F9d25s7                                                                                                                               
devfsadm[14290]: verbose: removing file: /dev/dsk/c3t5006048C49AF1F43d75s0                                                                                                                               
devfsadm[14290]: verbose: removing file: /dev/dsk/c3t5006048C49AF1F43d75s1                                                                                                                               
devfsadm[14290]: verbose: removing file: /dev/dsk/c3t5006048C49AF1F43d75s2                                                                                                                               
devfsadm[14290]: verbose: removing file: /dev/dsk/c3t5006048C49AF1F43d75s3                                                                                                                               
devfsadm[14290]: verbose: removing file: /dev/dsk/c3t5006048C49AF1F43d75s4                                                                                                                               
devfsadm[14290]: verbose: removing file: /dev/dsk/c3t5006048C49AF1F43d75s5                                                                                                                               
devfsadm[14290]: verbose: removing file: /dev/dsk/c3t5006048C49AF1F43d75s6                                                                                                                               
devfsadm[14290]: verbose: removing file: /dev/dsk/c3t5006048C49AF1F43d75s7                                                                                                                               
devfsadm[14290]: verbose: removing file: /dev/dsk/c3t5006048C49AF1F43d74s0                                                                                                                               
devfsadm[14290]: verbose: removing file: /dev/dsk/c3t5006048C49AF1F43d74s1                                                                                                                               
devfsadm[14290]: verbose: removing file: /dev/dsk/c3t5006048C49AF1F43d74s2
devfsadm[14290]: verbose: removing file: /dev/dsk/c3t5006048C49AF1F43d74s3
devfsadm[14290]: verbose: removing file: /dev/dsk/c3t5006048C49AF1F43d74s4
devfsadm[14290]: verbose: removing file: /dev/dsk/c3t5006048C49AF1F43d74s5
devfsadm[14290]: verbose: removing file: /dev/dsk/c3t5006048C49AF1F43d74s6
devfsadm[14290]: verbose: removing file: /dev/dsk/c3t5006048C49AF1F43d74s7
devfsadm[14290]: verbose: removing file: /dev/dsk/c3t5006048C49AF1F43d73s0
devfsadm[14290]: verbose: removing file: /dev/dsk/c3t5006048C49AF1F43d73s1
devfsadm[14290]: verbose: removing file: /dev/dsk/c3t5006048C49AF1F43d73s2
devfsadm[14290]: verbose: removing file: /dev/dsk/c3t5006048C49AF1F43d73s3
devfsadm[14290]: verbose: removing file: /dev/dsk/c3t5006048C49AF1F43d73s4
devfsadm[14290]: verbose: removing file: /dev/dsk/c3t5006048C49AF1F43d73s5
devfsadm[14290]: verbose: removing file: /dev/dsk/c3t5006048C49AF1F43d73s6
devfsadm[14290]: verbose: removing file: /dev/dsk/c3t5006048C49AF1F43d73s7
devfsadm[14290]: verbose: removing file: /dev/dsk/c4t5006048C49AF1F5Cd75s0
devfsadm[14290]: verbose: removing file: /dev/dsk/c4t5006048C49AF1F5Cd75s1
devfsadm[14290]: verbose: removing file: /dev/dsk/c4t5006048C49AF1F5Cd75s2
devfsadm[14290]: verbose: removing file: /dev/dsk/c4t5006048C49AF1F5Cd75s3
devfsadm[14290]: verbose: removing file: /dev/dsk/c4t5006048C49AF1F5Cd75s4
devfsadm[14290]: verbose: removing file: /dev/dsk/c4t5006048C49AF1F5Cd75s5
devfsadm[14290]: verbose: removing file: /dev/dsk/c4t5006048C49AF1F5Cd75s6
devfsadm[14290]: verbose: removing file: /dev/dsk/c4t5006048C49AF1F5Cd75s7
devfsadm[14290]: verbose: removing file: /dev/dsk/c4t5006048C49AF1F5Cd74s0
devfsadm[14290]: verbose: removing file: /dev/dsk/c4t5006048C49AF1F5Cd74s1
devfsadm[14290]: verbose: removing file: /dev/dsk/c4t5006048C49AF1F5Cd74s2
devfsadm[14290]: verbose: removing file: /dev/dsk/c4t5006048C49AF1F5Cd74s3
devfsadm[14290]: verbose: removing file: /dev/dsk/c4t5006048C49AF1F5Cd74s4
devfsadm[14290]: verbose: removing file: /dev/dsk/c4t5006048C49AF1F5Cd74s5
devfsadm[14290]: verbose: removing file: /dev/dsk/c4t5006048C49AF1F5Cd74s6
devfsadm[14290]: verbose: removing file: /dev/dsk/c4t5006048C49AF1F5Cd74s7
devfsadm[14290]: verbose: removing file: /dev/dsk/c4t5006048C49AF1F5Cd73s0
devfsadm[14290]: verbose: removing file: /dev/dsk/c4t5006048C49AF1F5Cd73s1
devfsadm[14290]: verbose: removing file: /dev/dsk/c4t5006048C49AF1F5Cd73s2
devfsadm[14290]: verbose: removing file: /dev/dsk/c4t5006048C49AF1F5Cd73s3
devfsadm[14290]: verbose: removing file: /dev/dsk/c4t5006048C49AF1F5Cd73s4
devfsadm[14290]: verbose: removing file: /dev/dsk/c4t5006048C49AF1F5Cd73s5
devfsadm[14290]: verbose: removing file: /dev/dsk/c4t5006048C49AF1F5Cd73s6
devfsadm[14290]: verbose: removing file: /dev/dsk/c4t5006048C49AF1F5Cd73s7
devfsadm[14290]: verbose: removing file: /dev/dsk/c3t500009740817E5A0d5s0
devfsadm[14290]: verbose: removing file: /dev/dsk/c3t500009740817E5A0d5s1
devfsadm[14290]: verbose: removing file: /dev/dsk/c3t500009740817E5A0d5s2
devfsadm[14290]: verbose: removing file: /dev/dsk/c3t500009740817E5A0d5s3
devfsadm[14290]: verbose: removing file: /dev/dsk/c3t500009740817E5A0d5s4
devfsadm[14290]: verbose: removing file: /dev/dsk/c3t500009740817E5A0d5s5
devfsadm[14290]: verbose: removing file: /dev/dsk/c3t500009740817E5A0d5s6
devfsadm[14290]: verbose: removing file: /dev/dsk/c3t500009740817E5A0d5s7
devfsadm[14290]: verbose: removing file: /dev/dsk/c3t500009740817E5A0d4s0
devfsadm[14290]: verbose: removing file: /dev/dsk/c3t500009740817E5A0d4s1
devfsadm[14290]: verbose: removing file: /dev/dsk/c3t500009740817E5A0d4s2
devfsadm[14290]: verbose: removing file: /dev/dsk/c3t500009740817E5A0d4s3
devfsadm[14290]: verbose: removing file: /dev/dsk/c3t500009740817E5A0d4s4
devfsadm[14290]: verbose: removing file: /dev/dsk/c3t500009740817E5A0d4s5
devfsadm[14290]: verbose: removing file: /dev/dsk/c3t500009740817E5A0d4s6
devfsadm[14290]: verbose: removing file: /dev/dsk/c3t500009740817E5A0d4s7
devfsadm[14290]: verbose: removing file: /dev/dsk/c3t500009740817E5A0d3s0
devfsadm[14290]: verbose: removing file: /dev/dsk/c3t500009740817E5A0d3s1
devfsadm[14290]: verbose: removing file: /dev/dsk/c3t500009740817E5A0d3s2
devfsadm[14290]: verbose: removing file: /dev/dsk/c3t500009740817E5A0d3s3
devfsadm[14290]: verbose: removing file: /dev/dsk/c3t500009740817E5A0d3s4
devfsadm[14290]: verbose: removing file: /dev/dsk/c3t500009740817E5A0d3s5
devfsadm[14290]: verbose: removing file: /dev/dsk/c3t500009740817E5A0d3s6
devfsadm[14290]: verbose: removing file: /dev/dsk/c3t500009740817E5A0d3s7
devfsadm[14290]: verbose: removing file: /dev/dsk/c3t500009740817E5A0d2s0
devfsadm[14290]: verbose: removing file: /dev/dsk/c3t500009740817E5A0d2s1
devfsadm[14290]: verbose: removing file: /dev/dsk/c3t500009740817E5A0d2s2
devfsadm[14290]: verbose: removing file: /dev/dsk/c3t500009740817E5A0d2s3
devfsadm[14290]: verbose: removing file: /dev/dsk/c3t500009740817E5A0d2s4
devfsadm[14290]: verbose: removing file: /dev/dsk/c3t500009740817E5A0d2s5
devfsadm[14290]: verbose: removing file: /dev/dsk/c3t500009740817E5A0d2s6
devfsadm[14290]: verbose: removing file: /dev/dsk/c3t500009740817E5A0d2s7
devfsadm[14290]: verbose: removing file: /dev/dsk/c3t500009740817E5A0d1s0
devfsadm[14290]: verbose: removing file: /dev/dsk/c3t500009740817E5A0d1s1
devfsadm[14290]: verbose: removing file: /dev/dsk/c3t500009740817E5A0d1s2
devfsadm[14290]: verbose: removing file: /dev/dsk/c3t500009740817E5A0d1s3
devfsadm[14290]: verbose: removing file: /dev/dsk/c3t500009740817E5A0d1s4
devfsadm[14290]: verbose: removing file: /dev/dsk/c3t500009740817E5A0d1s5
devfsadm[14290]: verbose: removing file: /dev/dsk/c3t500009740817E5A0d1s6
devfsadm[14290]: verbose: removing file: /dev/dsk/c3t500009740817E5A0d1s7
devfsadm[14290]: verbose: removing file: /dev/dsk/c3t500009740817E5A0d0s0
devfsadm[14290]: verbose: removing file: /dev/dsk/c3t500009740817E5A0d0s1
devfsadm[14290]: verbose: removing file: /dev/dsk/c3t500009740817E5A0d0s2
devfsadm[14290]: verbose: removing file: /dev/dsk/c3t500009740817E5A0d0s3
devfsadm[14290]: verbose: removing file: /dev/dsk/c3t500009740817E5A0d0s4
devfsadm[14290]: verbose: removing file: /dev/dsk/c3t500009740817E5A0d0s5
devfsadm[14290]: verbose: removing file: /dev/dsk/c3t500009740817E5A0d0s6
devfsadm[14290]: verbose: removing file: /dev/dsk/c3t500009740817E5A0d0s7
devfsadm[14290]: verbose: removing file: /dev/dsk/c4t500009740817E59Cd5s0
devfsadm[14290]: verbose: removing file: /dev/dsk/c4t500009740817E59Cd5s1
devfsadm[14290]: verbose: removing file: /dev/dsk/c4t500009740817E59Cd5s2
devfsadm[14290]: verbose: removing file: /dev/dsk/c4t500009740817E59Cd5s3
devfsadm[14290]: verbose: removing file: /dev/dsk/c4t500009740817E59Cd5s4
devfsadm[14290]: verbose: removing file: /dev/dsk/c4t500009740817E59Cd5s5
devfsadm[14290]: verbose: removing file: /dev/dsk/c4t500009740817E59Cd5s6
devfsadm[14290]: verbose: removing file: /dev/dsk/c4t500009740817E59Cd5s7
devfsadm[14290]: verbose: removing file: /dev/dsk/c4t500009740817E59Cd4s0
devfsadm[14290]: verbose: removing file: /dev/dsk/c4t500009740817E59Cd4s1
devfsadm[14290]: verbose: removing file: /dev/dsk/c4t500009740817E59Cd4s2
devfsadm[14290]: verbose: removing file: /dev/dsk/c4t500009740817E59Cd4s3
devfsadm[14290]: verbose: removing file: /dev/dsk/c4t500009740817E59Cd4s4
devfsadm[14290]: verbose: removing file: /dev/dsk/c4t500009740817E59Cd4s5
devfsadm[14290]: verbose: removing file: /dev/dsk/c4t500009740817E59Cd4s6
devfsadm[14290]: verbose: removing file: /dev/dsk/c4t500009740817E59Cd4s7
devfsadm[14290]: verbose: removing file: /dev/dsk/c4t500009740817E59Cd3s0
devfsadm[14290]: verbose: removing file: /dev/dsk/c4t500009740817E59Cd3s1
devfsadm[14290]: verbose: removing file: /dev/dsk/c4t500009740817E59Cd3s2
devfsadm[14290]: verbose: removing file: /dev/dsk/c4t500009740817E59Cd3s3
devfsadm[14290]: verbose: removing file: /dev/dsk/c4t500009740817E59Cd3s4
devfsadm[14290]: verbose: removing file: /dev/dsk/c4t500009740817E59Cd3s5
devfsadm[14290]: verbose: removing file: /dev/dsk/c4t500009740817E59Cd3s6
devfsadm[14290]: verbose: removing file: /dev/dsk/c4t500009740817E59Cd3s7
devfsadm[14290]: verbose: removing file: /dev/dsk/c4t500009740817E59Cd2s0
devfsadm[14290]: verbose: removing file: /dev/dsk/c4t500009740817E59Cd2s1
devfsadm[14290]: verbose: removing file: /dev/dsk/c4t500009740817E59Cd2s2
devfsadm[14290]: verbose: removing file: /dev/dsk/c4t500009740817E59Cd2s3
devfsadm[14290]: verbose: removing file: /dev/dsk/c4t500009740817E59Cd2s4
devfsadm[14290]: verbose: removing file: /dev/dsk/c4t500009740817E59Cd2s5
devfsadm[14290]: verbose: removing file: /dev/dsk/c4t500009740817E59Cd2s6
devfsadm[14290]: verbose: removing file: /dev/dsk/c4t500009740817E59Cd2s7
devfsadm[14290]: verbose: removing file: /dev/dsk/c4t500009740817E59Cd1s0
devfsadm[14290]: verbose: removing file: /dev/dsk/c4t500009740817E59Cd1s1
devfsadm[14290]: verbose: removing file: /dev/dsk/c4t500009740817E59Cd1s2
devfsadm[14290]: verbose: removing file: /dev/dsk/c4t500009740817E59Cd1s3
devfsadm[14290]: verbose: removing file: /dev/dsk/c4t500009740817E59Cd1s4
devfsadm[14290]: verbose: removing file: /dev/dsk/c4t500009740817E59Cd1s5
devfsadm[14290]: verbose: removing file: /dev/dsk/c4t500009740817E59Cd1s6
devfsadm[14290]: verbose: removing file: /dev/dsk/c4t500009740817E59Cd1s7
devfsadm[14290]: verbose: removing file: /dev/dsk/c4t500009740817E59Cd0s0
devfsadm[14290]: verbose: removing file: /dev/dsk/c4t500009740817E59Cd0s1
devfsadm[14290]: verbose: removing file: /dev/dsk/c4t500009740817E59Cd0s2
devfsadm[14290]: verbose: removing file: /dev/dsk/c4t500009740817E59Cd0s3
devfsadm[14290]: verbose: removing file: /dev/dsk/c4t500009740817E59Cd0s4
devfsadm[14290]: verbose: removing file: /dev/dsk/c4t500009740817E59Cd0s5
devfsadm[14290]: verbose: removing file: /dev/dsk/c4t500009740817E59Cd0s6
devfsadm[14290]: verbose: removing file: /dev/dsk/c4t500009740817E59Cd0s7
devfsadm[14290]: verbose: removing file: /dev/dsk/c4t500009740817E59Cd6s7
devfsadm[14290]: verbose: removing file: /dev/dsk/c4t500009740817E59Cd8s7
devfsadm[14290]: verbose: removing file: /dev/dsk/c4t500009740817E59Cd8s0
devfsadm[14290]: verbose: removing file: /dev/dsk/c4t500009740817E59Cd6s0
devfsadm[14290]: verbose: removing file: /dev/dsk/c3t500009740817E5A0d8s0
devfsadm[14290]: verbose: removing file: /dev/dsk/c3t500009740817E5A0d6s0
devfsadm[14290]: verbose: removing file: /dev/dsk/c3t500009740817E5A0d8s1
devfsadm[14290]: verbose: removing file: /dev/dsk/c3t500009740817E5A0d8s2
devfsadm[14290]: verbose: removing file: /dev/dsk/c3t500009740817E5A0d8s3
devfsadm[14290]: verbose: removing file: /dev/dsk/c3t500009740817E5A0d8s4
devfsadm[14290]: verbose: removing file: /dev/dsk/c3t500009740817E5A0d8s5
devfsadm[14290]: verbose: removing file: /dev/dsk/c3t500009740817E5A0d8s6
devfsadm[14290]: verbose: removing file: /dev/dsk/c3t500009740817E5A0d8s7
devfsadm[14290]: verbose: removing file: /dev/dsk/c3t500009740817E5A0d6s1
devfsadm[14290]: verbose: removing file: /dev/dsk/c3t500009740817E5A0d6s2
devfsadm[14290]: verbose: removing file: /dev/dsk/c3t500009740817E5A0d6s3
devfsadm[14290]: verbose: removing file: /dev/dsk/c3t500009740817E5A0d6s4
devfsadm[14290]: verbose: removing file: /dev/dsk/c3t500009740817E5A0d6s5
devfsadm[14290]: verbose: removing file: /dev/dsk/c3t500009740817E5A0d6s6
devfsadm[14290]: verbose: removing file: /dev/dsk/c3t500009740817E5A0d6s7
devfsadm[14290]: verbose: removing file: /dev/dsk/c4t500009740817E59Cd8s1
devfsadm[14290]: verbose: removing file: /dev/dsk/c4t500009740817E59Cd8s2
devfsadm[14290]: verbose: removing file: /dev/dsk/c4t500009740817E59Cd8s3
devfsadm[14290]: verbose: removing file: /dev/dsk/c4t500009740817E59Cd8s4
devfsadm[14290]: verbose: removing file: /dev/dsk/c4t500009740817E59Cd8s5
devfsadm[14290]: verbose: removing file: /dev/dsk/c4t500009740817E59Cd8s6
devfsadm[14290]: verbose: removing file: /dev/dsk/c4t500009740817E59Cd6s1
devfsadm[14290]: verbose: removing file: /dev/dsk/c4t500009740817E59Cd6s2
devfsadm[14290]: verbose: removing file: /dev/dsk/c4t500009740817E59Cd6s3
devfsadm[14290]: verbose: removing file: /dev/dsk/c4t500009740817E59Cd6s4
devfsadm[14290]: verbose: removing file: /dev/dsk/c4t500009740817E59Cd6s5
devfsadm[14290]: verbose: removing file: /dev/dsk/c4t500009740817E59Cd6s6
devfsadm[14290]: verbose: removing file: /dev/rdsk/c0t0d0s0
devfsadm[14290]: verbose: removing file: /dev/rdsk/c0t0d0s1
devfsadm[14290]: verbose: removing file: /dev/rdsk/c0t0d0s2
devfsadm[14290]: verbose: removing file: /dev/rdsk/c0t0d0s3
devfsadm[14290]: verbose: removing file: /dev/rdsk/c0t0d0s4
devfsadm[14290]: verbose: removing file: /dev/rdsk/c0t0d0s5
devfsadm[14290]: verbose: removing file: /dev/rdsk/c0t0d0s6
devfsadm[14290]: verbose: removing file: /dev/rdsk/c0t0d0s7
devfsadm[14290]: verbose: removing file: /dev/rdsk/c1t1d0s0
devfsadm[14290]: verbose: removing file: /dev/rdsk/c1t1d0s1
devfsadm[14290]: verbose: removing file: /dev/rdsk/c1t1d0s2
devfsadm[14290]: verbose: removing file: /dev/rdsk/c1t1d0s3
devfsadm[14290]: verbose: removing file: /dev/rdsk/c1t1d0s4
devfsadm[14290]: verbose: removing file: /dev/rdsk/c1t1d0s5
devfsadm[14290]: verbose: removing file: /dev/rdsk/c1t1d0s6
devfsadm[14290]: verbose: removing file: /dev/rdsk/c1t1d0s7
devfsadm[14290]: verbose: removing file: /dev/rdsk/c4t5006048C52A627F9d0s0
devfsadm[14290]: verbose: removing file: /dev/rdsk/c4t5006048C52A627F9d0s1
devfsadm[14290]: verbose: removing file: /dev/rdsk/c4t5006048C52A627F9d0s2
devfsadm[14290]: verbose: removing file: /dev/rdsk/c4t5006048C52A627F9d0s3
devfsadm[14290]: verbose: removing file: /dev/rdsk/c4t5006048C52A627F9d0s4
devfsadm[14290]: verbose: removing file: /dev/rdsk/c4t5006048C52A627F9d0s5
devfsadm[14290]: verbose: removing file: /dev/rdsk/c4t5006048C52A627F9d0s6
devfsadm[14290]: verbose: removing file: /dev/rdsk/c4t5006048C52A627F9d0s7
devfsadm[14290]: verbose: removing file: /dev/rdsk/c3t5006048C52A627E6d0s0
devfsadm[14290]: verbose: removing file: /dev/rdsk/c3t5006048C52A627E6d0s1
devfsadm[14290]: verbose: removing file: /dev/rdsk/c3t5006048C52A627E6d0s2
devfsadm[14290]: verbose: removing file: /dev/rdsk/c3t5006048C52A627E6d0s3
devfsadm[14290]: verbose: removing file: /dev/rdsk/c3t5006048C52A627E6d0s4
devfsadm[14290]: verbose: removing file: /dev/rdsk/c3t5006048C52A627E6d0s5
devfsadm[14290]: verbose: removing file: /dev/rdsk/c3t5006048C52A627E6d0s6
devfsadm[14290]: verbose: removing file: /dev/rdsk/c3t5006048C52A627E6d0s7
devfsadm[14290]: verbose: removing file: /dev/rdsk/c3t5006048C52A627E6d27s0
devfsadm[14290]: verbose: removing file: /dev/rdsk/c3t5006048C52A627E6d27s1
devfsadm[14290]: verbose: removing file: /dev/rdsk/c3t5006048C52A627E6d27s2
devfsadm[14290]: verbose: removing file: /dev/rdsk/c3t5006048C52A627E6d27s3
devfsadm[14290]: verbose: removing file: /dev/rdsk/c3t5006048C52A627E6d27s4
devfsadm[14290]: verbose: removing file: /dev/rdsk/c3t5006048C52A627E6d27s5
devfsadm[14290]: verbose: removing file: /dev/rdsk/c3t5006048C52A627E6d27s6
devfsadm[14290]: verbose: removing file: /dev/rdsk/c3t5006048C52A627E6d27s7
devfsadm[14290]: verbose: removing file: /dev/rdsk/c3t5006048C52A627E6d26s0
devfsadm[14290]: verbose: removing file: /dev/rdsk/c3t5006048C52A627E6d26s1
devfsadm[14290]: verbose: removing file: /dev/rdsk/c3t5006048C52A627E6d26s2
devfsadm[14290]: verbose: removing file: /dev/rdsk/c3t5006048C52A627E6d26s3
devfsadm[14290]: verbose: removing file: /dev/rdsk/c3t5006048C52A627E6d26s4
devfsadm[14290]: verbose: removing file: /dev/rdsk/c3t5006048C52A627E6d26s5
devfsadm[14290]: verbose: removing file: /dev/rdsk/c3t5006048C52A627E6d26s6
devfsadm[14290]: verbose: removing file: /dev/rdsk/c3t5006048C52A627E6d26s7
devfsadm[14290]: verbose: removing file: /dev/rdsk/c3t5006048C52A627E6d25s0
devfsadm[14290]: verbose: removing file: /dev/rdsk/c3t5006048C52A627E6d25s1
devfsadm[14290]: verbose: removing file: /dev/rdsk/c3t5006048C52A627E6d25s2
devfsadm[14290]: verbose: removing file: /dev/rdsk/c3t5006048C52A627E6d25s3
devfsadm[14290]: verbose: removing file: /dev/rdsk/c3t5006048C52A627E6d25s4
devfsadm[14290]: verbose: removing file: /dev/rdsk/c3t5006048C52A627E6d25s5
devfsadm[14290]: verbose: removing file: /dev/rdsk/c3t5006048C52A627E6d25s6
devfsadm[14290]: verbose: removing file: /dev/rdsk/c3t5006048C52A627E6d25s7
devfsadm[14290]: verbose: removing file: /dev/rdsk/c4t5006048C52A627F9d27s0
devfsadm[14290]: verbose: removing file: /dev/rdsk/c4t5006048C52A627F9d27s1
devfsadm[14290]: verbose: removing file: /dev/rdsk/c4t5006048C52A627F9d27s2
devfsadm[14290]: verbose: removing file: /dev/rdsk/c4t5006048C52A627F9d27s3
devfsadm[14290]: verbose: removing file: /dev/rdsk/c4t5006048C52A627F9d27s4
devfsadm[14290]: verbose: removing file: /dev/rdsk/c4t5006048C52A627F9d27s5
devfsadm[14290]: verbose: removing file: /dev/rdsk/c4t5006048C52A627F9d27s6
devfsadm[14290]: verbose: removing file: /dev/rdsk/c4t5006048C52A627F9d27s7
devfsadm[14290]: verbose: removing file: /dev/rdsk/c4t5006048C52A627F9d26s0
devfsadm[14290]: verbose: removing file: /dev/rdsk/c4t5006048C52A627F9d26s1
devfsadm[14290]: verbose: removing file: /dev/rdsk/c4t5006048C52A627F9d26s2
devfsadm[14290]: verbose: removing file: /dev/rdsk/c4t5006048C52A627F9d26s3
devfsadm[14290]: verbose: removing file: /dev/rdsk/c4t5006048C52A627F9d26s4
devfsadm[14290]: verbose: removing file: /dev/rdsk/c4t5006048C52A627F9d26s5
devfsadm[14290]: verbose: removing file: /dev/rdsk/c4t5006048C52A627F9d26s6
devfsadm[14290]: verbose: removing file: /dev/rdsk/c4t5006048C52A627F9d26s7
devfsadm[14290]: verbose: removing file: /dev/rdsk/c4t5006048C52A627F9d25s0
devfsadm[14290]: verbose: removing file: /dev/rdsk/c4t5006048C52A627F9d25s1
devfsadm[14290]: verbose: removing file: /dev/rdsk/c4t5006048C52A627F9d25s2
devfsadm[14290]: verbose: removing file: /dev/rdsk/c4t5006048C52A627F9d25s3
devfsadm[14290]: verbose: removing file: /dev/rdsk/c4t5006048C52A627F9d25s4
devfsadm[14290]: verbose: removing file: /dev/rdsk/c4t5006048C52A627F9d25s5
devfsadm[14290]: verbose: removing file: /dev/rdsk/c4t5006048C52A627F9d25s6
devfsadm[14290]: verbose: removing file: /dev/rdsk/c4t5006048C52A627F9d25s7
devfsadm[14290]: verbose: removing file: /dev/rdsk/c3t5006048C49AF1F43d75s0
devfsadm[14290]: verbose: removing file: /dev/rdsk/c3t5006048C49AF1F43d75s1
devfsadm[14290]: verbose: removing file: /dev/rdsk/c3t5006048C49AF1F43d75s2
devfsadm[14290]: verbose: removing file: /dev/rdsk/c3t5006048C49AF1F43d75s3
devfsadm[14290]: verbose: removing file: /dev/rdsk/c3t5006048C49AF1F43d75s4
devfsadm[14290]: verbose: removing file: /dev/rdsk/c3t5006048C49AF1F43d75s5
devfsadm[14290]: verbose: removing file: /dev/rdsk/c3t5006048C49AF1F43d75s6
devfsadm[14290]: verbose: removing file: /dev/rdsk/c3t5006048C49AF1F43d75s7
devfsadm[14290]: verbose: removing file: /dev/rdsk/c3t5006048C49AF1F43d74s0
devfsadm[14290]: verbose: removing file: /dev/rdsk/c3t5006048C49AF1F43d74s1
devfsadm[14290]: verbose: removing file: /dev/rdsk/c3t5006048C49AF1F43d74s2
devfsadm[14290]: verbose: removing file: /dev/rdsk/c3t5006048C49AF1F43d74s3
devfsadm[14290]: verbose: removing file: /dev/rdsk/c3t5006048C49AF1F43d74s4
devfsadm[14290]: verbose: removing file: /dev/rdsk/c3t5006048C49AF1F43d74s5
devfsadm[14290]: verbose: removing file: /dev/rdsk/c3t5006048C49AF1F43d74s6
devfsadm[14290]: verbose: removing file: /dev/rdsk/c3t5006048C49AF1F43d74s7
devfsadm[14290]: verbose: removing file: /dev/rdsk/c3t5006048C49AF1F43d73s0
devfsadm[14290]: verbose: removing file: /dev/rdsk/c3t5006048C49AF1F43d73s1
devfsadm[14290]: verbose: removing file: /dev/rdsk/c3t5006048C49AF1F43d73s2
devfsadm[14290]: verbose: removing file: /dev/rdsk/c3t5006048C49AF1F43d73s3
devfsadm[14290]: verbose: removing file: /dev/rdsk/c3t5006048C49AF1F43d73s4
devfsadm[14290]: verbose: removing file: /dev/rdsk/c3t5006048C49AF1F43d73s5
devfsadm[14290]: verbose: removing file: /dev/rdsk/c3t5006048C49AF1F43d73s6
devfsadm[14290]: verbose: removing file: /dev/rdsk/c3t5006048C49AF1F43d73s7
devfsadm[14290]: verbose: removing file: /dev/rdsk/c4t5006048C49AF1F5Cd75s0
devfsadm[14290]: verbose: removing file: /dev/rdsk/c4t5006048C49AF1F5Cd75s1
devfsadm[14290]: verbose: removing file: /dev/rdsk/c4t5006048C49AF1F5Cd75s2
devfsadm[14290]: verbose: removing file: /dev/rdsk/c4t5006048C49AF1F5Cd75s3
devfsadm[14290]: verbose: removing file: /dev/rdsk/c4t5006048C49AF1F5Cd75s4
devfsadm[14290]: verbose: removing file: /dev/rdsk/c4t5006048C49AF1F5Cd75s5
devfsadm[14290]: verbose: removing file: /dev/rdsk/c4t5006048C49AF1F5Cd75s6
devfsadm[14290]: verbose: removing file: /dev/rdsk/c4t5006048C49AF1F5Cd75s7
devfsadm[14290]: verbose: removing file: /dev/rdsk/c4t5006048C49AF1F5Cd74s0
devfsadm[14290]: verbose: removing file: /dev/rdsk/c4t5006048C49AF1F5Cd74s1
devfsadm[14290]: verbose: removing file: /dev/rdsk/c4t5006048C49AF1F5Cd74s2
devfsadm[14290]: verbose: removing file: /dev/rdsk/c4t5006048C49AF1F5Cd74s3
devfsadm[14290]: verbose: removing file: /dev/rdsk/c4t5006048C49AF1F5Cd74s4
devfsadm[14290]: verbose: removing file: /dev/rdsk/c4t5006048C49AF1F5Cd74s5
devfsadm[14290]: verbose: removing file: /dev/rdsk/c4t5006048C49AF1F5Cd74s6
devfsadm[14290]: verbose: removing file: /dev/rdsk/c4t5006048C49AF1F5Cd74s7
devfsadm[14290]: verbose: removing file: /dev/rdsk/c4t5006048C49AF1F5Cd73s0
devfsadm[14290]: verbose: removing file: /dev/rdsk/c4t5006048C49AF1F5Cd73s1
devfsadm[14290]: verbose: removing file: /dev/rdsk/c4t5006048C49AF1F5Cd73s2
devfsadm[14290]: verbose: removing file: /dev/rdsk/c4t5006048C49AF1F5Cd73s3
devfsadm[14290]: verbose: removing file: /dev/rdsk/c4t5006048C49AF1F5Cd73s4
devfsadm[14290]: verbose: removing file: /dev/rdsk/c4t5006048C49AF1F5Cd73s5
devfsadm[14290]: verbose: removing file: /dev/rdsk/c4t5006048C49AF1F5Cd73s6
devfsadm[14290]: verbose: removing file: /dev/rdsk/c4t5006048C49AF1F5Cd73s7
devfsadm[14290]: verbose: removing file: /dev/rdsk/c3t500009740817E5A0d5s0
devfsadm[14290]: verbose: removing file: /dev/rdsk/c3t500009740817E5A0d5s1
devfsadm[14290]: verbose: removing file: /dev/rdsk/c3t500009740817E5A0d5s2
devfsadm[14290]: verbose: removing file: /dev/rdsk/c3t500009740817E5A0d5s3
devfsadm[14290]: verbose: removing file: /dev/rdsk/c3t500009740817E5A0d5s4
devfsadm[14290]: verbose: removing file: /dev/rdsk/c3t500009740817E5A0d5s5
devfsadm[14290]: verbose: removing file: /dev/rdsk/c3t500009740817E5A0d5s6
devfsadm[14290]: verbose: removing file: /dev/rdsk/c3t500009740817E5A0d5s7
devfsadm[14290]: verbose: removing file: /dev/rdsk/c3t500009740817E5A0d4s0
devfsadm[14290]: verbose: removing file: /dev/rdsk/c3t500009740817E5A0d4s1
devfsadm[14290]: verbose: removing file: /dev/rdsk/c3t500009740817E5A0d4s2
devfsadm[14290]: verbose: removing file: /dev/rdsk/c3t500009740817E5A0d4s3
devfsadm[14290]: verbose: removing file: /dev/rdsk/c3t500009740817E5A0d4s4
devfsadm[14290]: verbose: removing file: /dev/rdsk/c3t500009740817E5A0d4s5
devfsadm[14290]: verbose: removing file: /dev/rdsk/c3t500009740817E5A0d4s6
devfsadm[14290]: verbose: removing file: /dev/rdsk/c3t500009740817E5A0d4s7
devfsadm[14290]: verbose: removing file: /dev/rdsk/c3t500009740817E5A0d3s0
devfsadm[14290]: verbose: removing file: /dev/rdsk/c3t500009740817E5A0d3s1
devfsadm[14290]: verbose: removing file: /dev/rdsk/c3t500009740817E5A0d3s2
devfsadm[14290]: verbose: removing file: /dev/rdsk/c3t500009740817E5A0d3s3
devfsadm[14290]: verbose: removing file: /dev/rdsk/c3t500009740817E5A0d3s4
devfsadm[14290]: verbose: removing file: /dev/rdsk/c3t500009740817E5A0d3s5
devfsadm[14290]: verbose: removing file: /dev/rdsk/c3t500009740817E5A0d3s6
devfsadm[14290]: verbose: removing file: /dev/rdsk/c3t500009740817E5A0d3s7
devfsadm[14290]: verbose: removing file: /dev/rdsk/c3t500009740817E5A0d2s0
devfsadm[14290]: verbose: removing file: /dev/rdsk/c3t500009740817E5A0d2s1
devfsadm[14290]: verbose: removing file: /dev/rdsk/c3t500009740817E5A0d2s2
devfsadm[14290]: verbose: removing file: /dev/rdsk/c3t500009740817E5A0d2s3
devfsadm[14290]: verbose: removing file: /dev/rdsk/c3t500009740817E5A0d2s4
devfsadm[14290]: verbose: removing file: /dev/rdsk/c3t500009740817E5A0d2s5
devfsadm[14290]: verbose: removing file: /dev/rdsk/c3t500009740817E5A0d2s6
devfsadm[14290]: verbose: removing file: /dev/rdsk/c3t500009740817E5A0d2s7
devfsadm[14290]: verbose: removing file: /dev/rdsk/c3t500009740817E5A0d1s0
devfsadm[14290]: verbose: removing file: /dev/rdsk/c3t500009740817E5A0d1s1
devfsadm[14290]: verbose: removing file: /dev/rdsk/c3t500009740817E5A0d1s2
devfsadm[14290]: verbose: removing file: /dev/rdsk/c3t500009740817E5A0d1s3
devfsadm[14290]: verbose: removing file: /dev/rdsk/c3t500009740817E5A0d1s4
devfsadm[14290]: verbose: removing file: /dev/rdsk/c3t500009740817E5A0d1s5
devfsadm[14290]: verbose: removing file: /dev/rdsk/c3t500009740817E5A0d1s6
devfsadm[14290]: verbose: removing file: /dev/rdsk/c3t500009740817E5A0d1s7
devfsadm[14290]: verbose: removing file: /dev/rdsk/c3t500009740817E5A0d0s0
devfsadm[14290]: verbose: removing file: /dev/rdsk/c3t500009740817E5A0d0s1
devfsadm[14290]: verbose: removing file: /dev/rdsk/c3t500009740817E5A0d0s2
devfsadm[14290]: verbose: removing file: /dev/rdsk/c3t500009740817E5A0d0s3
devfsadm[14290]: verbose: removing file: /dev/rdsk/c3t500009740817E5A0d0s4
devfsadm[14290]: verbose: removing file: /dev/rdsk/c3t500009740817E5A0d0s5
devfsadm[14290]: verbose: removing file: /dev/rdsk/c3t500009740817E5A0d0s6
devfsadm[14290]: verbose: removing file: /dev/rdsk/c3t500009740817E5A0d0s7
devfsadm[14290]: verbose: removing file: /dev/rdsk/c4t500009740817E59Cd5s0
devfsadm[14290]: verbose: removing file: /dev/rdsk/c4t500009740817E59Cd5s1
devfsadm[14290]: verbose: removing file: /dev/rdsk/c4t500009740817E59Cd5s2
devfsadm[14290]: verbose: removing file: /dev/rdsk/c4t500009740817E59Cd5s3
devfsadm[14290]: verbose: removing file: /dev/rdsk/c4t500009740817E59Cd5s4
devfsadm[14290]: verbose: removing file: /dev/rdsk/c4t500009740817E59Cd5s5
devfsadm[14290]: verbose: removing file: /dev/rdsk/c4t500009740817E59Cd5s6
devfsadm[14290]: verbose: removing file: /dev/rdsk/c4t500009740817E59Cd5s7
devfsadm[14290]: verbose: removing file: /dev/rdsk/c4t500009740817E59Cd4s0
devfsadm[14290]: verbose: removing file: /dev/rdsk/c4t500009740817E59Cd4s1
devfsadm[14290]: verbose: removing file: /dev/rdsk/c4t500009740817E59Cd4s2
devfsadm[14290]: verbose: removing file: /dev/rdsk/c4t500009740817E59Cd4s3
devfsadm[14290]: verbose: removing file: /dev/rdsk/c4t500009740817E59Cd4s4
devfsadm[14290]: verbose: removing file: /dev/rdsk/c4t500009740817E59Cd4s5
devfsadm[14290]: verbose: removing file: /dev/rdsk/c4t500009740817E59Cd4s6
devfsadm[14290]: verbose: removing file: /dev/rdsk/c4t500009740817E59Cd4s7
devfsadm[14290]: verbose: removing file: /dev/rdsk/c4t500009740817E59Cd3s0
devfsadm[14290]: verbose: removing file: /dev/rdsk/c4t500009740817E59Cd3s1
devfsadm[14290]: verbose: removing file: /dev/rdsk/c4t500009740817E59Cd3s2
devfsadm[14290]: verbose: removing file: /dev/rdsk/c4t500009740817E59Cd3s3
devfsadm[14290]: verbose: removing file: /dev/rdsk/c4t500009740817E59Cd3s4
devfsadm[14290]: verbose: removing file: /dev/rdsk/c4t500009740817E59Cd3s5
devfsadm[14290]: verbose: removing file: /dev/rdsk/c4t500009740817E59Cd3s6
devfsadm[14290]: verbose: removing file: /dev/rdsk/c4t500009740817E59Cd3s7
devfsadm[14290]: verbose: removing file: /dev/rdsk/c4t500009740817E59Cd2s0
devfsadm[14290]: verbose: removing file: /dev/rdsk/c4t500009740817E59Cd2s1
devfsadm[14290]: verbose: removing file: /dev/rdsk/c4t500009740817E59Cd2s2
devfsadm[14290]: verbose: removing file: /dev/rdsk/c4t500009740817E59Cd2s3
devfsadm[14290]: verbose: removing file: /dev/rdsk/c4t500009740817E59Cd2s4
devfsadm[14290]: verbose: removing file: /dev/rdsk/c4t500009740817E59Cd2s5
devfsadm[14290]: verbose: removing file: /dev/rdsk/c4t500009740817E59Cd2s6
devfsadm[14290]: verbose: removing file: /dev/rdsk/c4t500009740817E59Cd2s7
devfsadm[14290]: verbose: removing file: /dev/rdsk/c4t500009740817E59Cd1s0
devfsadm[14290]: verbose: removing file: /dev/rdsk/c4t500009740817E59Cd1s1
devfsadm[14290]: verbose: removing file: /dev/rdsk/c4t500009740817E59Cd1s2
devfsadm[14290]: verbose: removing file: /dev/rdsk/c4t500009740817E59Cd1s3
devfsadm[14290]: verbose: removing file: /dev/rdsk/c4t500009740817E59Cd1s4
devfsadm[14290]: verbose: removing file: /dev/rdsk/c4t500009740817E59Cd1s5
devfsadm[14290]: verbose: removing file: /dev/rdsk/c4t500009740817E59Cd1s6
devfsadm[14290]: verbose: removing file: /dev/rdsk/c4t500009740817E59Cd1s7
devfsadm[14290]: verbose: removing file: /dev/rdsk/c4t500009740817E59Cd0s0
devfsadm[14290]: verbose: removing file: /dev/rdsk/c4t500009740817E59Cd0s1
devfsadm[14290]: verbose: removing file: /dev/rdsk/c4t500009740817E59Cd0s2
devfsadm[14290]: verbose: removing file: /dev/rdsk/c4t500009740817E59Cd0s3
devfsadm[14290]: verbose: removing file: /dev/rdsk/c4t500009740817E59Cd0s4
devfsadm[14290]: verbose: removing file: /dev/rdsk/c4t500009740817E59Cd0s5
devfsadm[14290]: verbose: removing file: /dev/rdsk/c4t500009740817E59Cd0s6
devfsadm[14290]: verbose: removing file: /dev/rdsk/c4t500009740817E59Cd0s7
devfsadm[14290]: verbose: removing file: /dev/rdsk/c4t500009740817E59Cd6s7
devfsadm[14290]: verbose: removing file: /dev/rdsk/c4t500009740817E59Cd8s7
devfsadm[14290]: verbose: removing file: /dev/rdsk/c3t500009740817E5A0d8s0
devfsadm[14290]: verbose: removing file: /dev/rdsk/c3t500009740817E5A0d8s1
devfsadm[14290]: verbose: removing file: /dev/rdsk/c3t500009740817E5A0d8s2
devfsadm[14290]: verbose: removing file: /dev/rdsk/c3t500009740817E5A0d8s3
devfsadm[14290]: verbose: removing file: /dev/rdsk/c3t500009740817E5A0d8s4
devfsadm[14290]: verbose: removing file: /dev/rdsk/c3t500009740817E5A0d8s5
devfsadm[14290]: verbose: removing file: /dev/rdsk/c3t500009740817E5A0d8s6
devfsadm[14290]: verbose: removing file: /dev/rdsk/c3t500009740817E5A0d8s7
devfsadm[14290]: verbose: removing file: /dev/rdsk/c3t500009740817E5A0d6s0
devfsadm[14290]: verbose: removing file: /dev/rdsk/c3t500009740817E5A0d6s1
devfsadm[14290]: verbose: removing file: /dev/rdsk/c3t500009740817E5A0d6s2
devfsadm[14290]: verbose: removing file: /dev/rdsk/c3t500009740817E5A0d6s3
devfsadm[14290]: verbose: removing file: /dev/rdsk/c3t500009740817E5A0d6s4
devfsadm[14290]: verbose: removing file: /dev/rdsk/c3t500009740817E5A0d6s5
devfsadm[14290]: verbose: removing file: /dev/rdsk/c3t500009740817E5A0d6s6
devfsadm[14290]: verbose: removing file: /dev/rdsk/c3t500009740817E5A0d6s7
devfsadm[14290]: verbose: removing file: /dev/rdsk/c4t500009740817E59Cd8s0
devfsadm[14290]: verbose: removing file: /dev/rdsk/c4t500009740817E59Cd8s1
devfsadm[14290]: verbose: removing file: /dev/rdsk/c4t500009740817E59Cd8s2
devfsadm[14290]: verbose: removing file: /dev/rdsk/c4t500009740817E59Cd8s3
devfsadm[14290]: verbose: removing file: /dev/rdsk/c4t500009740817E59Cd8s4
devfsadm[14290]: verbose: removing file: /dev/rdsk/c4t500009740817E59Cd8s5
devfsadm[14290]: verbose: removing file: /dev/rdsk/c4t500009740817E59Cd8s6
devfsadm[14290]: verbose: removing file: /dev/rdsk/c4t500009740817E59Cd6s0
devfsadm[14290]: verbose: removing file: /dev/rdsk/c4t500009740817E59Cd6s1
devfsadm[14290]: verbose: removing file: /dev/rdsk/c4t500009740817E59Cd6s2
devfsadm[14290]: verbose: removing file: /dev/rdsk/c4t500009740817E59Cd6s3
devfsadm[14290]: verbose: removing file: /dev/rdsk/c4t500009740817E59Cd6s4
devfsadm[14290]: verbose: removing file: /dev/rdsk/c4t500009740817E59Cd6s5
devfsadm[14290]: verbose: removing file: /dev/rdsk/c4t500009740817E59Cd6s6
N0.SB2                         CPU_V3       connected    configured   ok
N0.SB2::cpu0                   cpu          connected    configured   ok
N0.SB2::cpu1                   cpu          connected    configured   ok
N0.SB2::cpu2                   cpu          connected    configured   ok
N0.SB2::cpu3                   cpu          connected    configured   ok
N0.SB2::memory                 memory       connected    configured   ok
N0.SB4                         CPU_V3       connected    configured   ok
N0.SB4::cpu0                   cpu          connected    configured   ok
N0.SB4::cpu1                   cpu          connected    configured   ok
N0.SB4::cpu2                   cpu          connected    configured   ok
N0.SB4::cpu3                   cpu          connected    configured   ok
N0.SB4::memory                 memory       connected    configured   ok
c1                             scsi-bus     connected    configured   unknown
c1::dsk/c1t0d0                 disk         connected    configured   unknown
c1::dsk/c1t1d0                 disk         connected    configured   unknown
c2                             scsi-bus     connected    unconfigured unknown
c3                             fc-fabric    connected    configured   unknown
c3::500009740817e5a0           disk         connected    configured   unknown
c4                             fc-fabric    connected    configured   unknown
c4::500009740817e59c           disk         connected    configured   unknown
bash-3.2# /usr/sbin/vxdmpadm getsubpaths ctlr=c1
NAME         STATE[A]   PATH-TYPE[M] DMPNODENAME  ENCLR-TYPE   ENCLR-NAME   ATTRS
================================================================================
c1t0d0s2     ENABLED(A)   -          c1t0d0s2     Disk         disk           -
c1t1d0s2     ENABLED(A)   -          c1t1d0s2     Disk         disk           -
bash-3.2# format 
Searching for disks...done


AVAILABLE DISK SELECTIONS:
       0. c1t0d0 <SUN146G cyl 14087 alt 2 hd 24 sec 848>
          /ssm@0,0/pci@18,700000/scsi@2/sd@0,0
       1. c1t1d0 <SUN146G cyl 14087 alt 2 hd 24 sec 848>
          /ssm@0,0/pci@18,700000/scsi@2/sd@1,0
       2. c3t500009740817E5A0d7 <EMC-SYMMETRIX-5874 cyl 36822 alt 2 hd 15 sec 128>
          /ssm@0,0/pci@18,600000/fibre-channel@1/fp@0,0/ssd@w500009740817e5a0,7
       3. c4t500009740817E59Cd7 <EMC-SYMMETRIX-5874 cyl 36822 alt 2 hd 15 sec 128>
          /ssm@0,0/pci@18,600000/fibre-channel@2/fp@0,0/ssd@w500009740817e59c,7
       4. emcpower12a <EMC-SYMMETRIX-5874 cyl 36822 alt 2 hd 15 sec 128>
          /pseudo/emcp@12
Specify disk (enter its number): 1
selecting c1t1d0
[disk formatted]


FORMAT MENU:
        disk       - select a disk
        type       - select (define) a disk type
        partition  - select (define) a partition table
        current    - describe the current disk
        format     - format and analyze the disk
        repair     - repair a defective sector
        label      - write label to the disk
        analyze    - surface analysis
        defect     - defect list management
        backup     - search for backup labels
        verify     - read and display labels
        save       - save new disk/partition definitions
        inquiry    - show vendor, product and revision
        volname    - set 8-character volume name
        !<cmd>     - execute <cmd>, then return
        quit
format> l
Ready to label disk, continue? y

format> q
bash-3.2# prtvtoc /dev/rdsk/c1t0d0s2| fmthard -s - /dev/rdsk/c1t1d0s2
fmthard:  New volume table of contents now in place.
bash-3.2# metadb 
        flags           first blk       block count
     a m  p  luo        16              8192            /dev/dsk/c1t0d0s7
     a    p  luo        8208            8192            /dev/dsk/c1t0d0s7
     a    p  luo        16400           8192            /dev/dsk/c1t0d0s7
bash-3.2# metadb -afc 3 c1t1d0s7
bash-3.2# metadb 
        flags           first blk       block count
     a m  p  luo        16              8192            /dev/dsk/c1t0d0s7
     a    p  luo        8208            8192            /dev/dsk/c1t0d0s7
     a    p  luo        16400           8192            /dev/dsk/c1t0d0s7
     a        u         16              8192            /dev/dsk/c1t1d0s7
     a        u         8208            8192            /dev/dsk/c1t1d0s7
     a        u         16400           8192            /dev/dsk/c1t1d0s7
bash-3.2# metastat -p
d1 -m d11 1
d11 1 1 c1t0d0s1
d0 -m d10 1
d10 1 1 c1t0d0s0
bash-3.2# metainit d20 1 1 c1t1d0s0
bash-3.2# df -h 
Filesystem             size   used  avail capacity  Mounted on
/dev/md/dsk/d0         103G    83G    19G    82%    /
/devices                 0K     0K     0K     0%    /devices
ctfs                     0K     0K     0K     0%    /system/contract
proc                     0K     0K     0K     0%    /proc
mnttab                   0K     0K     0K     0%    /etc/mnttab
swap                    67G   1.5M    67G     1%    /etc/svc/volatile
objfs                    0K     0K     0K     0%    /system/object
sharefs                  0K     0K     0K     0%    /etc/dfs/sharetab
/platform/sun4u-us3/lib/libc_psr/libc_psr_hwcap1.so.1
                       103G    83G    19G    82%    /platform/sun4u-us3/lib/libc_psr.so.1
/platform/sun4u-us3/lib/sparcv9/libc_psr/libc_psr_hwcap1.so.1
                       103G    83G    19G    82%    /platform/sun4u-us3/lib/sparcv9/libc_psr.so.1
fd                       0K     0K     0K     0%    /dev/fd
swap                    16G   1.4M    16G     1%    /tmp
swap                    67G    96K    67G     1%    /var/run
swap                    67G     0K    67G     0%    /dev/vx/dmp
swap                    67G     0K    67G     0%    /dev/vx/rdmp
/opt                   103G    83G    19G    82%    /export/opt
bash-3.2# clear 

d21: Submirror of d1
    State: Resyncing    
    Size: 67120896 blocks (32 GB)
    Stripe 0:
        Device     Start Block  Dbase        State Reloc Hot Spare
        c1t1d0s1          0     No            Okay   Yes 


d0: Mirror
    Submirror 0: d10
      State: Okay         
    Submirror 1: d20
      State: Resyncing    
    Resync in progress: 0 % done
    Pass: 1
    Read option: roundrobin (default)
    Write option: parallel (default)
    Size: 219496320 blocks (104 GB)

d10: Submirror of d0
    State: Okay         
    Size: 219496320 blocks (104 GB)
    Stripe 0:
        Device     Start Block  Dbase        State Reloc Hot Spare
        c1t0d0s0          0     No            Okay   Yes 


d20: Submirror of d0
    State: Resyncing    
    Size: 219496320 blocks (104 GB)
    Stripe 0:
        Device     Start Block  Dbase        State Reloc Hot Spare
        c1t1d0s0          0     No            Okay   Yes 


Device Relocation Information:
Device   Reloc  Device ID
c1t1d0   Yes    id1,sd@TSEAGATE_ST314670LSUN146G3KS1ES16
c1t0d0   Yes    id1,sd@SFUJITSU_MAT3147N_SUN146G000533C0555R____AAC0P580555R
bash-3.2# exit
# $ id
uid=1010527312(rb27312) gid=2000053893(csj-icg-ti)
$ metastat      ^H^C
$ bash
bash-3.2$ metastat | grep sync
      State: Resyncing    
    Resync in progress: 0 % done
    State: Resyncing    
      State: Resyncing    
    Resync in progress: 0 % done
    State: Resyncing    
bash-3.2$ metastat | grep sync
      State: Resyncing    
    Resync in progress: 13 % done
    State: Resyncing    
      State: Resyncing    
    Resync in progress: 3 % done
    State: Resyncing    
bash-3.2$ metastat | grep sync
      State: Resyncing    
    Resync in progress: 13 % done
    State: Resyncing    
      State: Resyncing    
    Resync in progress: 3 % done
    State: Resyncing    
bash-3.2$ 
<<< Log from tktpsfigz1 ended March 28, 2015, 13:33:14 >>>
